172.68.174.116 - - [19/Feb/2018:15:09:14 -0500] "GET /2008/04/27/edgar-ramirez-recomienda-caracas-en-travelleisure/amp HTTP/1.0" 404 1291 "-" "Mozilla/5.0 (compatible; Googlebot/2.1; +http://www.google.com/bot.html)"
172.68.65.220 - - [19/Feb/2018:15:09:17 -0500] "GET /tag/peru/ HTTP/1.0" 404 1291 "-" "Mozilla/5.0 (compatible; SemrushBot/1.2~bl; +http://www.semrush.com/bot.html)"
172.68.65.190 - - [19/Feb/2018:15:09:27 -0500] "GET /2016/08/04/american-airlines-cumple-29-anos-en-venezuela/ HTTP/1.0" 404 2673 "-" "Mozilla/5.0 (compatible; SemrushBot/1.2~bl; +http://www.semrush.com/bot.html)"
172.68.65.94 - - [19/Feb/2018:15:09:45 -0500] "GET /tag/gobierno/ HTTP/1.0" 404 1291 "-" "Mozilla/5.0 (compatible; SemrushBot/1.2~bl; +http://www.semrush.com/bot.html)"
162.158.79.147 - - [19/Feb/2018:15:09:57 -0500] "GET /2015/02/04/pasajes-conferry-listado-de-tarifas-actualizadas/?replytocom=192029 HTTP/1.0" 404 1291 "-" "Mozilla/5.0 (compatible; SemrushBot/1.2~bl; +http://www.semrush.com/bot.html)"
172.68.46.183 - - [19/Feb/2018:15:10:05 -0500] "GET / HTTP/1.0" 200 509 "-" "Mozilla/5.0 (Windows NT 6.1; WOW64; rv:2.0.1) Gecko/20100101 Firefox/4.0.1"
172.68.65.28 - - [19/Feb/2018:15:10:16 -0500] "GET /tag/deportes/page/2/ HTTP/1.0" 404 1291 "-" "Mozilla/5.0 (compatible; SemrushBot/1.2~bl; +http://www.semrush.com/bot.html)"
162.158.78.20 - - [19/Feb/2018:15:10:45 -0500] "GET /2016/08/07/compras-bass-pro-shops-para-los-amantes-de-la-pesca-caza-y-backpaking/?replytocom=44989 HTTP/1.0" 404 1291 "-" "Mozilla/5.0 (compatible; SemrushBot/1.2~bl; +http://www.semrush.com/bot.html)"
162.158.78.140 - - [19/Feb/2018:15:11:09 -0500] "GET /tag/clases/ HTTP/1.0" 404 1291 "-" "Mozilla/5.0 (compatible; SemrushBot/1.2~bl; +http://www.semrush.com/bot.html)"
172.68.65.220 - - [19/Feb/2018:15:11:10 -0500] "GET /2012/06/13/cartagena-entre-las-mejores-ciudades-para-hombres-del-2012/ HTTP/1.0" 404 1291 "-" "Mozilla/5.0 (compatible; SemrushBot/1.2~bl; +http://www.semrush.com/bot.html)"
162.158.78.98 - - [19/Feb/2018:15:11:31 -0500] "GET /tag/germanwings/ HTTP/1.0" 404 1291 "-" "Mozilla/5.0 (compatible; SemrushBot/1.2~bl; +http://www.semrush.com/bot.html)"
172.68.65.28 - - [19/Feb/2018:15:11:49 -0500] "GET /2006/10/09/diez-boeing-747-8-freighters-compra-emirates-skycargo/ HTTP/1.0" 404 1291 "-" "Mozilla/5.0 (compatible; SemrushBot/1.2~bl; +http://www.semrush.com/bot.html)"
172.68.65.82 - - [19/Feb/2018:15:12:04 -0500] "GET /2009/12/24/lan-encarga-30-aviones-airbus-a320/ HTTP/1.0" 404 1291 "-" "Mozilla/5.0 (compatible; SemrushBot/1.2~bl; +http://www.semrush.com/bot.html)"
172.69.62.164 - - [19/Feb/2018:15:12:28 -0500] "GET /2005/08/25/fotos-aviones-conviasa/ HTTP/1.0" 404 1291 "-" "Mozilla/5.0 (compatible; SemrushBot/1.2~bl; +http://www.semrush.com/bot.html)"
172.68.174.74 - - [19/Feb/2018:15:12:36 -0500] "GET /2005/08/23/md-80-un-avion-con-varios-accidentes/page/659/ HTTP/1.0" 404 1291 "-" "Mozilla/5.0 (compatible; Googlebot/2.1; +http://www.google.com/bot.html)"
172.68.65.28 - - [19/Feb/2018:15:12:47 -0500] "GET /2009/08/12/video-los-papeles-que-hacen-volar-a-los-aviones/ HTTP/1.0" 404 1291 "-" "Mozilla/5.0 (compatible; SemrushBot/1.2~bl; +http://www.semrush.com/bot.html)"
172.68.65.82 - - [19/Feb/2018:15:12:58 -0500] "GET /seccion/lima/?filter_by=popular HTTP/1.0" 404 1291 "-" "Mozilla/5.0 (compatible; SemrushBot/1.2~bl; +http://www.semrush.com/bot.html)"
172.68.65.220 - - [19/Feb/2018:15:13:25 -0500] "GET /tag/ryanair/ HTTP/1.0" 404 1291 "-" "Mozilla/5.0 (compatible; SemrushBot/1.2~bl; +http://www.semrush.com/bot.html)"
172.69.62.74 - - [19/Feb/2018:15:13:35 -0500] "GET /seccion/euro-2008/ HTTP/1.0" 404 1291 "-" "Mozilla/5.0 (compatible; SemrushBot/1.2~bl; +http://www.semrush.com/bot.html)"
162.158.78.56 - - [19/Feb/2018:15:13:59 -0500] "GET /2013/05/03/la-orchila-y-la-tortuga-seran-destinos-ecoturisticos-de-lujo/ HTTP/1.0" 404 1291 "-" "Mozilla/5.0 (compatible; SemrushBot/1.2~bl; +http://www.semrush.com/bot.html)"
172.68.174.38 - - [19/Feb/2018:15:14:10 -0500] "GET /2007/11/24/spirit-airlines-inicia-vuelos-a-colombia-a-bajo-costo/comment-page-4/ HTTP/1.0" 404 1291 "-" "Mozilla/5.0 (compatible; Googlebot/2.1; +http://www.google.com/bot.html)"
162.158.78.56 - - [19/Feb/2018:15:14:11 -0500] "GET /2009/01/12/linea-aerea-venezolana-tarifas-promocionales/ HTTP/1.0" 404 1291 "-" "Mozilla/5.0 (compatible; SemrushBot/1.2~bl; +http://www.semrush.com/bot.html)"
162.158.78.56 - - [19/Feb/2018:15:14:38 -0500] "GET /2014/07/23/masdar-la-primera-ciudad-sin-petroleo/ HTTP/1.0" 404 2673 "-" "Mozilla/5.0 (compatible; SemrushBot/1.2~bl; +http://www.semrush.com/bot.html)"
162.158.78.20 - - [19/Feb/2018:15:14:58 -0500] "GET /tag/cena/page/3/ HTTP/1.0" 404 1291 "-" "Mozilla/5.0 (compatible; SemrushBot/1.2~bl; +http://www.semrush.com/bot.html)"
172.69.62.74 - - [19/Feb/2018:15:15:05 -0500] "GET /2004/09/30/trafico-mundial-pasajeros-crecio-un-187-por-ciento-segun-iata/ HTTP/1.0" 404 1291 "-" "Mozilla/5.0 (compatible; SemrushBot/1.2~bl; +http://www.semrush.com/bot.html)"
172.69.62.104 - - [19/Feb/2018:15:15:35 -0500] "GET /2014/01/10/air-europa-restringe-la-venta-de-boletos-a-venezuela/ HTTP/1.0" 404 1291 "-" "Mozilla/5.0 (compatible; SemrushBot/1.2~bl; +http://www.semrush.com/bot.html)"
162.158.78.56 - - [19/Feb/2018:15:15:46 -0500] "GET /tag/premium-economy/ HTTP/1.0" 404 1291 "-" "Mozilla/5.0 (compatible; SemrushBot/1.2~bl; +http://www.semrush.com/bot.html)"
172.68.174.8 - - [19/Feb/2018:15:15:49 -0500] "GET /2005/01/05/gol-lineas-aereas-inteligentes-inicia-vuelo-entre-buenos-aires-y-porto-alegre-con-tarifa-de-us60/page/676/ HTTP/1.0" 404 1291 "-" "Mozilla/5.0 (compatible; Googlebot/2.1; +http://www.google.com/bot.html)"
172.68.65.82 - - [19/Feb/2018:15:15:59 -0500] "GET /tag/turista/ HTTP/1.0" 404 1291 "-" "Mozilla/5.0 (compatible; SemrushBot/1.2~bl; +http://www.semrush.com/bot.html)"
162.158.79.147 - - [19/Feb/2018:15:16:21 -0500] "GET /2007/02/25/hotel-babilonia/ HTTP/1.0" 404 1291 "-" "Mozilla/5.0 (compatible; SemrushBot/1.2~bl; +http://www.semrush.com/bot.html)"
172.69.62.104 - - [19/Feb/2018:15:16:41 -0500] "GET /2008/09/09/tsa-no-reconoce-seguridad-en-aeropuertos-de-venezuela/ HTTP/1.0" 404 1291 "-" "Mozilla/5.0 (compatible; SemrushBot/1.2~bl; +http://www.semrush.com/bot.html)"
172.68.65.94 - - [19/Feb/2018:15:17:06 -0500] "GET /tag/entrada-a-estados-unidos/ HTTP/1.0" 404 1291 "-" "Mozilla/5.0 (compatible; SemrushBot/1.2~bl; +http://www.semrush.com/bot.html)"
172.68.65.28 - - [19/Feb/2018:15:17:17 -0500] "GET /tag/hoteles/page/2/ HTTP/1.0" 404 1291 "-" "Mozilla/5.0 (compatible; SemrushBot/1.2~bl; +http://www.semrush.com/bot.html)"
172.68.174.8 - - [19/Feb/2018:15:17:27 -0500] "GET /2005/05/12/fotos-boeing-737-500-photo-gallery/amp/ HTTP/1.0" 404 1291 "-" "Mozilla/5.0 (compatible; Googlebot/2.1; +http://www.google.com/bot.html)"
172.69.62.74 - - [19/Feb/2018:15:17:29 -0500] "GET /seccion/panama/?filter_by=popular7 HTTP/1.0" 404 1291 "-" "Mozilla/5.0 (compatible; SemrushBot/1.2~bl; +http://www.semrush.com/bot.html)"
172.69.62.164 - - [19/Feb/2018:15:17:48 -0500] "GET /2012/09/06/feria-internacional-de-barquisimeto-festejara-460-anos-de-su-fundacion/ HTTP/1.0" 404 1291 "-" "Mozilla/5.0 (compatible; SemrushBot/1.2~bl; +http://www.semrush.com/bot.html)"
172.69.62.104 - - [19/Feb/2018:15:18:13 -0500] "GET /tag/hoteles-en-venezuela/ HTTP/1.0" 404 1291 "-" "Mozilla/5.0 (compatible; SemrushBot/1.2~bl; +http://www.semrush.com/bot.html)"
172.69.62.104 - - [19/Feb/2018:15:18:33 -0500] "GET /tag/pesca/ HTTP/1.0" 404 1291 "-" "Mozilla/5.0 (compatible; SemrushBot/1.2~bl; +http://www.semrush.com/bot.html)"
172.68.65.220 - - [19/Feb/2018:15:18:53 -0500] "GET /tag/brasil/ HTTP/1.0" 404 1291 "-" "Mozilla/5.0 (compatible; SemrushBot/1.2~bl; +http://www.semrush.com/bot.html)"
172.68.174.50 - - [19/Feb/2018:15:19:06 -0500] "GET /2008/09/05/hoteles-en-valencia-lidotel-valencia-hotel-boutique?nonamp=1 HTTP/1.0" 404 1291 "-" "Mozilla/5.0 (compatible; Googlebot/2.1; +http://www.google.com/bot.html)"
162.158.78.140 - - [19/Feb/2018:15:19:25 -0500] "GET /tag/dominica/page/5/ HTTP/1.0" 404 1291 "-" "Mozilla/5.0 (compatible; SemrushBot/1.2~bl; +http://www.semrush.com/bot.html)"
162.158.78.140 - - [19/Feb/2018:15:19:38 -0500] "GET /tag/tenerife/ HTTP/1.0" 404 1291 "-" "Mozilla/5.0 (compatible; SemrushBot/1.2~bl; +http://www.semrush.com/bot.html)"
172.69.62.104 - - [19/Feb/2018:15:19:51 -0500] "GET /2013/01/30/canada-cerro-su-seccion-de-visas-e-inmigracion-venezuela/ HTTP/1.0" 404 2673 "-" "Mozilla/5.0 (compatible; SemrushBot/1.2~bl; +http://www.semrush.com/bot.html)"
172.68.65.112 - - [19/Feb/2018:15:20:05 -0500] "GET /tag/ft-lauderdale/ HTTP/1.0" 404 1291 "-" "Mozilla/5.0 (compatible; SemrushBot/1.2~bl; +http://www.semrush.com/bot.html)"
172.68.65.82 - - [19/Feb/2018:15:20:13 -0500] "GET /2011/02/13/ryanair-vacila-de-los-jovenes-belgas/ HTTP/1.0" 404 1291 "-" "Mozilla/5.0 (compatible; SemrushBot/1.2~bl; +http://www.semrush.com/bot.html)"
172.68.65.28 - - [19/Feb/2018:15:20:31 -0500] "GET /seccion/galeria/aviones/page/2/ HTTP/1.0" 404 1291 "-" "Mozilla/5.0 (compatible; SemrushBot/1.2~bl; +http://www.semrush.com/bot.html)"
172.68.174.62 - - [19/Feb/2018:15:20:45 -0500] "GET /2008/07/18/aeromoza-gana-viaje-al-espacio/?nonamp=1 HTTP/1.0" 404 1291 "-" "Mozilla/5.0 (compatible; Googlebot/2.1; +http://www.google.com/bot.html)"
162.158.78.98 - - [19/Feb/2018:15:20:56 -0500] "GET /seccion/hummer/ HTTP/1.0" 404 1291 "-" "Mozilla/5.0 (compatible; SemrushBot/1.2~bl; +http://www.semrush.com/bot.html)"
172.69.62.104 - - [19/Feb/2018:15:21:18 -0500] "GET /2015/02/04/pasajes-conferry-listado-de-tarifas-actualizadas/?replytocom=167343 HTTP/1.0" 404 1291 "-" "Mozilla/5.0 (compatible; SemrushBot/1.2~bl; +http://www.semrush.com/bot.html)"
172.68.65.82 - - [19/Feb/2018:15:21:38 -0500] "GET /2009/05/01/como-obtener-un-mejor-asiento-en-clase-economica/ HTTP/1.0" 404 1291 "-" "Mozilla/5.0 (compatible; SemrushBot/1.2~bl; +http://www.semrush.com/bot.html)"
172.68.65.220 - - [19/Feb/2018:15:21:54 -0500] "GET /seccion/google/ HTTP/1.0" 404 1291 "-" "Mozilla/5.0 (compatible; SemrushBot/1.2~bl; +http://www.semrush.com/bot.html)"
172.69.62.164 - - [19/Feb/2018:15:22:08 -0500] "GET /2014/09/01/el-central-perk-de-friends-abrira-por-un-mes-en-new-york/ HTTP/1.0" 404 1291 "-" "Mozilla/5.0 (compatible; SemrushBot/1.2~bl; +http://www.semrush.com/bot.html)"
172.68.174.98 - - [19/Feb/2018:15:22:23 -0500] "GET /2008/09/04/calendario-playero-2009-casting/amp/ HTTP/1.0" 404 1291 "-" "Mozilla/5.0 (compatible; Googlebot/2.1; +http://www.google.com/bot.html)"
172.69.62.74 - - [19/Feb/2018:15:22:25 -0500] "GET /2004/09/26/guerra-de-ofertas-rebaja-las-tarifas-aereas/ HTTP/1.0" 404 1291 "-" "Mozilla/5.0 (compatible; SemrushBot/1.2~bl; +http://www.semrush.com/bot.html)"
162.158.79.147 - - [19/Feb/2018:15:22:44 -0500] "GET /tag/continental/ HTTP/1.0" 404 1291 "-" "Mozilla/5.0 (compatible; SemrushBot/1.2~bl; +http://www.semrush.com/bot.html)"
172.68.174.38 - - [19/Feb/2018:15:23:07 -0500] "GET /2006/01/09/santa-barbara-airlines-anuncia-nuevos-horarios-en-sus-vuelos-a-miami/ HTTP/1.0" 404 1291 "-" "Mozilla/5.0 (compatible; Googlebot/2.1; +http://www.google.com/bot.html)"
172.68.65.112 - - [19/Feb/2018:15:23:08 -0500] "GET /2006/10/06/primer-avion-a380-para-lufthansa-llegara-con-un-ano-de-retraso/ HTTP/1.0" 404 1291 "-" "Mozilla/5.0 (compatible; SemrushBot/1.2~bl; +http://www.semrush.com/bot.html)"
172.68.65.28 - - [19/Feb/2018:15:23:22 -0500] "GET /tag/aeropuerto/ HTTP/1.0" 404 1291 "-" "Mozilla/5.0 (compatible; SemrushBot/1.2~bl; +http://www.semrush.com/bot.html)"
172.68.65.28 - - [19/Feb/2018:15:23:40 -0500] "GET /tag/business/page/3/ HTTP/1.0" 404 1291 "-" "Mozilla/5.0 (compatible; SemrushBot/1.2~bl; +http://www.semrush.com/bot.html)"
172.68.174.110 - - [19/Feb/2018:15:24:04 -0500] "GET /2008/01/14/mc-plane?nonamp=1 HTTP/1.0" 404 1291 "-" "Mozilla/5.0 (compatible; Googlebot/2.1; +http://www.google.com/bot.html)"
172.68.65.190 - - [19/Feb/2018:15:24:14 -0500] "GET /2015/02/04/pasajes-conferry-listado-de-tarifas-actualizadas/?replytocom=189971 HTTP/1.0" 404 1291 "-" "Mozilla/5.0 (compatible; SemrushBot/1.2~bl; +http://www.semrush.com/bot.html)"
162.158.146.56 - - [19/Feb/2018:15:24:19 -0500] "GET /tag/academia-diners-club/ HTTP/1.0" 404 1291 "-" "Mozilla/5.0 (compatible; bingbot/2.0; +http://www.bing.com/bingbot.htm)"
172.68.65.94 - - [19/Feb/2018:15:24:24 -0500] "GET /2016/08/07/compras-bass-pro-shops-para-los-amantes-de-la-pesca-caza-y-backpaking/?replytocom=21284 HTTP/1.0" 404 1291 "-" "Mozilla/5.0 (compatible; SemrushBot/1.2~bl; +http://www.semrush.com/bot.html)"
172.69.62.104 - - [19/Feb/2018:15:24:34 -0500] "GET /2011/03/31/replica-de-the-london-eye-para-las-vegas/ HTTP/1.0" 404 1291 "-" "Mozilla/5.0 (compatible; SemrushBot/1.2~bl; +http://www.semrush.com/bot.html)"
172.68.65.112 - - [19/Feb/2018:15:24:58 -0500] "GET /seccion/destinos/colombia/?filter_by=popular7 HTTP/1.0" 404 2673 "-" "Mozilla/5.0 (compatible; SemrushBot/1.2~bl; +http://www.semrush.com/bot.html)"
172.68.65.190 - - [19/Feb/2018:15:25:11 -0500] "GET /seccion/inmigracion/ HTTP/1.0" 404 1291 "-" "Mozilla/5.0 (compatible; SemrushBot/1.2~bl; +http://www.semrush.com/bot.html)"
172.68.65.112 - - [19/Feb/2018:15:25:32 -0500] "GET /tag/lollapalooza/ HTTP/1.0" 404 1291 "-" "Mozilla/5.0 (compatible; SemrushBot/1.2~bl; +http://www.semrush.com/bot.html)"
172.68.174.68 - - [19/Feb/2018:15:25:40 -0500] "GET /2005/03/30/lufthansa-con-ganancias-resultados-financieros-favorables-para-la-linea-alemana?nonamp=1 HTTP/1.0" 404 1291 "-" "Mozilla/5.0 (compatible; Googlebot/2.1; +http://www.google.com/bot.html)"
172.68.65.220 - - [19/Feb/2018:15:25:44 -0500] "GET /seccion/humor/ HTTP/1.0" 404 1291 "-" "Mozilla/5.0 (compatible; SemrushBot/1.2~bl; +http://www.semrush.com/bot.html)"
172.68.65.28 - - [19/Feb/2018:15:26:04 -0500] "GET /2013/11/07/cuba-recupera-las-playas-del-litoral-norte/ HTTP/1.0" 404 1291 "-" "Mozilla/5.0 (compatible; SemrushBot/1.2~bl; +http://www.semrush.com/bot.html)"
172.68.65.112 - - [19/Feb/2018:15:26:26 -0500] "GET /2009/01/13/museo-del-prado-en-super-alta-resolucion/ HTTP/1.0" 404 1291 "-" "Mozilla/5.0 (compatible; SemrushBot/1.2~bl; +http://www.semrush.com/bot.html)"
172.68.65.112 - - [19/Feb/2018:15:26:41 -0500] "GET /2015/02/04/pasajes-conferry-listado-de-tarifas-actualizadas/ HTTP/1.0" 404 1291 "-" "Mozilla/5.0 (compatible; SemrushBot/1.2~bl; +http://www.semrush.com/bot.html)"
172.69.62.98 - - [19/Feb/2018:15:26:56 -0500] "GET /tag/vuelo/ HTTP/1.0" 404 1291 "-" "Mozilla/5.0 (compatible; SemrushBot/1.2~bl; +http://www.semrush.com/bot.html)"
162.158.78.98 - - [19/Feb/2018:15:27:10 -0500] "GET /tag/paseo-el-hatillo/ HTTP/1.0" 404 1291 "-" "Mozilla/5.0 (compatible; SemrushBot/1.2~bl; +http://www.semrush.com/bot.html)"
172.68.174.38 - - [19/Feb/2018:15:27:25 -0500] "GET /2008/05/30/fotos-en-360%C2%BA-tours-virtuales-para-hoteles-y-servicios-turisticos/amp HTTP/1.0" 404 1291 "-" "Mozilla/5.0 (compatible; Googlebot/2.1; +http://www.google.com/bot.html)"
172.68.65.220 - - [19/Feb/2018:15:27:36 -0500] "GET /2015/08/11/la-importancia-de-los-amenities-en-los-hoteles/ HTTP/1.0" 404 1291 "-" "Mozilla/5.0 (compatible; SemrushBot/1.2~bl; +http://www.semrush.com/bot.html)"
198.41.230.230 - - [19/Feb/2018:15:27:40 -0500] "GET /wp-content/uploads/aruba.jpg HTTP/1.0" 404 1291 "http://www.insuranceloansonline.com/posts/turismo/33/5-asombrosos-lugares-para-visitar-en-Aruba.html" "Mozilla/5.0 (Windows NT 6.1; Win64; x64) AppleWebKit/537.36 (KHTML, like Gecko) Chrome/63.0.3239.108 Safari/537.36"
172.68.65.112 - - [19/Feb/2018:15:27:59 -0500] "GET /tag/mexico/ HTTP/1.0" 404 1291 "-" "Mozilla/5.0 (compatible; SemrushBot/1.2~bl; +http://www.semrush.com/bot.html)"
172.68.65.82 - - [19/Feb/2018:15:28:07 -0500] "GET /seccion/galeria/fotos-de-eventos/ HTTP/1.0" 404 1291 "-" "Mozilla/5.0 (compatible; SemrushBot/1.2~bl; +http://www.semrush.com/bot.html)"
162.158.79.147 - - [19/Feb/2018:15:28:22 -0500] "GET /seccion/low-cost/?filter_by=review_high HTTP/1.0" 404 1291 "-" "Mozilla/5.0 (compatible; SemrushBot/1.2~bl; +http://www.semrush.com/bot.html)"
162.158.78.98 - - [19/Feb/2018:15:28:40 -0500] "GET /2015/02/04/pasajes-conferry-listado-de-tarifas-actualizadas/?replytocom=190420 HTTP/1.0" 404 1291 "-" "Mozilla/5.0 (compatible; SemrushBot/1.2~bl; +http://www.semrush.com/bot.html)"
172.68.65.82 - - [19/Feb/2018:15:28:42 -0500] "GET /seccion/galeria/fotos-de-eventos/ HTTP/1.0" 404 1291 "-" "Mozilla/5.0 (compatible; SemrushBot/1.2~bl; +http://www.semrush.com/bot.html)"
172.68.174.20 - - [19/Feb/2018:15:28:58 -0500] "GET /2008/09/08/linea-aerea-conviasa-compra-7-aviones?nonamp=1 HTTP/1.0" 404 1291 "-" "Mozilla/5.0 (compatible; Googlebot/2.1; +http://www.google.com/bot.html)"
162.158.78.20 - - [19/Feb/2018:15:29:05 -0500] "GET /tag/fort-laudedale/ HTTP/1.0" 404 1291 "-" "Mozilla/5.0 (compatible; SemrushBot/1.2~bl; +http://www.semrush.com/bot.html)"
162.158.78.56 - - [19/Feb/2018:15:29:16 -0500] "GET /2009/11/20/descubre-la-patagonia-argentina-tierra-de-maravillas/ HTTP/1.0" 404 1291 "-" "Mozilla/5.0 (compatible; SemrushBot/1.2~bl; +http://www.semrush.com/bot.html)"
162.158.146.128 - - [19/Feb/2018:15:29:31 -0500] "GET /2015/08/03/copa-airlines-inicia-vuelos-directos-a-villahermosa-y-puebla-en-mexico/ HTTP/1.0" 404 1291 "-" "Mozilla/5.0 (compatible; bingbot/2.0; +http://www.bing.com/bingbot.htm)"
172.69.62.14 - - [19/Feb/2018:15:29:44 -0500] "GET /2015/04/06/lufthansa-no-informo-a-autoridades-sobre-depresiones-de-copiloto-andreas-lubitz/ HTTP/1.0" 404 1291 "-" "Mozilla/5.0 (compatible; SemrushBot/1.2~bl; +http://www.semrush.com/bot.html)"
172.69.62.104 - - [19/Feb/2018:15:29:58 -0500] "GET /seccion/galeria/aviones/page/10/ HTTP/1.0" 404 1291 "-" "Mozilla/5.0 (compatible; SemrushBot/1.2~bl; +http://www.semrush.com/bot.html)"
172.68.46.183 - - [19/Feb/2018:15:30:04 -0500] "GET / HTTP/1.0" 200 1891 "-" "Mozilla/5.0 (Windows NT 6.1; WOW64; rv:2.0.1) Gecko/20100101 Firefox/4.0.1"
162.158.146.170 - - [19/Feb/2018:15:30:11 -0500] "GET /tag/noticia/ HTTP/1.0" 404 1291 "-" "Mozilla/5.0 (compatible; Yahoo! Slurp; http://help.yahoo.com/help/us/ysearch/slurp)"
172.68.65.112 - - [19/Feb/2018:15:30:17 -0500] "GET /tag/precios-de-pasajes/ HTTP/1.0" 404 1291 "-" "Mozilla/5.0 (compatible; SemrushBot/1.2~bl; +http://www.semrush.com/bot.html)"
172.68.174.50 - - [19/Feb/2018:15:30:36 -0500] "GET /2008/06/10/de-nueva-york-a-dubai-en-un-airbus-a380/page/485/ HTTP/1.0" 404 1291 "-" "Mozilla/5.0 (compatible; Googlebot/2.1; +http://www.google.com/bot.html)"
172.68.65.190 - - [19/Feb/2018:15:30:40 -0500] "GET /2009/04/29/playas-de-margarita-punta-arenas/ HTTP/1.0" 404 1291 "-" "Mozilla/5.0 (compatible; SemrushBot/1.2~bl; +http://www.semrush.com/bot.html)"
172.68.65.94 - - [19/Feb/2018:15:30:56 -0500] "GET /tag/recuperacion/ HTTP/1.0" 404 1291 "-" "Mozilla/5.0 (compatible; SemrushBot/1.2~bl; +http://www.semrush.com/bot.html)"
172.69.62.98 - - [19/Feb/2018:15:31:13 -0500] "GET /tag/insel-air/ HTTP/1.0" 404 1291 "-" "Mozilla/5.0 (compatible; SemrushBot/1.2~bl; +http://www.semrush.com/bot.html)"
172.69.62.104 - - [19/Feb/2018:15:31:35 -0500] "GET /tag/tips-de-viaje/page/2/ HTTP/1.0" 404 1291 "-" "Mozilla/5.0 (compatible; SemrushBot/1.2~bl; +http://www.semrush.com/bot.html)"
162.158.79.147 - - [19/Feb/2018:15:31:40 -0500] "GET /tag/ciudades/page/3/ HTTP/1.0" 404 1291 "-" "Mozilla/5.0 (compatible; SemrushBot/1.2~bl; +http://www.semrush.com/bot.html)"
172.69.62.104 - - [19/Feb/2018:15:31:50 -0500] "GET /tag/tips-de-viaje/page/2/ HTTP/1.0" 404 1291 "-" "Mozilla/5.0 (compatible; SemrushBot/1.2~bl; +http://www.semrush.com/bot.html)"
172.68.65.94 - - [19/Feb/2018:15:32:07 -0500] "GET /seccion/hyatt/ HTTP/1.0" 404 1291 "-" "Mozilla/5.0 (compatible; SemrushBot/1.2~bl; +http://www.semrush.com/bot.html)"
172.68.174.44 - - [19/Feb/2018:15:32:15 -0500] "GET /2008/10/02/fitven-2008-feria-internacional-de-turismo-de-venezuela?nonamp=1 HTTP/1.0" 404 1291 "-" "Mozilla/5.0 (compatible; Googlebot/2.1; +http://www.google.com/bot.html)"
172.69.62.74 - - [19/Feb/2018:15:32:22 -0500] "GET /seccion/precios-y-tarifas/?filter_by=featured HTTP/1.0" 404 1291 "-" "Mozilla/5.0 (compatible; SemrushBot/1.2~bl; +http://www.semrush.com/bot.html)"
162.158.78.98 - - [19/Feb/2018:15:32:35 -0500] "GET /tag/paisaje/ HTTP/1.0" 404 1291 "-" "Mozilla/5.0 (compatible; SemrushBot/1.2~bl; +http://www.semrush.com/bot.html)"
172.69.62.104 - - [19/Feb/2018:15:32:57 -0500] "GET /tag/link/ HTTP/1.0" 404 1291 "-" "Mozilla/5.0 (compatible; SemrushBot/1.2~bl; +http://www.semrush.com/bot.html)"
172.68.65.190 - - [19/Feb/2018:15:33:18 -0500] "GET /2014/08/25/latin-american-bikers-festival-margarita-2014/ HTTP/1.0" 404 1291 "-" "Mozilla/5.0 (compatible; SemrushBot/1.2~bl; +http://www.semrush.com/bot.html)"
172.69.62.74 - - [19/Feb/2018:15:33:36 -0500] "GET /2005/09/21/fotos-de-aviones-dc-10-de-santa-barbara-airlines/ HTTP/1.0" 404 1291 "-" "Mozilla/5.0 (compatible; SemrushBot/1.2~bl; +http://www.semrush.com/bot.html)"
162.158.79.147 - - [19/Feb/2018:15:33:47 -0500] "GET /tag/avianca/page/6/ HTTP/1.0" 404 1291 "-" "Mozilla/5.0 (compatible; SemrushBot/1.2~bl; +http://www.semrush.com/bot.html)"
172.68.174.50 - - [19/Feb/2018:15:33:59 -0500] "GET /2008/07/22/error-en-la-pagina-de-avianca-muestra-pasaje-caracas-miami-en-33/amp HTTP/1.0" 404 1291 "-" "Mozilla/5.0 (compatible; Googlebot/2.1; +http://www.google.com/bot.html)"
172.69.62.14 - - [19/Feb/2018:15:34:05 -0500] "GET /tag/china/page/2/ HTTP/1.0" 404 1291 "-" "Mozilla/5.0 (compatible; SemrushBot/1.2~bl; +http://www.semrush.com/bot.html)"
162.158.78.98 - - [19/Feb/2018:15:34:23 -0500] "GET /author/batista-lilia/page/2/ HTTP/1.0" 404 1291 "-" "Mozilla/5.0 (compatible; SemrushBot/1.2~bl; +http://www.semrush.com/bot.html)"
172.68.65.28 - - [19/Feb/2018:15:34:46 -0500] "GET /seccion/destinos/egipto/?filter_by=featured HTTP/1.0" 404 1291 "-" "Mozilla/5.0 (compatible; SemrushBot/1.2~bl; +http://www.semrush.com/bot.html)"
172.69.62.104 - - [19/Feb/2018:15:35:07 -0500] "GET /seccion/destinos/egipto/?filter_by=random_posts HTTP/1.0" 404 2673 "-" "Mozilla/5.0 (compatible; SemrushBot/1.2~bl; +http://www.semrush.com/bot.html)"
162.158.79.147 - - [19/Feb/2018:15:35:17 -0500] "GET /2015/02/04/pasajes-conferry-listado-de-tarifas-actualizadas/?replytocom=193508 HTTP/1.0" 404 1291 "-" "Mozilla/5.0 (compatible; SemrushBot/1.2~bl; +http://www.semrush.com/bot.html)"
172.68.174.38 - - [19/Feb/2018:15:35:32 -0500] "GET /2005/10/27/465/amp HTTP/1.0" 404 1291 "-" "Mozilla/5.0 (compatible; Googlebot/2.1; +http://www.google.com/bot.html)"
172.69.62.164 - - [19/Feb/2018:15:35:37 -0500] "GET /2013/04/23/piscinas-naturales-del-mundo/ HTTP/1.0" 404 1291 "-" "Mozilla/5.0 (compatible; SemrushBot/1.2~bl; +http://www.semrush.com/bot.html)"
162.158.79.147 - - [19/Feb/2018:15:35:53 -0500] "GET /2008/04/22/rutaca-airlines-excelente-servicio-en-rutas-nacionales/ HTTP/1.0" 404 1291 "-" "Mozilla/5.0 (compatible; SemrushBot/1.2~bl; +http://www.semrush.com/bot.html)"
162.158.78.140 - - [19/Feb/2018:15:36:30 -0500] "GET /author/alejandra/ HTTP/1.0" 404 1291 "-" "Mozilla/5.0 (compatible; SemrushBot/1.2~bl; +http://www.semrush.com/bot.html)"
172.68.65.220 - - [19/Feb/2018:15:36:56 -0500] "GET /2016/08/07/compras-bass-pro-shops-para-los-amantes-de-la-pesca-caza-y-backpaking/?replytocom=67254 HTTP/1.0" 404 1291 "-" "Mozilla/5.0 (compatible; SemrushBot/1.2~bl; +http://www.semrush.com/bot.html)"
162.158.78.20 - - [19/Feb/2018:15:37:10 -0500] "GET /2014/10/14/tripadvisor-le-apuesta-a-la-interactividad-entre-hoteles-y-usuarios/ HTTP/1.0" 404 1291 "-" "Mozilla/5.0 (compatible; SemrushBot/1.2~bl; +http://www.semrush.com/bot.html)"
172.68.174.44 - - [19/Feb/2018:15:37:11 -0500] "GET /2005/05/15/hotel-four-seasons-costa-rica-en-peninsula-papagayo/amp/ HTTP/1.0" 404 1291 "-" "Mozilla/5.0 (compatible; Googlebot/2.1; +http://www.google.com/bot.html)"
172.68.65.190 - - [19/Feb/2018:15:37:28 -0500] "GET /2007/06/18/cerraron-aeropuerto-de-milan-para-capturar-liebres-y-conejos/ HTTP/1.0" 404 1291 "-" "Mozilla/5.0 (compatible; SemrushBot/1.2~bl; +http://www.semrush.com/bot.html)"
172.69.62.74 - - [19/Feb/2018:15:37:47 -0500] "GET /tag/hotel-eurobuilding/page/2/ HTTP/1.0" 404 1291 "-" "Mozilla/5.0 (compatible; SemrushBot/1.2~bl; +http://www.semrush.com/bot.html)"
172.68.65.94 - - [19/Feb/2018:15:38:07 -0500] "GET /2015/03/23/la-carrera-entre-un-airbus-a380-y-un-a340/ HTTP/1.0" 404 1291 "-" "Mozilla/5.0 (compatible; SemrushBot/1.2~bl; +http://www.semrush.com/bot.html)"
162.158.78.20 - - [19/Feb/2018:15:38:21 -0500] "GET /tag/fotos/page/25/ HTTP/1.0" 404 1291 "-" "Mozilla/5.0 (compatible; SemrushBot/1.2~bl; +http://www.semrush.com/bot.html)"
172.68.65.112 - - [19/Feb/2018:15:38:43 -0500] "GET /2013/02/13/como-asegurarse-de-no-padecer-el-sindrome-del-pasajero-de-clase-economica/ HTTP/1.0" 404 1291 "-" "Mozilla/5.0 (compatible; SemrushBot/1.2~bl; +http://www.semrush.com/bot.html)"
172.68.174.110 - - [19/Feb/2018:15:38:49 -0500] "GET /2005/08/25/fotos-aviones-conviasa/comment-page-3/ HTTP/1.0" 404 1291 "-" "Mozilla/5.0 (compatible; Googlebot/2.1; +http://www.google.com/bot.html)"
162.158.79.147 - - [19/Feb/2018:15:38:53 -0500] "GET /2008/12/22/fiestas-de-navidad-y-fin-de-ano-en-hoteles/ HTTP/1.0" 404 1291 "-" "Mozilla/5.0 (compatible; SemrushBot/1.2~bl; +http://www.semrush.com/bot.html)"
172.68.65.220 - - [19/Feb/2018:15:39:15 -0500] "GET /2014/11/14/time-lapse-que-tienen-en-comun-new-york-y-paris/ HTTP/1.0" 404 1291 "-" "Mozilla/5.0 (compatible; SemrushBot/1.2~bl; +http://www.semrush.com/bot.html)"
172.69.62.164 - - [19/Feb/2018:15:39:34 -0500] "GET /2011/02/01/parque-arqueologico-y-paleontologico-taima-taima/ HTTP/1.0" 404 1291 "-" "Mozilla/5.0 (compatible; SemrushBot/1.2~bl; +http://www.semrush.com/bot.html)"
172.69.62.98 - - [19/Feb/2018:15:39:47 -0500] "GET /tag/venezuela/page/3/ HTTP/1.0" 404 1291 "-" "Mozilla/5.0 (compatible; SemrushBot/1.2~bl; +http://www.semrush.com/bot.html)"
172.68.65.82 - - [19/Feb/2018:15:40:14 -0500] "GET /2011/02/01/parque-arqueologico-y-paleontologico-taima-taima/?replytocom=51148 HTTP/1.0" 404 2673 "-" "Mozilla/5.0 (compatible; SemrushBot/1.2~bl; +http://www.semrush.com/bot.html)"
162.158.79.147 - - [19/Feb/2018:15:40:24 -0500] "GET /tag/a330/ HTTP/1.0" 404 1291 "-" "Mozilla/5.0 (compatible; SemrushBot/1.2~bl; +http://www.semrush.com/bot.html)"
172.68.174.44 - - [19/Feb/2018:15:40:28 -0500] "GET /2005/01/24/el-airbus-a380-el-gigante-de-los-cielos-o-un-monumento-a-la-inteligencia/amp HTTP/1.0" 404 1291 "-" "Mozilla/5.0 (compatible; Googlebot/2.1; +http://www.google.com/bot.html)"
172.68.65.190 - - [19/Feb/2018:15:40:57 -0500] "GET /tag/polar/ HTTP/1.0" 404 1291 "-" "Mozilla/5.0 (compatible; SemrushBot/1.2~bl; +http://www.semrush.com/bot.html)"
172.69.62.14 - - [19/Feb/2018:15:41:00 -0500] "GET /tag/tradiciones/ HTTP/1.0" 404 1291 "-" "Mozilla/5.0 (compatible; SemrushBot/1.2~bl; +http://www.semrush.com/bot.html)"
172.69.62.164 - - [19/Feb/2018:15:41:23 -0500] "GET /seccion/futbol/ HTTP/1.0" 404 1291 "-" "Mozilla/5.0 (compatible; SemrushBot/1.2~bl; +http://www.semrush.com/bot.html)"
162.158.78.20 - - [19/Feb/2018:15:41:48 -0500] "GET /2015/02/04/pasajes-conferry-listado-de-tarifas-actualizadas/?replytocom=196978 HTTP/1.0" 404 1291 "-" "Mozilla/5.0 (compatible; SemrushBot/1.2~bl; +http://www.semrush.com/bot.html)"
172.69.62.74 - - [19/Feb/2018:15:41:58 -0500] "GET /2010/03/19/los-mejores-hoteles-en-las-cinco-ciudades-mas-importantes-de-colombia/ HTTP/1.0" 404 1291 "-" "Mozilla/5.0 (compatible; SemrushBot/1.2~bl; +http://www.semrush.com/bot.html)"
172.68.174.14 - - [19/Feb/2018:15:42:07 -0500] "GET /2007/01/15/alquiler-de-jets-privados-helicopteros-y-otros-aviones-ejecutivos/ HTTP/1.0" 404 1291 "-" "Mozilla/5.0 (compatible; Googlebot/2.1; +http://www.google.com/bot.html)"
172.69.62.164 - - [19/Feb/2018:15:42:21 -0500] "GET /tag/mia/page/3/ HTTP/1.0" 404 1291 "-" "Mozilla/5.0 (compatible; SemrushBot/1.2~bl; +http://www.semrush.com/bot.html)"
172.68.65.94 - - [19/Feb/2018:15:42:41 -0500] "GET /tag/aeropostal/page/2/ HTTP/1.0" 404 1291 "-" "Mozilla/5.0 (compatible; SemrushBot/1.2~bl; +http://www.semrush.com/bot.html)"
172.68.65.94 - - [19/Feb/2018:15:42:58 -0500] "GET /tag/clase-economica/ HTTP/1.0" 404 1291 "-" "Mozilla/5.0 (compatible; SemrushBot/1.2~bl; +http://www.semrush.com/bot.html)"
172.69.62.104 - - [19/Feb/2018:15:43:13 -0500] "GET /2013/04/09/conoce-los-paises-mas-peligrosos-para-hacer-turismo/ HTTP/1.0" 404 1291 "-" "Mozilla/5.0 (compatible; SemrushBot/1.2~bl; +http://www.semrush.com/bot.html)"
172.68.65.82 - - [19/Feb/2018:15:43:33 -0500] "GET /tag/crecimiento/page/14/ HTTP/1.0" 404 1291 "-" "Mozilla/5.0 (compatible; SemrushBot/1.2~bl; +http://www.semrush.com/bot.html)"
172.68.174.20 - - [19/Feb/2018:15:43:45 -0500] "GET /2013/02/01/pasos-para-tramitar-el-permiso-de-viaje-de-tu-mascota/ HTTP/1.0" 404 1291 "-" "Mozilla/5.0 (Linux; Android 6.0.1; Nexus 5X Build/MMB29P) AppleWebKit/537.36 (KHTML, like Gecko) Chrome/41.0.2272.96 Mobile Safari/537.36 (compatible; Googlebot/2.1; +http://www.google.com/bot.html)"
172.69.62.104 - - [19/Feb/2018:15:43:52 -0500] "GET /2014/10/08/visita-el-salto-angel-a-traves-de-airpano/ HTTP/1.0" 404 1291 "-" "Mozilla/5.0 (compatible; SemrushBot/1.2~bl; +http://www.semrush.com/bot.html)"
162.158.78.20 - - [19/Feb/2018:15:44:09 -0500] "GET /2014/10/30/google-da-el-touche-al-turismo-de-san-francisco-con-internet-gratis/ HTTP/1.0" 404 1291 "-" "Mozilla/5.0 (compatible; SemrushBot/1.2~bl; +http://www.semrush.com/bot.html)"
162.158.78.56 - - [19/Feb/2018:15:44:22 -0500] "GET /tag/estados-unidos/page/40/ HTTP/1.0" 404 1291 "-" "Mozilla/5.0 (compatible; SemrushBot/1.2~bl; +http://www.semrush.com/bot.html)"
172.68.65.190 - - [19/Feb/2018:15:44:54 -0500] "GET /tag/new-open-world-corporation HTTP/1.0" 404 1291 "-" "Mozilla/5.0 (compatible; SemrushBot/1.2~bl; +http://www.semrush.com/bot.html)"
162.158.79.147 - - [19/Feb/2018:15:44:56 -0500] "GET /tag/valencia/page/12/ HTTP/1.0" 404 1291 "-" "Mozilla/5.0 (compatible; SemrushBot/1.2~bl; +http://www.semrush.com/bot.html)"
172.69.62.98 - - [19/Feb/2018:15:45:12 -0500] "GET /2014/04/11/inauguran-el-911-memorial-museum/ HTTP/1.0" 404 1291 "-" "Mozilla/5.0 (compatible; SemrushBot/1.2~bl; +http://www.semrush.com/bot.html)"
172.68.174.110 - - [19/Feb/2018:15:45:24 -0500] "GET /2007/08/15/lounge-primera-clase-de-lufthansa-en-munich/?nonamp=1 HTTP/1.0" 404 2673 "-" "Mozilla/5.0 (compatible; Googlebot/2.1; +http://www.google.com/bot.html)"
172.69.62.74 - - [19/Feb/2018:15:45:32 -0500] "GET /2011/01/04/el-mejor-viaje-comienza-en-casa-planificar-i/ HTTP/1.0" 404 1291 "-" "Mozilla/5.0 (compatible; SemrushBot/1.2~bl; +http://www.semrush.com/bot.html)"
162.158.78.140 - - [19/Feb/2018:15:45:50 -0500] "GET /tag/bolivia/ HTTP/1.0" 404 1291 "-" "Mozilla/5.0 (compatible; SemrushBot/1.2~bl; +http://www.semrush.com/bot.html)"
162.158.78.98 - - [19/Feb/2018:15:46:21 -0500] "GET /seccion/italia/?filter_by=popular HTTP/1.0" 404 1291 "-" "Mozilla/5.0 (compatible; SemrushBot/1.2~bl; +http://www.semrush.com/bot.html)"
162.158.79.147 - - [19/Feb/2018:15:46:25 -0500] "GET /tag/pasajes/page/10/ HTTP/1.0" 404 1291 "-" "Mozilla/5.0 (compatible; SemrushBot/1.2~bl; +http://www.semrush.com/bot.html)"
162.158.78.98 - - [19/Feb/2018:15:46:36 -0500] "GET /seccion/italia/?filter_by=popular HTTP/1.0" 404 1291 "-" "Mozilla/5.0 (compatible; SemrushBot/1.2~bl; +http://www.semrush.com/bot.html)"
172.68.65.220 - - [19/Feb/2018:15:46:43 -0500] "GET /seccion/lan/?filter_by=review_high HTTP/1.0" 404 1291 "-" "Mozilla/5.0 (compatible; SemrushBot/1.2~bl; +http://www.semrush.com/bot.html)"
172.68.65.94 - - [19/Feb/2018:15:47:08 -0500] "GET /2013/09/20/pilotea-un-auto-de-carreras-en-las-vegas/ HTTP/1.0" 404 1291 "-" "Mozilla/5.0 (compatible; SemrushBot/1.2~bl; +http://www.semrush.com/bot.html)"
172.68.65.28 - - [19/Feb/2018:15:47:25 -0500] "GET /2011/01/24/le-piden-matrimonio-a-una-aeromoza-en-pleno-vuelo/?replytocom=50905 HTTP/1.0" 404 1291 "-" "Mozilla/5.0 (compatible; SemrushBot/1.2~bl; +http://www.semrush.com/bot.html)"
172.69.62.14 - - [19/Feb/2018:15:47:37 -0500] "GET /tag/jamaica/page/3/ HTTP/1.0" 404 1291 "-" "Mozilla/5.0 (compatible; SemrushBot/1.2~bl; +http://www.semrush.com/bot.html)"
172.69.62.98 - - [19/Feb/2018:15:47:55 -0500] "GET /2009/06/23/video-como-no-calmar-los-nervios-de-un-pasajero/ HTTP/1.0" 404 1291 "-" "Mozilla/5.0 (compatible; SemrushBot/1.2~bl; +http://www.semrush.com/bot.html)"
172.68.65.112 - - [19/Feb/2018:15:48:20 -0500] "GET /2008/01/08/pesca-en-los-roques/ HTTP/1.0" 404 1291 "-" "Mozilla/5.0 (compatible; SemrushBot/1.2~bl; +http://www.semrush.com/bot.html)"
172.69.62.98 - - [19/Feb/2018:15:48:32 -0500] "GET /tag/precios/ HTTP/1.0" 404 1291 "-" "Mozilla/5.0 (compatible; SemrushBot/1.2~bl; +http://www.semrush.com/bot.html)"
172.68.174.62 - - [19/Feb/2018:15:48:41 -0500] "GET /2007/11/24/spirit-airlines-inicia-vuelos-a-colombia-a-bajo-costo/comment-page-9/ HTTP/1.0" 404 1291 "-" "Mozilla/5.0 (compatible; Googlebot/2.1; +http://www.google.com/bot.html)"
172.69.62.104 - - [19/Feb/2018:15:49:07 -0500] "GET /tag/paquetes/ HTTP/1.0" 404 1291 "-" "Mozilla/5.0 (compatible; SemrushBot/1.2~bl; +http://www.semrush.com/bot.html)"
172.68.65.82 - - [19/Feb/2018:15:49:18 -0500] "GET /seccion/tarifas-y-precios/ HTTP/1.0" 404 1291 "-" "Mozilla/5.0 (compatible; SemrushBot/1.2~bl; +http://www.semrush.com/bot.html)"
172.68.65.190 - - [19/Feb/2018:15:49:33 -0500] "GET /tag/planilla-i-94/ HTTP/1.0" 404 1291 "-" "Mozilla/5.0 (compatible; SemrushBot/1.2~bl; +http://www.semrush.com/bot.html)"
162.158.78.20 - - [19/Feb/2018:15:49:55 -0500] "GET /tag/temas/ HTTP/1.0" 404 1291 "-" "Mozilla/5.0 (compatible; SemrushBot/1.2~bl; +http://www.semrush.com/bot.html)"
172.68.46.183 - - [19/Feb/2018:15:50:14 -0500] "GET / HTTP/1.0" 200 509 "-" "Mozilla/5.0 (Windows NT 6.1; WOW64; rv:2.0.1) Gecko/20100101 Firefox/4.0.1"
172.68.65.82 - - [19/Feb/2018:15:50:18 -0500] "GET /2014/10/20/shocktober-fest-la-mejor-atraccion-para-halloween/ HTTP/1.0" 404 1291 "-" "Mozilla/5.0 (compatible; SemrushBot/1.2~bl; +http://www.semrush.com/bot.html)"
172.68.174.62 - - [19/Feb/2018:15:50:20 -0500] "GET /2008/10/28/cruceros-sin-visa-por-centroamerica?nonamp=1 HTTP/1.0" 404 1291 "-" "Mozilla/5.0 (compatible; Googlebot/2.1; +http://www.google.com/bot.html)"
172.69.62.14 - - [19/Feb/2018:15:50:25 -0500] "GET /tag/aerolineas-argentinas/page/3/ HTTP/1.0" 404 2673 "-" "Mozilla/5.0 (compatible; SemrushBot/1.2~bl; +http://www.semrush.com/bot.html)"
162.158.78.140 - - [19/Feb/2018:15:50:42 -0500] "GET /tag/arte/ HTTP/1.0" 404 1291 "-" "Mozilla/5.0 (compatible; SemrushBot/1.2~bl; +http://www.semrush.com/bot.html)"
162.158.78.140 - - [19/Feb/2018:15:51:02 -0500] "GET / HTTP/1.0" 200 509 "-" "Mozilla/5.0 (compatible; SemrushBot/1.2~bl; +http://www.semrush.com/bot.html)"
172.68.65.220 - - [19/Feb/2018:15:51:14 -0500] "GET /seccion/lima/?filter_by=popular7 HTTP/1.0" 404 1291 "-" "Mozilla/5.0 (compatible; SemrushBot/1.2~bl; +http://www.semrush.com/bot.html)"
172.69.62.104 - - [19/Feb/2018:15:51:33 -0500] "GET /2013/02/07/vas-a-la-playa-pues-conoce-las-playas-que-estan-aptas-para-este-carnaval-en-miranda/ HTTP/1.0" 404 1291 "-" "Mozilla/5.0 (compatible; SemrushBot/1.2~bl; +http://www.semrush.com/bot.html)"
172.69.62.14 - - [19/Feb/2018:15:51:51 -0500] "GET /2016/08/07/compras-bass-pro-shops-para-los-amantes-de-la-pesca-caza-y-backpaking/?replytocom=28526 HTTP/1.0" 404 1291 "-" "Mozilla/5.0 (compatible; SemrushBot/1.2~bl; +http://www.semrush.com/bot.html)"
172.68.174.68 - - [19/Feb/2018:15:51:59 -0500] "GET /2006/05/21/pistas-para-viajar-a-las-12-sedes-de-los-partidos-en-alemania-el-mundial-en-4-pasos?nonamp=1 HTTP/1.0" 404 1291 "-" "Mozilla/5.0 (compatible; Googlebot/2.1; +http://www.google.com/bot.html)"
162.158.78.74 - - [19/Feb/2018:15:52:21 -0500] "GET /2016/08/07/compras-bass-pro-shops-para-los-amantes-de-la-pesca-caza-y-backpaking/?replytocom=46641 HTTP/1.0" 404 1291 "-" "Mozilla/5.0 (compatible; SemrushBot/1.2~bl; +http://www.semrush.com/bot.html)"
172.69.62.98 - - [19/Feb/2018:15:52:28 -0500] "GET /seccion/galeria-de-fotos/ HTTP/1.0" 404 1291 "-" "Mozilla/5.0 (compatible; SemrushBot/1.2~bl; +http://www.semrush.com/bot.html)"
162.158.78.20 - - [19/Feb/2018:15:52:57 -0500] "GET /seccion/outdoors/ HTTP/1.0" 404 1291 "-" "Mozilla/5.0 (compatible; SemrushBot/1.2~bl; +http://www.semrush.com/bot.html)"
172.68.65.190 - - [19/Feb/2018:15:53:11 -0500] "GET /tag/cadena/ HTTP/1.0" 404 1291 "-" "Mozilla/5.0 (compatible; SemrushBot/1.2~bl; +http://www.semrush.com/bot.html)"
162.158.146.86 - - [19/Feb/2018:15:53:34 -0500] "GET /2013/04/18/quantum-of-the-seas-como-para-vivir-en-altamar/ HTTP/1.0" 404 1291 "-" "Mozilla/5.0 (compatible; bingbot/2.0; +http://www.bing.com/bingbot.htm)"
172.68.174.26 - - [19/Feb/2018:15:53:37 -0500] "GET /2008/10/28/skytrax-%E2%80%9Ccontinental-airlines-la-mejor-linea-aerea-en-america-del-norte%E2%80%9D/amp/ HTTP/1.0" 404 1291 "-" "Mozilla/5.0 (compatible; Googlebot/2.1; +http://www.google.com/bot.html)"
162.158.78.56 - - [19/Feb/2018:15:53:42 -0500] "GET /tag/las-vegas/page/2/ HTTP/1.0" 404 1291 "-" "Mozilla/5.0 (compatible; SemrushBot/1.2~bl; +http://www.semrush.com/bot.html)"
172.68.65.94 - - [19/Feb/2018:15:53:54 -0500] "GET /2011/01/25/recorre-suramerica-en-autobus/ HTTP/1.0" 404 1291 "-" "Mozilla/5.0 (compatible; SemrushBot/1.2~bl; +http://www.semrush.com/bot.html)"
172.69.62.164 - - [19/Feb/2018:15:53:56 -0500] "GET /tag/porlamar/ HTTP/1.0" 404 1291 "-" "Mozilla/5.0 (compatible; SemrushBot/1.2~bl; +http://www.semrush.com/bot.html)"
172.68.65.94 - - [19/Feb/2018:15:54:04 -0500] "GET /2011/01/25/recorre-suramerica-en-autobus/ HTTP/1.0" 404 1291 "-" "Mozilla/5.0 (compatible; SemrushBot/1.2~bl; +http://www.semrush.com/bot.html)"
172.69.62.74 - - [19/Feb/2018:15:54:15 -0500] "GET /seccion/destinos/ HTTP/1.0" 404 1291 "-" "Mozilla/5.0 (compatible; SemrushBot/1.2~bl; +http://www.semrush.com/bot.html)"
172.68.65.82 - - [19/Feb/2018:15:54:39 -0500] "GET /seccion/jfk/ HTTP/1.0" 404 1291 "-" "Mozilla/5.0 (compatible; SemrushBot/1.2~bl; +http://www.semrush.com/bot.html)"
172.69.62.104 - - [19/Feb/2018:15:54:53 -0500] "GET /2016/08/07/compras-bass-pro-shops-para-los-amantes-de-la-pesca-caza-y-backpaking/?replytocom=67192 HTTP/1.0" 404 1291 "-" "Mozilla/5.0 (compatible; SemrushBot/1.2~bl; +http://www.semrush.com/bot.html)"
172.69.62.98 - - [19/Feb/2018:15:55:18 -0500] "GET /2015/03/25/no-es-oficial-cese-de-operaciones-de-alitalia-en-caracas/ HTTP/1.0" 404 1291 "-" "Mozilla/5.0 (compatible; SemrushBot/1.2~bl; +http://www.semrush.com/bot.html)"
172.68.174.14 - - [19/Feb/2018:15:55:19 -0500] "GET /2008/09/04/calendario-playero-2009-casting/amp HTTP/1.0" 404 1291 "-" "Mozilla/5.0 (compatible; Googlebot/2.1; +http://www.google.com/bot.html)"
172.69.62.164 - - [19/Feb/2018:15:55:29 -0500] "GET /2007/12/10/easyfly-llega-a-colombia-con-precios-bajos/ HTTP/1.0" 404 2673 "-" "Mozilla/5.0 (compatible; SemrushBot/1.2~bl; +http://www.semrush.com/bot.html)"
172.68.65.112 - - [19/Feb/2018:15:55:55 -0500] "GET /tag/fotografia/ HTTP/1.0" 404 1291 "-" "Mozilla/5.0 (compatible; SemrushBot/1.2~bl; +http://www.semrush.com/bot.html)"
162.158.78.140 - - [19/Feb/2018:15:56:09 -0500] "GET /tag/turaser/page/2/ HTTP/1.0" 404 1291 "-" "Mozilla/5.0 (compatible; SemrushBot/1.2~bl; +http://www.semrush.com/bot.html)"
162.158.78.140 - - [19/Feb/2018:15:56:27 -0500] "GET /seccion/destinos/dubai/ HTTP/1.0" 404 1291 "-" "Mozilla/5.0 (compatible; SemrushBot/1.2~bl; +http://www.semrush.com/bot.html)"
172.68.174.98 - - [19/Feb/2018:15:56:54 -0500] "GET /2008/04/27/edgar-ramirez-recomienda-caracas-en-travelleisure/comment-page-1/ HTTP/1.0" 404 1291 "-" "Mozilla/5.0 (compatible; Googlebot/2.1; +http://www.google.com/bot.html)"
172.68.65.190 - - [19/Feb/2018:15:56:55 -0500] "GET /author/batista-lilia/page/3/ HTTP/1.0" 404 1291 "-" "Mozilla/5.0 (compatible; SemrushBot/1.2~bl; +http://www.semrush.com/bot.html)"
172.68.65.112 - - [19/Feb/2018:15:57:06 -0500] "GET /tag/singapore-airlines/page/2/ HTTP/1.0" 404 1291 "-" "Mozilla/5.0 (compatible; SemrushBot/1.2~bl; +http://www.semrush.com/bot.html)"
172.68.65.94 - - [19/Feb/2018:15:57:30 -0500] "GET /tag/love-cloud/ HTTP/1.0" 404 1291 "-" "Mozilla/5.0 (compatible; SemrushBot/1.2~bl; +http://www.semrush.com/bot.html)"
172.68.65.190 - - [19/Feb/2018:15:57:40 -0500] "GET /2012/09/14/cancun-destino-preferido-por-el-turismo-lgbt/ HTTP/1.0" 404 1291 "-" "Mozilla/5.0 (compatible; SemrushBot/1.2~bl; +http://www.semrush.com/bot.html)"
172.68.65.82 - - [19/Feb/2018:15:58:00 -0500] "GET /tag/paquetes-promocionales/ HTTP/1.0" 404 1291 "-" "Mozilla/5.0 (compatible; SemrushBot/1.2~bl; +http://www.semrush.com/bot.html)"
172.69.62.104 - - [19/Feb/2018:15:58:10 -0500] "GET /2015/08/19/aprende-como-conseguir-vuelos-economicos/ HTTP/1.0" 404 1291 "-" "Mozilla/5.0 (compatible; SemrushBot/1.2~bl; +http://www.semrush.com/bot.html)"
172.69.62.164 - - [19/Feb/2018:15:58:30 -0500] "GET /tag/comunidad/page/2/ HTTP/1.0" 404 1291 "-" "Mozilla/5.0 (compatible; SemrushBot/1.2~bl; +http://www.semrush.com/bot.html)"
172.68.174.14 - - [19/Feb/2018:15:58:33 -0500] "GET /2008/10/07/avianca-recibe-nuevo-avion-airbus-a320-200/?nonamp=1 HTTP/1.0" 404 1291 "-" "Mozilla/5.0 (compatible; Googlebot/2.1; +http://www.google.com/bot.html)"
172.68.65.220 - - [19/Feb/2018:15:59:08 -0500] "GET /tag/tarifas-y-precios/ HTTP/1.0" 404 1291 "-" "Mozilla/5.0 (compatible; SemrushBot/1.2~bl; +http://www.semrush.com/bot.html)"
172.68.65.28 - - [19/Feb/2018:15:59:21 -0500] "GET /2007/06/21/tenemos-viaducto-nuevo/ HTTP/1.0" 404 1291 "-" "Mozilla/5.0 (compatible; SemrushBot/1.2~bl; +http://www.semrush.com/bot.html)"
162.158.78.140 - - [19/Feb/2018:15:59:40 -0500] "GET /tag/dubai/page/4/ HTTP/1.0" 404 1291 "-" "Mozilla/5.0 (compatible; SemrushBot/1.2~bl; +http://www.semrush.com/bot.html)"
172.68.254.100 - - [19/Feb/2018:16:00:05 -0500] "GET /seccion/viajes/ HTTP/1.0" 404 1291 "-" "Mozilla/5.0 (compatible; Baiduspider/2.0; +http://www.baidu.com/search/spider.html)"
172.68.174.68 - - [19/Feb/2018:16:00:11 -0500] "GET /2008/04/23/viajes-y-deportes-viaja-con-la-vinotinto-a-uruguay/amp HTTP/1.0" 404 1291 "-" "Mozilla/5.0 (compatible; Googlebot/2.1; +http://www.google.com/bot.html)"
172.68.65.190 - - [19/Feb/2018:16:00:12 -0500] "GET /seccion/hoteles-en-aruba/ HTTP/1.0" 404 1291 "-" "Mozilla/5.0 (compatible; SemrushBot/1.2~bl; +http://www.semrush.com/bot.html)"
172.69.62.14 - - [19/Feb/2018:16:00:28 -0500] "GET /seccion/ferry/?filter_by=popular HTTP/1.0" 404 1291 "-" "Mozilla/5.0 (compatible; SemrushBot/1.2~bl; +http://www.semrush.com/bot.html)"
172.69.62.104 - - [19/Feb/2018:16:00:38 -0500] "GET /tag/taca/page/3/ HTTP/1.0" 404 2673 "-" "Mozilla/5.0 (compatible; SemrushBot/1.2~bl; +http://www.semrush.com/bot.html)"
172.68.65.112 - - [19/Feb/2018:16:01:00 -0500] "GET /2004/11/14/los-turistas-chinos-descubren-el-mundo/ HTTP/1.0" 404 1291 "-" "Mozilla/5.0 (compatible; SemrushBot/1.2~bl; +http://www.semrush.com/bot.html)"
162.158.79.147 - - [19/Feb/2018:16:01:10 -0500] "GET /seccion/hoteles-en-caracas/ HTTP/1.0" 404 1291 "-" "Mozilla/5.0 (compatible; SemrushBot/1.2~bl; +http://www.semrush.com/bot.html)"
172.68.174.8 - - [19/Feb/2018:16:03:29 -0500] "GET /2008/03/26/hotel-club-quaters-midtown-nueva-york-resena/page/490/ HTTP/1.0" 404 1291 "-" "Mozilla/5.0 (compatible; Googlebot/2.1; +http://www.google.com/bot.html)"
172.68.174.14 - - [19/Feb/2018:16:04:54 -0500] "GET /2005/08/25/fotos-aviones-conviasa/comment-page-4/ HTTP/1.0" 404 1291 "-" "Mozilla/5.0 (compatible; Googlebot/2.1; +http://www.google.com/bot.html)"
172.68.174.62 - - [19/Feb/2018:16:08:24 -0500] "GET /2005/08/23/avion-de-aerolineas-argentinas-aterrizo-de-emergencia-en-bahia-blanca/amp/ HTTP/1.0" 404 2673 "-" "Mozilla/5.0 (compatible; Googlebot/2.1; +http://www.google.com/bot.html)"
162.158.146.38 - - [19/Feb/2018:16:08:26 -0500] "GET /2014/09/23/de-como-david-bowie-se-convirtio-en-un-icono-mundial/slide_369666_4259482_free/ HTTP/1.0" 404 1291 "-" "Mozilla/5.0 (compatible; bingbot/2.0; +http://www.bing.com/bingbot.htm)"
162.158.186.46 - - [19/Feb/2018:16:08:39 -0500] "GET /2016/08/03/dynamic-airways-suspende-sus-vuelos-de-caracas-a-fort-lauderdale/?utm_source=twitterfeed&utm_medium=twitter HTTP/1.0" 404 1291 "-" "Twitterbot/1.0"
172.68.132.87 - - [19/Feb/2018:16:08:39 -0500] "GET /2016/08/07/compras-bass-pro-shops-para-los-amantes-de-la-pesca-caza-y-backpaking/?utm_source=twitterfeed&utm_medium=twitter HTTP/1.0" 404 1291 "-" "Twitterbot/1.0"
172.68.141.32 - - [19/Feb/2018:16:08:39 -0500] "GET /2016/08/04/gianluca-vacchi-10-cosas-que-no-sabias-del-rey-del-baile-y-el-lujo-en-instagram/?utm_source=twitterfeed&utm_medium=twitter HTTP/1.0" 404 1291 "-" "Twitterbot/1.0"
172.69.23.49 - - [19/Feb/2018:16:08:39 -0500] "GET /2016/08/03/dynamic-airways-suspende-sus-vuelos-de-caracas-a-fort-lauderdale/?utm_source=twitterfeed&utm_medium=twitter HTTP/1.0" 404 1291 "-" "Twitterbot/1.0"
141.101.88.38 - - [19/Feb/2018:16:08:46 -0500] "GET /wp-content/uploads/aruba.jpg HTTP/1.0" 404 1291 "http://www.insuranceloansonline.com/posts/turismo/33/5-asombrosos-lugares-para-visitar-en-Aruba.html" "Mozilla/5.0 (Windows NT 10.0; Win64; x64) AppleWebKit/537.36 (KHTML, like Gecko) Chrome/63.0.3239.132 Safari/537.36 OPR/50.0.2762.67"
108.162.238.21 - - [19/Feb/2018:16:08:54 -0500] "GET /2016/08/07/compras-bass-pro-shops-para-los-amantes-de-la-pesca-caza-y-backpaking/?utm_source=twitterfeed&utm_medium=twitter HTTP/1.0" 404 1291 "-" "Twitterbot/1.0"
172.68.174.68 - - [19/Feb/2018:16:10:03 -0500] "GET /2011/01/13/zona-colonial-de-petare-caracas-venezuela/ HTTP/1.0" 404 1291 "-" "Mozilla/5.0 (compatible; Googlebot/2.1; +http://www.google.com/bot.html)"
172.68.46.183 - - [19/Feb/2018:16:10:16 -0500] "GET / HTTP/1.0" 200 509 "-" "Mozilla/5.0 (Windows NT 6.1; WOW64; rv:2.0.1) Gecko/20100101 Firefox/4.0.1"
172.68.174.38 - - [19/Feb/2018:16:11:42 -0500] "GET /2006/01/09/santa-barbara-airlines-anuncia-nuevos-horarios-en-sus-vuelos-a-miami/ HTTP/1.0" 404 1291 "-" "Mozilla/5.0 (compatible; Googlebot/2.1; +http://www.google.com/bot.html)"
172.68.174.8 - - [19/Feb/2018:16:14:59 -0500] "GET /2008/12/22/fiestas-de-navidad-y-fin-de-ano-en-hoteles?nonamp=1 HTTP/1.0" 404 2673 "-" "Mozilla/5.0 (compatible; Googlebot/2.1; +http://www.google.com/bot.html)"
172.69.62.104 - - [19/Feb/2018:16:15:31 -0500] "GET /favicon.ico HTTP/1.0" 404 1291 "-" "Mozilla/5.0 (Windows NT 5.1; rv:11.0) Gecko Firefox/11.0 (via ggpht.com GoogleImageProxy)"
108.162.210.176 - - [19/Feb/2018:16:16:00 -0500] "GET /wp-content/uploads/aruba.jpg HTTP/1.0" 404 1291 "http://www.insuranceloansonline.com/posts/turismo/33/5-asombrosos-lugares-para-visitar-en-Aruba.html" "Mozilla/5.0 (Windows NT 6.1; WOW64) AppleWebKit/537.36 (KHTML, like Gecko) Chrome/64.0.3282.167 Safari/537.36"
172.68.174.80 - - [19/Feb/2018:16:18:16 -0500] "GET /2008/12/02/comida-en-aviones-lufthansa-american-airlines-fotos/page/473/ HTTP/1.0" 404 1291 "-" "Mozilla/5.0 (compatible; Googlebot/2.1; +http://www.google.com/bot.html)"
162.158.122.70 - - [19/Feb/2018:16:18:29 -0500] "GET /wp-content/uploads/89D5C319-8AFC-4DE4-B75C-868050F4AD82-600x600.jpg HTTP/1.0" 404 1291 "https://www.google.com/" "Mozilla/5.0 (Linux; Android 7.0; WAS-LX2 Build/HUAWEIWAS-LX2) AppleWebKit/537.36 (KHTML, like Gecko) Chrome/64.0.3282.137 Mobile Safari/537.36"
108.162.212.75 - - [19/Feb/2018:16:18:29 -0500] "GET /wp-content/uploads/ABCC1CC7-E8AD-4521-B7CA-47F7DB8E58D5-600x600.jpg HTTP/1.0" 404 1291 "https://www.google.com/" "Mozilla/5.0 (Linux; Android 7.0; WAS-LX2 Build/HUAWEIWAS-LX2) AppleWebKit/537.36 (KHTML, like Gecko) Chrome/64.0.3282.137 Mobile Safari/537.36"
162.158.122.46 - - [19/Feb/2018:16:18:36 -0500] "GET /wp-content/uploads/A57B2FF6-ADB3-45BB-BB0A-91981866EA99-600x600.jpg HTTP/1.0" 404 1291 "https://www.google.com/" "Mozilla/5.0 (Linux; Android 7.0; WAS-LX2 Build/HUAWEIWAS-LX2) AppleWebKit/537.36 (KHTML, like Gecko) Chrome/64.0.3282.137 Mobile Safari/537.36"
162.158.146.32 - - [19/Feb/2018:16:19:34 -0500] "GET /tag/budismo/ HTTP/1.0" 404 1291 "-" "Mozilla/5.0 (compatible; bingbot/2.0; +http://www.bing.com/bingbot.htm)"
172.68.174.44 - - [19/Feb/2018:16:19:55 -0500] "GET /2008/12/08/fotos-de-aviones-cambio-de-imagen-de-mexicana/ HTTP/1.0" 404 1291 "-" "Mozilla/5.0 (compatible; Googlebot/2.1; +http://www.google.com/bot.html)"
172.68.174.26 - - [19/Feb/2018:16:21:26 -0500] "GET /tag/aniversario/ HTTP/1.0" 404 2673 "-" "Mozilla/5.0 (compatible; Googlebot/2.1; +http://www.google.com/bot.html)"
172.68.174.62 - - [19/Feb/2018:16:21:34 -0500] "GET /2005/10/27/465/?nonamp=1 HTTP/1.0" 404 1291 "-" "Mozilla/5.0 (compatible; Googlebot/2.1; +http://www.google.com/bot.html)"
157.55.39.37 - - [19/Feb/2018:16:21:40 -0500] "GET / HTTP/1.0" 200 509 "-" "Mozilla/5.0 (compatible; bingbot/2.0; +http://www.bing.com/bingbot.htm)"
108.162.221.113 - - [19/Feb/2018:16:21:43 -0500] "GET /wp-content/uploads/aruba.jpg HTTP/1.0" 404 1291 "http://www.insuranceloansonline.com/posts/turismo/33/5-asombrosos-lugares-para-visitar-en-Aruba.html" "Mozilla/5.0 (Windows NT 6.2; Win64; x64) AppleWebKit/537.36 (KHTML, like Gecko) Chrome/63.0.3239.132 Safari/537.36"
172.68.174.116 - - [19/Feb/2018:16:23:12 -0500] "GET /2007/02/23/viajes-virgenes-y-santos-patronos/ HTTP/1.0" 404 1291 "-" "Mozilla/5.0 (compatible; Googlebot/2.1; +http://www.google.com/bot.html)"
172.68.246.102 - - [19/Feb/2018:16:23:27 -0500] "GET /robots.txt HTTP/1.0" 404 1291 "-" "Mozilla/5.0 (compatible; YandexBot/3.0; +http://yandex.com/bots)"
172.68.11.117 - - [19/Feb/2018:16:23:27 -0500] "GET /robots.txt HTTP/1.0" 404 1291 "-" "Mozilla/5.0 (compatible; YandexBot/3.0; +http://yandex.com/bots)"
162.158.238.20 - - [19/Feb/2018:16:23:31 -0500] "GET / HTTP/1.0" 200 509 "-" "Mozilla/5.0 (compatible; YandexBot/3.0; +http://yandex.com/bots)"
162.158.238.86 - - [19/Feb/2018:16:23:31 -0500] "GET / HTTP/1.0" 200 509 "-" "Mozilla/5.0 (compatible; YandexBot/3.0; +http://yandex.com/bots)"
