172.69.62.98 - - [19/Feb/2018:14:13:17 -0500] "GET /tag/taxi/ HTTP/1.0" 404 1291 "-" "Mozilla/5.0 (compatible; SemrushBot/1.2~bl; +http://www.semrush.com/bot.html)"
172.68.174.104 - - [19/Feb/2018:14:13:20 -0500] "GET /2005/08/28/ministerio-de-turismo-ha-establecido-18-fondos-regionales-en-toda-venezuela?nonamp=1 HTTP/1.0" 404 1291 "-" "Mozilla/5.0 (compatible; Googlebot/2.1; +http://www.google.com/bot.html)"
108.162.210.176 - - [19/Feb/2018:14:13:32 -0500] "GET /wp-content/uploads/aruba.jpg HTTP/1.0" 404 1291 "http://www.insuranceloansonline.com/posts/turismo/33/5-asombrosos-lugares-para-visitar-en-Aruba.html" "Mozilla/5.0 (Windows NT 6.1) AppleWebKit/537.36 (KHTML, like Gecko) Chrome/64.0.3282.119 Safari/537.36"
172.69.62.74 - - [19/Feb/2018:14:13:35 -0500] "GET /2007/05/20/europa-se-pone-dura-con-turistas-latinos/ HTTP/1.0" 404 1291 "-" "Mozilla/5.0 (compatible; SemrushBot/1.2~bl; +http://www.semrush.com/bot.html)"
162.158.78.140 - - [19/Feb/2018:14:13:49 -0500] "GET /2014/01/21/air-europa-volara-entre-margarita-y-madrid-desde-el-1-de-junio/ HTTP/1.0" 404 1291 "-" "Mozilla/5.0 (compatible; SemrushBot/1.2~bl; +http://www.semrush.com/bot.html)"
172.68.65.28 - - [19/Feb/2018:14:14:15 -0500] "GET /seccion/noticias/hoteles/ HTTP/1.0" 404 1291 "-" "Mozilla/5.0 (compatible; SemrushBot/1.2~bl; +http://www.semrush.com/bot.html)"
172.68.65.28 - - [19/Feb/2018:14:14:28 -0500] "GET /2013/11/22/aruba-navidad-ano-nuevo-y-reyes/ HTTP/1.0" 404 1291 "-" "Mozilla/5.0 (compatible; SemrushBot/1.2~bl; +http://www.semrush.com/bot.html)"
162.158.78.20 - - [19/Feb/2018:14:14:50 -0500] "GET /2005/12/16/avion-de-conviasa-aterrizo-de-emergencia-en-aeropuerto-de-margarita/ HTTP/1.0" 404 1291 "-" "Mozilla/5.0 (compatible; SemrushBot/1.2~bl; +http://www.semrush.com/bot.html)"
162.158.78.140 - - [19/Feb/2018:14:14:56 -0500] "GET /seccion/suramerica/?filter_by=popular7 HTTP/1.0" 404 1291 "-" "Mozilla/5.0 (compatible; SemrushBot/1.2~bl; +http://www.semrush.com/bot.html)"
172.68.174.20 - - [19/Feb/2018:14:15:00 -0500] "GET /2012/03/06/el-nuevo-crucero-de-disney-en-imagenes/disney-fantasy_1/ HTTP/1.0" 404 1291 "-" "Mozilla/5.0 (compatible; Googlebot/2.1; +http://www.google.com/bot.html)"
162.158.78.56 - - [19/Feb/2018:14:15:22 -0500] "GET /tag/turaser/page/4/ HTTP/1.0" 404 1291 "-" "Mozilla/5.0 (compatible; SemrushBot/1.2~bl; +http://www.semrush.com/bot.html)"
172.68.65.28 - - [19/Feb/2018:14:15:41 -0500] "GET /tag/british-airways/ HTTP/1.0" 404 1291 "-" "Mozilla/5.0 (compatible; SemrushBot/1.2~bl; +http://www.semrush.com/bot.html)"
172.69.62.164 - - [19/Feb/2018:14:15:56 -0500] "GET /2013/12/03/podrias-ser-elegido-por-el-programa-spot-en-algun-aeropuerto-de-estados-unidos/ HTTP/1.0" 404 1291 "-" "Mozilla/5.0 (compatible; SemrushBot/1.2~bl; +http://www.semrush.com/bot.html)"
162.158.78.140 - - [19/Feb/2018:14:16:11 -0500] "GET /tag/american-airlines/page/2/ HTTP/1.0" 404 1291 "-" "Mozilla/5.0 (compatible; SemrushBot/1.2~bl; +http://www.semrush.com/bot.html)"
172.68.174.110 - - [19/Feb/2018:14:16:39 -0500] "GET /2007/10/18/paquetes-solidarios-y-financiados-a-cuba/comment-page-2/ HTTP/1.0" 404 1291 "-" "Mozilla/5.0 (compatible; Googlebot/2.1; +http://www.google.com/bot.html)"
172.68.65.112 - - [19/Feb/2018:14:16:39 -0500] "GET /2005/09/26/nueva-campana-publicitaria-internacional-de-hoteles-intercontinental-vive-ud-una-vida-intercontinental/ HTTP/1.0" 404 1291 "-" "Mozilla/5.0 (compatible; SemrushBot/1.2~bl; +http://www.semrush.com/bot.html)"
162.158.78.56 - - [19/Feb/2018:14:16:54 -0500] "GET /2007/07/31/hostales-en-venezuela-no-hay/ HTTP/1.0" 404 1291 "-" "Mozilla/5.0 (compatible; SemrushBot/1.2~bl; +http://www.semrush.com/bot.html)"
172.69.62.14 - - [19/Feb/2018:14:17:02 -0500] "GET /tag/cristiano-ronaldo/ HTTP/1.0" 404 1291 "-" "Mozilla/5.0 (compatible; SemrushBot/1.2~bl; +http://www.semrush.com/bot.html)"
172.68.65.82 - - [19/Feb/2018:14:17:20 -0500] "GET /2014/06/18/american-airlines-anuncia-reduccion-de-vuelos-en-venezuela/ HTTP/1.0" 404 1291 "-" "Mozilla/5.0 (compatible; SemrushBot/1.2~bl; +http://www.semrush.com/bot.html)"
162.158.78.20 - - [19/Feb/2018:14:17:42 -0500] "GET /seccion/galeria/aviones/page/3/ HTTP/1.0" 404 1291 "-" "Mozilla/5.0 (compatible; SemrushBot/1.2~bl; +http://www.semrush.com/bot.html)"
172.68.174.56 - - [19/Feb/2018:14:17:51 -0500] "GET /2008/01/14/mc-plane/?nonamp=1 HTTP/1.0" 404 1291 "-" "Mozilla/5.0 (compatible; Googlebot/2.1; +http://www.google.com/bot.html)"
172.69.62.98 - - [19/Feb/2018:14:18:05 -0500] "GET /2007/01/29/crece-el-turismo-a-nivel-mundial/ HTTP/1.0" 404 2673 "-" "Mozilla/5.0 (compatible; SemrushBot/1.2~bl; +http://www.semrush.com/bot.html)"
172.68.174.110 - - [19/Feb/2018:14:18:16 -0500] "GET /2007/11/24/spirit-airlines-inicia-vuelos-a-colombia-a-bajo-costo/comment-page-3/ HTTP/1.0" 404 1291 "-" "Mozilla/5.0 (compatible; Googlebot/2.1; +http://www.google.com/bot.html)"
172.68.65.28 - - [19/Feb/2018:14:18:26 -0500] "GET /tag/playas/page/2/ HTTP/1.0" 404 1291 "-" "Mozilla/5.0 (compatible; SemrushBot/1.2~bl; +http://www.semrush.com/bot.html)"
172.68.65.190 - - [19/Feb/2018:14:18:44 -0500] "GET /2014/11/24/navidad-y-ano-nuevo-en-pestana-caracas/ HTTP/1.0" 404 1291 "-" "Mozilla/5.0 (compatible; SemrushBot/1.2~bl; +http://www.semrush.com/bot.html)"
162.158.78.140 - - [19/Feb/2018:14:18:54 -0500] "GET /seccion/europa/ HTTP/1.0" 404 1291 "-" "Mozilla/5.0 (compatible; SemrushBot/1.2~bl; +http://www.semrush.com/bot.html)"
172.68.65.190 - - [19/Feb/2018:14:19:14 -0500] "GET /seccion/francia/ HTTP/1.0" 404 1291 "-" "Mozilla/5.0 (compatible; SemrushBot/1.2~bl; +http://www.semrush.com/bot.html)"
172.68.65.28 - - [19/Feb/2018:14:19:36 -0500] "GET /2004/09/23/varias-aerolineas-grandes-parecen-haber-llegado-a-punto-critico/ HTTP/1.0" 404 1291 "-" "Mozilla/5.0 (compatible; SemrushBot/1.2~bl; +http://www.semrush.com/bot.html)"
172.68.65.190 - - [19/Feb/2018:14:19:56 -0500] "GET /tag/entrada/ HTTP/1.0" 404 1291 "-" "Mozilla/5.0 (compatible; SemrushBot/1.2~bl; +http://www.semrush.com/bot.html)"
172.69.62.74 - - [19/Feb/2018:14:20:05 -0500] "GET /2010/11/22/formula-rossa-la-sorprendente-montana-rusa-de-ferrari/ HTTP/1.0" 404 1291 "-" "Mozilla/5.0 (compatible; SemrushBot/1.2~bl; +http://www.semrush.com/bot.html)"
172.69.62.164 - - [19/Feb/2018:14:20:21 -0500] "GET /tag/qantas/ HTTP/1.0" 404 1291 "-" "Mozilla/5.0 (compatible; SemrushBot/1.2~bl; +http://www.semrush.com/bot.html)"
162.158.78.140 - - [19/Feb/2018:14:20:44 -0500] "GET /2005/01/17/airbus-preve-que-las-principales-aerolineas-compren-1250-aviones-a380-en-20-anos/ HTTP/1.0" 404 1291 "-" "Mozilla/5.0 (compatible; SemrushBot/1.2~bl; +http://www.semrush.com/bot.html)"
172.69.62.164 - - [19/Feb/2018:14:21:15 -0500] "GET /2012/11/26/conviasa-anuncia-vuelos-directos-en-rutas-internas/ HTTP/1.0" 404 1291 "-" "Mozilla/5.0 (compatible; SemrushBot/1.2~bl; +http://www.semrush.com/bot.html)"
172.68.65.220 - - [19/Feb/2018:14:21:18 -0500] "GET /2015/02/04/pasajes-conferry-listado-de-tarifas-actualizadas/?replytocom=193301 HTTP/1.0" 404 1291 "-" "Mozilla/5.0 (compatible; SemrushBot/1.2~bl; +http://www.semrush.com/bot.html)"
172.68.174.98 - - [19/Feb/2018:14:21:34 -0500] "GET /2008/01/16/carnavales-2008-merida-feria-del-sol/amp HTTP/1.0" 404 1291 "-" "Mozilla/5.0 (compatible; Googlebot/2.1; +http://www.google.com/bot.html)"
172.68.50.182 - - [19/Feb/2018:14:21:34 -0500] "POST /xmlrpc.php HTTP/1.0" 404 424 "https://primera-clase.com/xmlrpc.php" "Mozilla/5.0 (Windows NT 5.0) AppleWebKit/533.01.54 (KHTML, like Gecko) Version/5.5.1 Safari/532.19"
198.41.230.230 - - [19/Feb/2018:14:21:34 -0500] "GET /wp-content/uploads/aruba.jpg HTTP/1.0" 404 1291 "http://www.insuranceloansonline.com/posts/turismo/33/5-asombrosos-lugares-para-visitar-en-Aruba.html" "Mozilla/5.0 (Windows NT 6.2) AppleWebKit/537.36 (KHTML, like Gecko) Chrome/64.0.3282.168 Safari/537.36"
172.68.65.94 - - [19/Feb/2018:14:21:40 -0500] "GET /seccion/inac/ HTTP/1.0" 404 1291 "-" "Mozilla/5.0 (compatible; SemrushBot/1.2~bl; +http://www.semrush.com/bot.html)"
172.69.62.74 - - [19/Feb/2018:14:21:55 -0500] "GET /tag/buenos-aires/ HTTP/1.0" 404 1291 "-" "Mozilla/5.0 (compatible; SemrushBot/1.2~bl; +http://www.semrush.com/bot.html)"
162.158.78.20 - - [19/Feb/2018:14:22:17 -0500] "GET /2015/08/20/los-hoteles-adaptan-su-oferta-a-la-vida-saludable/ HTTP/1.0" 404 1291 "-" "Mozilla/5.0 (compatible; SemrushBot/1.2~bl; +http://www.semrush.com/bot.html)"
162.158.78.140 - - [19/Feb/2018:14:22:30 -0500] "GET /tag/tokio/ HTTP/1.0" 404 1291 "-" "Mozilla/5.0 (compatible; SemrushBot/1.2~bl; +http://www.semrush.com/bot.html)"
172.68.65.112 - - [19/Feb/2018:14:22:55 -0500] "GET /seccion/noticias/deportes/ HTTP/1.0" 404 1291 "-" "Mozilla/5.0 (compatible; SemrushBot/1.2~bl; +http://www.semrush.com/bot.html)"
172.69.62.98 - - [19/Feb/2018:14:23:12 -0500] "GET /2011/11/14/europa-usara-los-escaneres-corporales/ HTTP/1.0" 404 2673 "-" "Mozilla/5.0 (compatible; SemrushBot/1.2~bl; +http://www.semrush.com/bot.html)"
172.68.174.26 - - [19/Feb/2018:14:23:12 -0500] "GET /2007/09/16/tam-inicia-vuelos-entre-caracas-y-rio-de-janeiro-sao-paulo-manaos/comment-page-1/ HTTP/1.0" 404 1291 "-" "Mozilla/5.0 (compatible; Googlebot/2.1; +http://www.google.com/bot.html)"
162.158.79.147 - - [19/Feb/2018:14:23:21 -0500] "GET /tag/easyfly/ HTTP/1.0" 404 1291 "-" "Mozilla/5.0 (compatible; SemrushBot/1.2~bl; +http://www.semrush.com/bot.html)"
172.69.62.164 - - [19/Feb/2018:14:23:39 -0500] "GET /seccion/gran-melia-caracas/ HTTP/1.0" 404 1291 "-" "Mozilla/5.0 (compatible; SemrushBot/1.2~bl; +http://www.semrush.com/bot.html)"
172.68.65.94 - - [19/Feb/2018:14:24:10 -0500] "GET /seccion/hostales/ HTTP/1.0" 404 1291 "-" "Mozilla/5.0 (compatible; SemrushBot/1.2~bl; +http://www.semrush.com/bot.html)"
172.69.62.164 - - [19/Feb/2018:14:24:16 -0500] "GET /tag/reservaciones/ HTTP/1.0" 404 1291 "-" "Mozilla/5.0 (compatible; SemrushBot/1.2~bl; +http://www.semrush.com/bot.html)"
172.68.65.28 - - [19/Feb/2018:14:24:44 -0500] "GET /tag/la-cienaga/ HTTP/1.0" 404 1291 "-" "Mozilla/5.0 (compatible; SemrushBot/1.2~bl; +http://www.semrush.com/bot.html)"
172.68.174.92 - - [19/Feb/2018:14:24:54 -0500] "GET /2010/01/17/las-6-ciudades-perdidas-mas-famosas-del-mundo-%E2%80%93-parte-ii/ HTTP/1.0" 404 1291 "-" "Mozilla/5.0 (compatible; Googlebot/2.1; +http://www.google.com/bot.html)"
172.68.65.82 - - [19/Feb/2018:14:24:55 -0500] "GET /tag/queen-elizabeth-2/ HTTP/1.0" 404 1291 "-" "Mozilla/5.0 (compatible; SemrushBot/1.2~bl; +http://www.semrush.com/bot.html)"
162.158.79.147 - - [19/Feb/2018:14:25:09 -0500] "GET /2015/08/19/las-navieras-monitorean-bangkok/ HTTP/1.0" 404 1291 "-" "Mozilla/5.0 (compatible; SemrushBot/1.2~bl; +http://www.semrush.com/bot.html)"
172.68.65.28 - - [19/Feb/2018:14:25:35 -0500] "GET /seccion/noticias/turismo/ HTTP/1.0" 404 1291 "-" "Mozilla/5.0 (compatible; SemrushBot/1.2~bl; +http://www.semrush.com/bot.html)"
172.68.65.28 - - [19/Feb/2018:14:25:53 -0500] "GET /2011/02/01/parque-arqueologico-y-paleontologico-taima-taima/?replytocom=77610 HTTP/1.0" 404 1291 "-" "Mozilla/5.0 (compatible; SemrushBot/1.2~bl; +http://www.semrush.com/bot.html)"
162.158.78.140 - - [19/Feb/2018:14:26:06 -0500] "GET /2005/05/22/hotel-burj-al-arab-hospedaje-cubierto-de-oro-galeria-de-fotos/ HTTP/1.0" 404 1291 "-" "Mozilla/5.0 (compatible; SemrushBot/1.2~bl; +http://www.semrush.com/bot.html)"
172.69.62.98 - - [19/Feb/2018:14:26:26 -0500] "GET /2007/10/06/alta-carga-impositiva-en-hoteles-del-caribe-los-hace-poco-competitivos/ HTTP/1.0" 404 1291 "-" "Mozilla/5.0 (compatible; SemrushBot/1.2~bl; +http://www.semrush.com/bot.html)"
172.68.174.98 - - [19/Feb/2018:14:26:29 -0500] "GET /2005/10/27/465/amp/ HTTP/1.0" 404 1291 "-" "Mozilla/5.0 (compatible; Googlebot/2.1; +http://www.google.com/bot.html)"
162.158.78.56 - - [19/Feb/2018:14:26:49 -0500] "GET /tag/suramerica/page/2/ HTTP/1.0" 404 1291 "-" "Mozilla/5.0 (compatible; SemrushBot/1.2~bl; +http://www.semrush.com/bot.html)"
172.68.65.112 - - [19/Feb/2018:14:27:06 -0500] "GET /2007/08/15/fin-de-semana-en-playa-el-yaque-isla-de-margarita/ HTTP/1.0" 404 1291 "-" "Mozilla/5.0 (compatible; SemrushBot/1.2~bl; +http://www.semrush.com/bot.html)"
172.69.62.14 - - [19/Feb/2018:14:27:19 -0500] "GET /tag/pasajes/page/9/ HTTP/1.0" 404 1291 "-" "Mozilla/5.0 (compatible; SemrushBot/1.2~bl; +http://www.semrush.com/bot.html)"
172.68.65.112 - - [19/Feb/2018:14:27:25 -0500] "GET /2007/08/15/fin-de-semana-en-playa-el-yaque-isla-de-margarita/ HTTP/1.0" 404 1291 "-" "Mozilla/5.0 (compatible; SemrushBot/1.2~bl; +http://www.semrush.com/bot.html)"
172.68.65.94 - - [19/Feb/2018:14:27:43 -0500] "GET /tag/pasajeros/page/61/ HTTP/1.0" 404 1291 "-" "Mozilla/5.0 (compatible; SemrushBot/1.2~bl; +http://www.semrush.com/bot.html)"
172.69.62.74 - - [19/Feb/2018:14:27:52 -0500] "GET /tag/google/page/4/ HTTP/1.0" 404 1291 "-" "Mozilla/5.0 (compatible; SemrushBot/1.2~bl; +http://www.semrush.com/bot.html)"
162.158.79.147 - - [19/Feb/2018:14:28:09 -0500] "GET /2016/08/07/compras-bass-pro-shops-para-los-amantes-de-la-pesca-caza-y-backpaking/?replytocom=30569 HTTP/1.0" 404 1291 "-" "Mozilla/5.0 (compatible; SemrushBot/1.2~bl; +http://www.semrush.com/bot.html)"
172.68.174.50 - - [19/Feb/2018:14:28:10 -0500] "GET /2012/06/28/espana-en-el-viejo-san-juan/torosalao/ HTTP/1.0" 404 1291 "-" "Mozilla/5.0 (compatible; Googlebot/2.1; +http://www.google.com/bot.html)"
172.69.62.74 - - [19/Feb/2018:14:28:33 -0500] "GET /2014/06/09/el-maletamovil-sera-una-sensacion/ HTTP/1.0" 404 2673 "-" "Mozilla/5.0 (compatible; SemrushBot/1.2~bl; +http://www.semrush.com/bot.html)"
172.68.65.220 - - [19/Feb/2018:14:28:59 -0500] "GET /2006/06/20/hoteles-en-margarita-programas-fullday-para-disfrutar-todo-un-dia-de-comodidad/ HTTP/1.0" 404 1291 "-" "Mozilla/5.0 (compatible; SemrushBot/1.2~bl; +http://www.semrush.com/bot.html)"
162.158.78.98 - - [19/Feb/2018:14:29:08 -0500] "GET /2013/11/21/la-fiebre-del-citypass/ HTTP/1.0" 404 1291 "-" "Mozilla/5.0 (compatible; SemrushBot/1.2~bl; +http://www.semrush.com/bot.html)"
172.69.62.164 - - [19/Feb/2018:14:29:27 -0500] "GET /tag/paraguay/ HTTP/1.0" 404 1291 "-" "Mozilla/5.0 (compatible; SemrushBot/1.2~bl; +http://www.semrush.com/bot.html)"
162.158.78.20 - - [19/Feb/2018:14:29:40 -0500] "GET /2013/12/03/los-5-mejores-descubrimientos-de-googe-earth/ HTTP/1.0" 404 1291 "-" "Mozilla/5.0 (compatible; SemrushBot/1.2~bl; +http://www.semrush.com/bot.html)"
172.68.174.68 - - [19/Feb/2018:14:29:49 -0500] "GET /2013/02/01/pasos-para-tramitar-el-permiso-de-viaje-de-tu-mascota/ HTTP/1.0" 404 1291 "-" "Mozilla/5.0 (Linux; Android 6.0.1; Nexus 5X Build/MMB29P) AppleWebKit/537.36 (KHTML, like Gecko) Chrome/41.0.2272.96 Mobile Safari/537.36 (compatible; Googlebot/2.1; +http://www.google.com/bot.html)"
172.68.65.28 - - [19/Feb/2018:14:29:58 -0500] "GET /2009/05/01/como-obtener-un-mejor-asiento-en-clase-economica/?replytocom=32045 HTTP/1.0" 404 1291 "-" "Mozilla/5.0 (compatible; SemrushBot/1.2~bl; +http://www.semrush.com/bot.html)"
172.68.46.183 - - [19/Feb/2018:14:30:05 -0500] "GET / HTTP/1.0" 200 509 "-" "Mozilla/5.0 (Windows NT 6.1; WOW64; rv:2.0.1) Gecko/20100101 Firefox/4.0.1"
172.68.65.220 - - [19/Feb/2018:14:30:24 -0500] "GET /2009/05/21/margarita-salsa-festival-2009/ HTTP/1.0" 404 1291 "-" "Mozilla/5.0 (compatible; SemrushBot/1.2~bl; +http://www.semrush.com/bot.html)"
172.68.65.28 - - [19/Feb/2018:14:30:40 -0500] "GET /2008/06/10/de-nueva-york-a-dubai-en-un-airbus-a380/ HTTP/1.0" 404 1291 "-" "Mozilla/5.0 (compatible; SemrushBot/1.2~bl; +http://www.semrush.com/bot.html)"
172.69.62.164 - - [19/Feb/2018:14:31:02 -0500] "GET /tag/museo/ HTTP/1.0" 404 1291 "-" "Mozilla/5.0 (compatible; SemrushBot/1.2~bl; +http://www.semrush.com/bot.html)"
172.68.174.32 - - [19/Feb/2018:14:31:23 -0500] "GET /wp-includes/js/wp-emoji-release.min.js?ver=4.6.1 HTTP/1.0" 404 1291 "https://primera-clase.com/seccion/la-guaira/?filter_by=random_posts" "Mozilla/5.0 (compatible; Googlebot/2.1; +http://www.google.com/bot.html)"
172.68.174.44 - - [19/Feb/2018:14:31:31 -0500] "GET /2011/01/13/zona-colonial-de-petare-caracas-venezuela/ HTTP/1.0" 404 1291 "-" "Mozilla/5.0 (compatible; Googlebot/2.1; +http://www.google.com/bot.html)"
162.158.78.140 - - [19/Feb/2018:14:31:38 -0500] "GET /2010/01/08/inauguran-en-dubai-el-edificio-mas-alto-del-mundo/ HTTP/1.0" 404 1291 "-" "Mozilla/5.0 (compatible; SemrushBot/1.2~bl; +http://www.semrush.com/bot.html)"
198.41.230.230 - - [19/Feb/2018:14:31:50 -0500] "GET /wp-content/uploads/aruba.jpg HTTP/1.0" 404 1291 "http://www.insuranceloansonline.com/posts/turismo/33/5-asombrosos-lugares-para-visitar-en-Aruba.html" "Mozilla/5.0 (Windows NT 10.0; Win64; x64) AppleWebKit/537.36 (KHTML, like Gecko) Chrome/64.0.3282.167 Safari/537.36"
172.68.65.94 - - [19/Feb/2018:14:31:57 -0500] "GET /2014/02/05/venezuela-promociona-nuevos-focos-turisticos-en-el-exterior/ HTTP/1.0" 404 1291 "-" "Mozilla/5.0 (compatible; SemrushBot/1.2~bl; +http://www.semrush.com/bot.html)"
172.68.65.94 - - [19/Feb/2018:14:32:17 -0500] "GET /2009/03/10/tutorial-en-video-de-simulador-de-vuelo-de-google-earth/ HTTP/1.0" 404 1291 "-" "Mozilla/5.0 (compatible; SemrushBot/1.2~bl; +http://www.semrush.com/bot.html)"
172.68.65.82 - - [19/Feb/2018:14:32:22 -0500] "GET /tag/azafatas/ HTTP/1.0" 404 1291 "-" "Mozilla/5.0 (compatible; SemrushBot/1.2~bl; +http://www.semrush.com/bot.html)"
172.69.62.98 - - [19/Feb/2018:14:32:44 -0500] "GET /seccion/ferry/page/2/ HTTP/1.0" 404 1291 "-" "Mozilla/5.0 (compatible; SemrushBot/1.2~bl; +http://www.semrush.com/bot.html)"
172.68.174.38 - - [19/Feb/2018:14:33:04 -0500] "GET /2006/01/09/santa-barbara-airlines-anuncia-nuevos-horarios-en-sus-vuelos-a-miami/ HTTP/1.0" 404 1291 "-" "Mozilla/5.0 (compatible; Googlebot/2.1; +http://www.google.com/bot.html)"
172.68.65.220 - - [19/Feb/2018:14:33:04 -0500] "GET /2004/12/29/gol-lineas-aereas-galeria-de-fotos/ HTTP/1.0" 404 1291 "-" "Mozilla/5.0 (compatible; SemrushBot/1.2~bl; +http://www.semrush.com/bot.html)"
162.158.78.98 - - [19/Feb/2018:14:33:20 -0500] "GET /2008/01/08/hoteles-misteriosos-y-pavosos/ HTTP/1.0" 404 1291 "-" "Mozilla/5.0 (compatible; SemrushBot/1.2~bl; +http://www.semrush.com/bot.html)"
172.69.62.74 - - [19/Feb/2018:14:33:37 -0500] "GET /2011/01/24/cachapera-dona-ines-e-hijos-en-la-union-caracas/?replytocom=52070 HTTP/1.0" 404 2673 "-" "Mozilla/5.0 (compatible; SemrushBot/1.2~bl; +http://www.semrush.com/bot.html)"
172.68.65.82 - - [19/Feb/2018:14:34:10 -0500] "GET /2007/10/18/paquetes-solidarios-y-financiados-a-cuba/ HTTP/1.0" 404 1291 "-" "Mozilla/5.0 (compatible; SemrushBot/1.2~bl; +http://www.semrush.com/bot.html)"
172.68.174.110 - - [19/Feb/2018:14:34:43 -0500] "GET /2007/11/24/spirit-airlines-inicia-vuelos-a-colombia-a-bajo-costo/comment-page-7/ HTTP/1.0" 404 1291 "-" "Mozilla/5.0 (compatible; Googlebot/2.1; +http://www.google.com/bot.html)"
162.158.78.20 - - [19/Feb/2018:14:34:44 -0500] "GET /2017/01/30/irse-vivir-espana-pasaporte-portugues/ HTTP/1.0" 404 1291 "-" "Mozilla/5.0 (compatible; SemrushBot/1.2~bl; +http://www.semrush.com/bot.html)"
172.69.62.104 - - [19/Feb/2018:14:34:45 -0500] "GET /2011/11/12/disfruta-discovery-cove-con-todo-incluido/ HTTP/1.0" 404 1291 "-" "Mozilla/5.0 (compatible; SemrushBot/1.2~bl; +http://www.semrush.com/bot.html)"
172.68.65.220 - - [19/Feb/2018:14:34:53 -0500] "GET /2014/08/21/full-day-cubagua-desde-margarita/ HTTP/1.0" 404 1291 "-" "Mozilla/5.0 (compatible; SemrushBot/1.2~bl; +http://www.semrush.com/bot.html)"
172.68.65.28 - - [19/Feb/2018:14:35:12 -0500] "GET /2005/10/04/aeropuerto-de-barajas-madrid-comienzan-ensayos-octubre-para-apertura-nuevo-terminal-29-enero/ HTTP/1.0" 404 1291 "-" "Mozilla/5.0 (compatible; SemrushBot/1.2~bl; +http://www.semrush.com/bot.html)"
162.158.78.98 - - [19/Feb/2018:14:35:29 -0500] "GET /tag/business/page/5/ HTTP/1.0" 404 1291 "-" "Mozilla/5.0 (compatible; SemrushBot/1.2~bl; +http://www.semrush.com/bot.html)"
162.158.79.147 - - [19/Feb/2018:14:35:50 -0500] "GET /2012/07/02/crea-tu-propia-musica-en-el-metro-de-nueva-york/ HTTP/1.0" 404 1291 "-" "Mozilla/5.0 (compatible; SemrushBot/1.2~bl; +http://www.semrush.com/bot.html)"
172.69.62.74 - - [19/Feb/2018:14:35:59 -0500] "GET /2012/04/10/seguridad-para-los-ninos-en-el-automovil/ HTTP/1.0" 404 1291 "-" "Mozilla/5.0 (compatible; SemrushBot/1.2~bl; +http://www.semrush.com/bot.html)"
172.68.174.62 - - [19/Feb/2018:14:36:21 -0500] "GET /2008/02/22/accidente-santa-barbara-airlines-localizado-avion-sin-sobrevivientes-listado/page/493/ HTTP/1.0" 404 1291 "-" "Mozilla/5.0 (compatible; Googlebot/2.1; +http://www.google.com/bot.html)"
172.68.65.94 - - [19/Feb/2018:14:36:24 -0500] "GET /seccion/hoteles-en-barquisimeto/ HTTP/1.0" 404 1291 "-" "Mozilla/5.0 (compatible; SemrushBot/1.2~bl; +http://www.semrush.com/bot.html)"
172.69.62.104 - - [19/Feb/2018:14:36:42 -0500] "GET /tag/air-france/page/3/ HTTP/1.0" 404 1291 "-" "Mozilla/5.0 (compatible; SemrushBot/1.2~bl; +http://www.semrush.com/bot.html)"
172.68.65.220 - - [19/Feb/2018:14:37:01 -0500] "GET /2016/08/07/compras-bass-pro-shops-para-los-amantes-de-la-pesca-caza-y-backpaking/?replytocom=35421 HTTP/1.0" 404 1291 "-" "Mozilla/5.0 (compatible; SemrushBot/1.2~bl; +http://www.semrush.com/bot.html)"
172.68.65.94 - - [19/Feb/2018:14:37:18 -0500] "GET /2016/08/07/compras-bass-pro-shops-para-los-amantes-de-la-pesca-caza-y-backpaking/?replytocom=47228 HTTP/1.0" 404 1291 "-" "Mozilla/5.0 (compatible; SemrushBot/1.2~bl; +http://www.semrush.com/bot.html)"
172.68.65.94 - - [19/Feb/2018:14:37:35 -0500] "GET /2015/08/21/la-meca-de-los-hoteles/ HTTP/1.0" 404 1291 "-" "Mozilla/5.0 (compatible; SemrushBot/1.2~bl; +http://www.semrush.com/bot.html)"
172.69.62.104 - - [19/Feb/2018:14:37:55 -0500] "GET /2012/07/10/un-hotel-para-los-amantes-de-los-juguetes/ HTTP/1.0" 404 1291 "-" "Mozilla/5.0 (compatible; SemrushBot/1.2~bl; +http://www.semrush.com/bot.html)"
172.68.174.14 - - [19/Feb/2018:14:38:02 -0500] "GET /2008/01/28/historia-de-la-comodidad-en-los-viajes/amp HTTP/1.0" 404 1291 "-" "Mozilla/5.0 (compatible; Googlebot/2.1; +http://www.google.com/bot.html)"
172.68.65.82 - - [19/Feb/2018:14:38:05 -0500] "GET /2012/09/07/comienza-fitven-2012/ HTTP/1.0" 404 1291 "-" "Mozilla/5.0 (compatible; SemrushBot/1.2~bl; +http://www.semrush.com/bot.html)"
162.158.78.98 - - [19/Feb/2018:14:38:26 -0500] "GET /2007/06/05/microcast-5-aduanas-aereas/ HTTP/1.0" 404 1291 "-" "Mozilla/5.0 (compatible; SemrushBot/1.2~bl; +http://www.semrush.com/bot.html)"
172.68.65.94 - - [19/Feb/2018:14:38:54 -0500] "GET /2005/01/03/codigos-de-aerolineas-codigos-lineas-aereas-airline-codes-iataicao/ HTTP/1.0" 404 2673 "-" "Mozilla/5.0 (compatible; SemrushBot/1.2~bl; +http://www.semrush.com/bot.html)"
172.68.65.94 - - [19/Feb/2018:14:39:11 -0500] "GET /tag/sobrecargo/ HTTP/1.0" 404 1291 "-" "Mozilla/5.0 (compatible; SemrushBot/1.2~bl; +http://www.semrush.com/bot.html)"
172.68.65.94 - - [19/Feb/2018:14:39:26 -0500] "GET /tag/hotel-gran-melia-caracas/ HTTP/1.0" 404 1291 "-" "Mozilla/5.0 (compatible; SemrushBot/1.2~bl; +http://www.semrush.com/bot.html)"
172.68.65.112 - - [19/Feb/2018:14:39:43 -0500] "GET /2011/05/17/aprovecha-los-cruceros-al-maximo/ HTTP/1.0" 404 1291 "-" "Mozilla/5.0 (compatible; SemrushBot/1.2~bl; +http://www.semrush.com/bot.html)"
172.69.62.14 - - [19/Feb/2018:14:39:54 -0500] "GET /tag/pasajeros/page/3/ HTTP/1.0" 404 1291 "-" "Mozilla/5.0 (compatible; SemrushBot/1.2~bl; +http://www.semrush.com/bot.html)"
162.158.78.140 - - [19/Feb/2018:14:40:15 -0500] "GET /seccion/peru/?filter_by=popular HTTP/1.0" 404 1291 "-" "Mozilla/5.0 (compatible; SemrushBot/1.2~bl; +http://www.semrush.com/bot.html)"
172.68.65.220 - - [19/Feb/2018:14:40:37 -0500] "GET /2016/08/07/compras-bass-pro-shops-para-los-amantes-de-la-pesca-caza-y-backpaking/?replytocom=28629 HTTP/1.0" 404 1291 "-" "Mozilla/5.0 (compatible; SemrushBot/1.2~bl; +http://www.semrush.com/bot.html)"
162.158.78.56 - - [19/Feb/2018:14:40:47 -0500] "GET /2013/05/07/nueva-ruta-de-avior-caracas-valera/ HTTP/1.0" 404 1291 "-" "Mozilla/5.0 (compatible; SemrushBot/1.2~bl; +http://www.semrush.com/bot.html)"
172.69.62.98 - - [19/Feb/2018:14:41:10 -0500] "GET /tag/cargos/ HTTP/1.0" 404 1291 "-" "Mozilla/5.0 (compatible; SemrushBot/1.2~bl; +http://www.semrush.com/bot.html)"
172.68.174.104 - - [19/Feb/2018:14:41:21 -0500] "GET /2007/11/09/compras-duty-free-caracas-aeropuerto-de-maiquetia/comment-page-3/ HTTP/1.0" 404 1291 "-" "Mozilla/5.0 (compatible; Googlebot/2.1; +http://www.google.com/bot.html)"
172.68.65.94 - - [19/Feb/2018:14:41:32 -0500] "GET /tag/chile/page/14/ HTTP/1.0" 404 1291 "-" "Mozilla/5.0 (compatible; SemrushBot/1.2~bl; +http://www.semrush.com/bot.html)"
172.68.189.137 - - [19/Feb/2018:14:41:42 -0500] "GET /ogPipe.aspx?name=http://www.epochtimes.com/ HTTP/1.0" 404 1291 "-" "Mozilla/5.0 (Windows NT 10.0; WOW64; rv:45.0) Gecko/20100101 Firefox/45.0"
172.69.62.74 - - [19/Feb/2018:14:41:53 -0500] "GET /2010/06/09/taca-catalogada-como-la-mejor-aerolinea-de-centro-america-y-el-caribe/ HTTP/1.0" 404 1291 "-" "Mozilla/5.0 (compatible; SemrushBot/1.2~bl; +http://www.semrush.com/bot.html)"
162.158.78.20 - - [19/Feb/2018:14:42:12 -0500] "GET /2015/02/04/pasajes-conferry-listado-de-tarifas-actualizadas/?replytocom=195944 HTTP/1.0" 404 1291 "-" "Mozilla/5.0 (compatible; SemrushBot/1.2~bl; +http://www.semrush.com/bot.html)"
162.158.78.56 - - [19/Feb/2018:14:42:17 -0500] "GET /seccion/galeria/aviones/?filter_by=popular HTTP/1.0" 404 1291 "-" "Mozilla/5.0 (compatible; SemrushBot/1.2~bl; +http://www.semrush.com/bot.html)"
172.68.189.149 - - [19/Feb/2018:14:42:24 -0500] "GET /ogPipe.aspx?name=http://www.wujieliulan.com/ HTTP/1.0" 404 1291 "-" "Mozilla/5.0 (Linux; Android 6.0; Nexus 5 Build/MRA58N) AppleWebKit/537.36 (KHTML, like Gecko) Chrome/55.0.2883.87 Mobile Safari/537.36"
172.69.62.14 - - [19/Feb/2018:14:42:41 -0500] "GET /tag/paseo/page/6/ HTTP/1.0" 404 1291 "-" "Mozilla/5.0 (compatible; SemrushBot/1.2~bl; +http://www.semrush.com/bot.html)"
172.68.174.38 - - [19/Feb/2018:14:42:56 -0500] "GET /2008/03/10/semana-santa-2008-fiestas-y-eventos-en-isla-de-margarita/?nonamp=1 HTTP/1.0" 404 1291 "-" "Mozilla/5.0 (compatible; Googlebot/2.1; +http://www.google.com/bot.html)"
172.68.65.94 - - [19/Feb/2018:14:43:01 -0500] "GET /2016/08/07/compras-bass-pro-shops-para-los-amantes-de-la-pesca-caza-y-backpaking/?replytocom=29574 HTTP/1.0" 404 1291 "-" "Mozilla/5.0 (compatible; SemrushBot/1.2~bl; +http://www.semrush.com/bot.html)"
162.158.78.98 - - [19/Feb/2018:14:43:13 -0500] "GET /2009/09/07/hilton-qianjang-hangzhou-un-hotel-de-negocios-en-china/ HTTP/1.0" 404 1291 "-" "Mozilla/5.0 (compatible; SemrushBot/1.2~bl; +http://www.semrush.com/bot.html)"
172.69.62.74 - - [19/Feb/2018:14:43:36 -0500] "GET /seccion/hoteles-de-lujo/ HTTP/1.0" 404 1291 "-" "Mozilla/5.0 (compatible; SemrushBot/1.2~bl; +http://www.semrush.com/bot.html)"
172.69.62.164 - - [19/Feb/2018:14:43:55 -0500] "GET /seccion/galeria/fotos-de-hoteles/ HTTP/1.0" 404 2673 "-" "Mozilla/5.0 (compatible; SemrushBot/1.2~bl; +http://www.semrush.com/bot.html)"
172.69.62.74 - - [19/Feb/2018:14:44:01 -0500] "GET /seccion/hoteles-de-lujo/ HTTP/1.0" 404 1291 "-" "Mozilla/5.0 (compatible; SemrushBot/1.2~bl; +http://www.semrush.com/bot.html)"
172.69.62.164 - - [19/Feb/2018:14:44:13 -0500] "GET /tag/idiomas/ HTTP/1.0" 404 1291 "-" "Mozilla/5.0 (compatible; SemrushBot/1.2~bl; +http://www.semrush.com/bot.html)"
172.69.62.98 - - [19/Feb/2018:14:44:29 -0500] "GET /seccion/ferry/?filter_by=review_high HTTP/1.0" 404 1291 "-" "Mozilla/5.0 (compatible; SemrushBot/1.2~bl; +http://www.semrush.com/bot.html)"
172.68.174.116 - - [19/Feb/2018:14:44:34 -0500] "GET /2005/08/25/fotos-aviones-conviasa/comment-page-7/ HTTP/1.0" 404 1291 "-" "Mozilla/5.0 (compatible; Googlebot/2.1; +http://www.google.com/bot.html)"
172.68.65.112 - - [19/Feb/2018:14:44:52 -0500] "GET /2014/07/30/los-habitos-de-playa-mas-populares-en-porcentajes/ HTTP/1.0" 404 1291 "-" "Mozilla/5.0 (compatible; SemrushBot/1.2~bl; +http://www.semrush.com/bot.html)"
172.68.65.94 - - [19/Feb/2018:14:45:10 -0500] "GET /tag/lufthansa/ HTTP/1.0" 404 1291 "-" "Mozilla/5.0 (compatible; SemrushBot/1.2~bl; +http://www.semrush.com/bot.html)"
162.158.79.147 - - [19/Feb/2018:14:45:29 -0500] "GET /tag/habitaciones/page/2/ HTTP/1.0" 404 1291 "-" "Mozilla/5.0 (compatible; SemrushBot/1.2~bl; +http://www.semrush.com/bot.html)"
172.68.65.82 - - [19/Feb/2018:14:45:38 -0500] "GET /tag/italcambio/ HTTP/1.0" 404 1291 "-" "Mozilla/5.0 (compatible; SemrushBot/1.2~bl; +http://www.semrush.com/bot.html)"
162.158.186.76 - - [19/Feb/2018:14:45:46 -0500] "GET /robots.txt HTTP/1.0" 404 1291 "-" "Twitterbot/1.0"
162.158.186.16 - - [19/Feb/2018:14:45:46 -0500] "GET /robots.txt HTTP/1.0" 404 1291 "-" "Twitterbot/1.0"
108.162.238.81 - - [19/Feb/2018:14:45:46 -0500] "GET /wp-content/uploads/conviasa-pasajes.jpg HTTP/1.0" 404 1291 "-" "Twitterbot/1.0"
162.158.186.46 - - [19/Feb/2018:14:45:46 -0500] "GET /2017/01/17/precios-los-pasajes-aereos-venezuela-conviasa/?utm_content=buffer43c00&utm_medium=social&utm_source=twitter.com&utm_campaign=buffer HTTP/1.0" 404 1291 "-" "Twitterbot/1.0"
108.162.238.21 - - [19/Feb/2018:14:45:46 -0500] "GET /2017/01/17/precios-los-pasajes-aereos-venezuela-conviasa/?utm_content=bufferceded&utm_medium=social&utm_source=twitter.com&utm_campaign=buffer HTTP/1.0" 404 1291 "-" "Twitterbot/1.0"
108.162.238.21 - - [19/Feb/2018:14:45:46 -0500] "GET /2017/01/17/precios-los-pasajes-aereos-venezuela-conviasa/?utm_content=buffer49d7e&utm_medium=social&utm_source=twitter.com&utm_campaign=buffer HTTP/1.0" 404 1291 "-" "Twitterbot/1.0"
108.162.238.21 - - [19/Feb/2018:14:45:46 -0500] "GET /2017/01/17/precios-los-pasajes-aereos-venezuela-conviasa/?utm_content=buffer53557&utm_medium=social&utm_source=twitter.com&utm_campaign=buffer HTTP/1.0" 404 1291 "-" "Twitterbot/1.0"
162.158.186.64 - - [19/Feb/2018:14:45:46 -0500] "GET /2017/01/17/precios-los-pasajes-aereos-venezuela-conviasa/?utm_content=bufferc4373&utm_medium=social&utm_source=twitter.com&utm_campaign=buffer HTTP/1.0" 404 1291 "-" "Twitterbot/1.0"
162.158.186.10 - - [19/Feb/2018:14:45:47 -0500] "GET /2017/01/17/precios-los-pasajes-aereos-venezuela-conviasa/?utm_content=buffer41891&utm_medium=social&utm_source=twitter.com&utm_campaign=buffer HTTP/1.0" 404 1291 "-" "Twitterbot/1.0"
172.68.114.32 - - [19/Feb/2018:14:45:59 -0500] "GET /wp-content/uploads/aruba.jpg HTTP/1.0" 404 1291 "http://www.insuranceloansonline.com/posts/turismo/33/5-asombrosos-lugares-para-visitar-en-Aruba.html" "Mozilla/5.0 (Windows NT 10.0; Win64; x64) AppleWebKit/537.36 (KHTML, like Gecko) Chrome/64.0.3282.167 Safari/537.36"
172.68.65.94 - - [19/Feb/2018:14:46:05 -0500] "GET /2017/01/17/a-donde-emigrar-los-mejores-cinco-paises-para-emigrar-en-latinoamerica/ HTTP/1.0" 404 1291 "-" "Mozilla/5.0 (compatible; SemrushBot/1.2~bl; +http://www.semrush.com/bot.html)"
172.68.174.98 - - [19/Feb/2018:14:46:14 -0500] "GET /2008/03/26/hotel-club-quaters-midtown-nueva-york-resena?nonamp=1 HTTP/1.0" 404 1291 "-" "Mozilla/5.0 (compatible; Googlebot/2.1; +http://www.google.com/bot.html)"
172.69.62.14 - - [19/Feb/2018:14:46:14 -0500] "GET /tag/navidad/ HTTP/1.0" 404 1291 "-" "Mozilla/5.0 (compatible; SemrushBot/1.2~bl; +http://www.semrush.com/bot.html)"
162.158.78.56 - - [19/Feb/2018:14:46:32 -0500] "GET /2014/08/22/participa-en-el-sorteo-y-estaras-optando-por-un-increible-viaje-al-reino-de-musipan/ HTTP/1.0" 404 1291 "-" "Mozilla/5.0 (compatible; SemrushBot/1.2~bl; +http://www.semrush.com/bot.html)"
162.158.78.98 - - [19/Feb/2018:14:46:49 -0500] "GET /2012/04/07/jugar-trompo-y-perinolas-en-playas-del-estado-falcon/ HTTP/1.0" 404 1291 "-" "Mozilla/5.0 (compatible; SemrushBot/1.2~bl; +http://www.semrush.com/bot.html)"
162.158.78.140 - - [19/Feb/2018:14:47:09 -0500] "GET /2007/05/04/video-evacuacion-del-airbus-a380/ HTTP/1.0" 404 1291 "-" "Mozilla/5.0 (compatible; SemrushBot/1.2~bl; +http://www.semrush.com/bot.html)"
172.68.65.82 - - [19/Feb/2018:14:47:25 -0500] "GET /tag/requisitos/ HTTP/1.0" 404 1291 "-" "Mozilla/5.0 (compatible; SemrushBot/1.2~bl; +http://www.semrush.com/bot.html)"
172.68.65.94 - - [19/Feb/2018:14:47:51 -0500] "GET /tag/promociones/ HTTP/1.0" 404 1291 "-" "Mozilla/5.0 (compatible; SemrushBot/1.2~bl; +http://www.semrush.com/bot.html)"
172.68.174.26 - - [19/Feb/2018:14:47:55 -0500] "GET /2008/03/06/nuevo-hotel-intercontinental-en-maracaibo/amp HTTP/1.0" 404 1291 "-" "Mozilla/5.0 (compatible; Googlebot/2.1; +http://www.google.com/bot.html)"
172.69.62.74 - - [19/Feb/2018:14:48:11 -0500] "GET /2013/02/22/apagon-retraso-vuelos-en-el-aeropuerto-de-valencia/ HTTP/1.0" 404 1291 "-" "Mozilla/5.0 (compatible; SemrushBot/1.2~bl; +http://www.semrush.com/bot.html)"
162.158.78.20 - - [19/Feb/2018:14:48:26 -0500] "GET /tag/air-europa/page/2/ HTTP/1.0" 404 1291 "-" "Mozilla/5.0 (compatible; SemrushBot/1.2~bl; +http://www.semrush.com/bot.html)"
172.68.65.82 - - [19/Feb/2018:14:48:39 -0500] "GET /2007/03/06/t-list-otros-blogs-de-viajes-y-turismo/ HTTP/1.0" 404 1291 "-" "Mozilla/5.0 (compatible; SemrushBot/1.2~bl; +http://www.semrush.com/bot.html)"
172.69.62.98 - - [19/Feb/2018:14:48:56 -0500] "GET /2014/11/18/the-walking-dead-reaviva-el-turismo-en-atlanta/ HTTP/1.0" 404 2673 "-" "Mozilla/5.0 (compatible; SemrushBot/1.2~bl; +http://www.semrush.com/bot.html)"
172.68.65.82 - - [19/Feb/2018:14:49:20 -0500] "GET /2007/07/09/miami-de-nuevo-ta-barato/ HTTP/1.0" 404 1291 "-" "Mozilla/5.0 (compatible; SemrushBot/1.2~bl; +http://www.semrush.com/bot.html)"
172.68.65.94 - - [19/Feb/2018:14:49:38 -0500] "GET /tag/margarita/page/2/ HTTP/1.0" 404 1291 "-" "Mozilla/5.0 (compatible; SemrushBot/1.2~bl; +http://www.semrush.com/bot.html)"
162.158.79.147 - - [19/Feb/2018:14:50:00 -0500] "GET /seccion/destinos/colombia/?filter_by=random_posts HTTP/1.0" 404 1291 "-" "Mozilla/5.0 (compatible; SemrushBot/1.2~bl; +http://www.semrush.com/bot.html)"
162.158.78.140 - - [19/Feb/2018:14:50:06 -0500] "GET /2016/08/03/dynamic-airways-suspende-sus-vuelos-de-caracas-a-fort-lauderdale/ HTTP/1.0" 404 1291 "-" "Mozilla/5.0 (compatible; SemrushBot/1.2~bl; +http://www.semrush.com/bot.html)"
172.68.46.183 - - [19/Feb/2018:14:50:17 -0500] "GET / HTTP/1.0" 200 509 "-" "Mozilla/5.0 (Windows NT 6.1; WOW64; rv:2.0.1) Gecko/20100101 Firefox/4.0.1"
162.158.79.147 - - [19/Feb/2018:14:50:19 -0500] "GET /seccion/destinos/colombia/?filter_by=random_posts HTTP/1.0" 404 1291 "-" "Mozilla/5.0 (compatible; SemrushBot/1.2~bl; +http://www.semrush.com/bot.html)"
162.158.78.56 - - [19/Feb/2018:14:50:24 -0500] "GET /tag/aeronave/ HTTP/1.0" 404 1291 "-" "Mozilla/5.0 (compatible; SemrushBot/1.2~bl; +http://www.semrush.com/bot.html)"
172.68.65.112 - - [19/Feb/2018:14:50:50 -0500] "GET /2014/10/13/navidad-con-guaco-y-fin-de-ano-con-maracaibo-15-y-la-billoss-caracas-boys-en-el-hotel-eurobuilding/ HTTP/1.0" 404 1291 "-" "Mozilla/5.0 (compatible; SemrushBot/1.2~bl; +http://www.semrush.com/bot.html)"
172.68.65.94 - - [19/Feb/2018:14:51:07 -0500] "GET /2016/08/07/compras-bass-pro-shops-para-los-amantes-de-la-pesca-caza-y-backpaking/?replytocom=23789 HTTP/1.0" 404 1291 "-" "Mozilla/5.0 (compatible; SemrushBot/1.2~bl; +http://www.semrush.com/bot.html)"
172.68.174.50 - - [19/Feb/2018:14:51:09 -0500] "GET /2008/03/29/ecoturismo-medidas-para-frenar-el-cambio-climatico?nonamp=1 HTTP/1.0" 404 1291 "-" "Mozilla/5.0 (compatible; Googlebot/2.1; +http://www.google.com/bot.html)"
172.69.62.74 - - [19/Feb/2018:14:51:29 -0500] "GET /tag/costa-rica/ HTTP/1.0" 404 1291 "-" "Mozilla/5.0 (compatible; SemrushBot/1.2~bl; +http://www.semrush.com/bot.html)"
172.68.65.82 - - [19/Feb/2018:14:51:46 -0500] "GET /2014/09/05/wyndham-concorde-resort-el-nuevo-hotel-5-estrellas-de-margarita/ HTTP/1.0" 404 1291 "-" "Mozilla/5.0 (compatible; SemrushBot/1.2~bl; +http://www.semrush.com/bot.html)"
172.68.65.190 - - [19/Feb/2018:14:52:10 -0500] "GET /seccion/peru/?filter_by=featured HTTP/1.0" 404 1291 "-" "Mozilla/5.0 (compatible; SemrushBot/1.2~bl; +http://www.semrush.com/bot.html)"
172.69.62.14 - - [19/Feb/2018:14:52:14 -0500] "GET /tag/avianca/page/3/ HTTP/1.0" 404 1291 "-" "Mozilla/5.0 (compatible; SemrushBot/1.2~bl; +http://www.semrush.com/bot.html)"
172.68.65.190 - - [19/Feb/2018:14:52:27 -0500] "GET /seccion/peru/?filter_by=featured HTTP/1.0" 404 1291 "-" "Mozilla/5.0 (compatible; SemrushBot/1.2~bl; +http://www.semrush.com/bot.html)"
162.158.78.140 - - [19/Feb/2018:14:52:30 -0500] "GET /seccion/porlamar/ HTTP/1.0" 404 1291 "-" "Mozilla/5.0 (compatible; SemrushBot/1.2~bl; +http://www.semrush.com/bot.html)"
172.68.174.68 - - [19/Feb/2018:14:52:48 -0500] "GET /2005/08/31/lineas-aereas-venezolanas-reportan-aumentos-en-vuelos?nonamp=1 HTTP/1.0" 404 1291 "-" "Mozilla/5.0 (compatible; Googlebot/2.1; +http://www.google.com/bot.html)"
108.162.237.56 - - [19/Feb/2018:14:52:55 -0500] "GET /wp-content/uploads/Marriott-Featured-0.jpg HTTP/1.0" 404 1291 "-" "facebookexternalhit/1.1 (+http://www.facebook.com/externalhit_uatext.php)"
162.158.78.20 - - [19/Feb/2018:14:53:00 -0500] "GET /2013/03/22/estados-unidos-permite-la-tenencia-de-navajas-dentro-de-los-aviones/ HTTP/1.0" 404 1291 "-" "Mozilla/5.0 (compatible; SemrushBot/1.2~bl; +http://www.semrush.com/bot.html)"
172.68.65.82 - - [19/Feb/2018:14:53:15 -0500] "GET /tag/tiendas/ HTTP/1.0" 404 1291 "-" "Mozilla/5.0 (compatible; SemrushBot/1.2~bl; +http://www.semrush.com/bot.html)"
172.69.62.104 - - [19/Feb/2018:14:53:38 -0500] "GET /2014/01/20/la-vela-de-coro-recibe-rehabilitacion-patrimonial/ HTTP/1.0" 404 1291 "-" "Mozilla/5.0 (compatible; SemrushBot/1.2~bl; +http://www.semrush.com/bot.html)"
172.68.65.28 - - [19/Feb/2018:14:53:45 -0500] "GET /seccion/italia/?filter_by=review_high HTTP/1.0" 404 1291 "-" "Mozilla/5.0 (compatible; SemrushBot/1.2~bl; +http://www.semrush.com/bot.html)"
172.68.65.112 - - [19/Feb/2018:14:54:12 -0500] "GET /tag/air-france/page/2/ HTTP/1.0" 404 2673 "-" "Mozilla/5.0 (compatible; SemrushBot/1.2~bl; +http://www.semrush.com/bot.html)"
172.68.65.112 - - [19/Feb/2018:14:54:23 -0500] "GET /tag/air-france/page/2/ HTTP/1.0" 404 1291 "-" "Mozilla/5.0 (compatible; SemrushBot/1.2~bl; +http://www.semrush.com/bot.html)"
172.68.174.44 - - [19/Feb/2018:14:54:26 -0500] "GET /2008/01/30/carnaval-de-rio-de-janeiro-2008/?nonamp=1 HTTP/1.0" 404 1291 "-" "Mozilla/5.0 (compatible; Googlebot/2.1; +http://www.google.com/bot.html)"
172.68.65.112 - - [19/Feb/2018:14:54:34 -0500] "GET /2013/04/18/la-ciencia-de-vestir-para-viajar/ HTTP/1.0" 404 1291 "-" "Mozilla/5.0 (compatible; SemrushBot/1.2~bl; +http://www.semrush.com/bot.html)"
162.158.78.20 - - [19/Feb/2018:14:54:47 -0500] "GET /2007/11/24/spirit-airlines-inicia-vuelos-a-colombia-a-bajo-costo/ HTTP/1.0" 404 1291 "-" "Mozilla/5.0 (compatible; SemrushBot/1.2~bl; +http://www.semrush.com/bot.html)"
172.68.65.28 - - [19/Feb/2018:14:55:01 -0500] "GET /2013/11/25/teleferico-warairarepano-macuto-en-fotos/ HTTP/1.0" 404 1291 "-" "Mozilla/5.0 (compatible; SemrushBot/1.2~bl; +http://www.semrush.com/bot.html)"
172.69.62.98 - - [19/Feb/2018:14:55:13 -0500] "GET /seccion/suramerica/?filter_by=random_posts HTTP/1.0" 404 1291 "-" "Mozilla/5.0 (compatible; SemrushBot/1.2~bl; +http://www.semrush.com/bot.html)"
162.158.146.14 - - [19/Feb/2018:14:55:33 -0500] "GET /2014/05/05/un-pasaje-aereo-que-incluye-una-suite-con-bano-y-mayordomo/ HTTP/1.0" 404 1291 "-" "Mozilla/5.0 (compatible; bingbot/2.0; +http://www.bing.com/bingbot.htm)"
172.68.65.82 - - [19/Feb/2018:14:55:36 -0500] "GET /seccion/galeria/aviones/?filter_by=random_posts HTTP/1.0" 404 1291 "-" "Mozilla/5.0 (compatible; SemrushBot/1.2~bl; +http://www.semrush.com/bot.html)"
172.68.65.220 - - [19/Feb/2018:14:55:57 -0500] "GET /tag/hoteles/page/3/ HTTP/1.0" 404 1291 "-" "Mozilla/5.0 (compatible; SemrushBot/1.2~bl; +http://www.semrush.com/bot.html)"
172.68.174.14 - - [19/Feb/2018:14:56:06 -0500] "GET /2008/02/22/accidente-santa-barbara-airlines-1?nonamp=1 HTTP/1.0" 404 1291 "-" "Mozilla/5.0 (compatible; Googlebot/2.1; +http://www.google.com/bot.html)"
172.68.65.220 - - [19/Feb/2018:14:56:18 -0500] "GET /2012/08/10/380-playas-aptas-y-listas-para-los-temporadistas/ HTTP/1.0" 404 1291 "-" "Mozilla/5.0 (compatible; SemrushBot/1.2~bl; +http://www.semrush.com/bot.html)"
162.158.78.20 - - [19/Feb/2018:14:56:36 -0500] "GET /2014/08/05/american-airlines-activara-dos-vuelos-solo-para-la-epoca-de-vacaciones/ HTTP/1.0" 404 1291 "-" "Mozilla/5.0 (compatible; SemrushBot/1.2~bl; +http://www.semrush.com/bot.html)"
172.68.65.220 - - [19/Feb/2018:14:56:53 -0500] "GET /tag/esta/ HTTP/1.0" 404 1291 "-" "Mozilla/5.0 (compatible; SemrushBot/1.2~bl; +http://www.semrush.com/bot.html)"
172.69.62.74 - - [19/Feb/2018:14:57:07 -0500] "GET /tag/eurobuilding/ HTTP/1.0" 404 1291 "-" "Mozilla/5.0 (compatible; SemrushBot/1.2~bl; +http://www.semrush.com/bot.html)"
172.68.65.28 - - [19/Feb/2018:14:57:20 -0500] "GET /2008/01/11/colombia-es-pasion-el-riesgo-es-que-te-quieras-quedar/ HTTP/1.0" 404 1291 "-" "Mozilla/5.0 (compatible; SemrushBot/1.2~bl; +http://www.semrush.com/bot.html)"
172.68.174.110 - - [19/Feb/2018:14:57:43 -0500] "GET /2008/03/11/semana-santa-2008-morrocoy-carpas-y-tiburones?nonamp=1 HTTP/1.0" 404 1291 "-" "Mozilla/5.0 (compatible; Googlebot/2.1; +http://www.google.com/bot.html)"
172.69.62.164 - - [19/Feb/2018:14:57:47 -0500] "GET /2011/07/30/villas-playa-de-uva-lujo-y-placer-en-la-peninsula-de-paria/ HTTP/1.0" 404 1291 "-" "Mozilla/5.0 (compatible; SemrushBot/1.2~bl; +http://www.semrush.com/bot.html)"
162.158.78.140 - - [19/Feb/2018:14:57:56 -0500] "GET /tag/delta/ HTTP/1.0" 404 1291 "-" "Mozilla/5.0 (compatible; SemrushBot/1.2~bl; +http://www.semrush.com/bot.html)"
172.69.62.14 - - [19/Feb/2018:14:58:20 -0500] "GET /author/tugues/?wpmp_switcher=mobile HTTP/1.0" 404 1291 "-" "Mozilla/5.0 (compatible; SemrushBot/1.2~bl; +http://www.semrush.com/bot.html)"
172.68.65.82 - - [19/Feb/2018:14:58:32 -0500] "GET /tag/aeromoza/ HTTP/1.0" 404 1291 "-" "Mozilla/5.0 (compatible; SemrushBot/1.2~bl; +http://www.semrush.com/bot.html)"
172.69.62.74 - - [19/Feb/2018:14:58:57 -0500] "GET /2014/08/08/destinos-para-vacacionar-sucre/ HTTP/1.0" 404 1291 "-" "Mozilla/5.0 (compatible; SemrushBot/1.2~bl; +http://www.semrush.com/bot.html)"
172.68.65.220 - - [19/Feb/2018:14:59:16 -0500] "GET /tag/margarita-island/ HTTP/1.0" 404 2673 "-" "Mozilla/5.0 (compatible; SemrushBot/1.2~bl; +http://www.semrush.com/bot.html)"
172.68.174.92 - - [19/Feb/2018:14:59:22 -0500] "GET /2008/04/23/viajes-y-deportes-viaja-con-la-vinotinto-a-uruguay/amp/ HTTP/1.0" 404 1291 "-" "Mozilla/5.0 (compatible; Googlebot/2.1; +http://www.google.com/bot.html)"
172.68.65.94 - - [19/Feb/2018:14:59:32 -0500] "GET /tag/aerolineas/ HTTP/1.0" 404 1291 "-" "Mozilla/5.0 (compatible; SemrushBot/1.2~bl; +http://www.semrush.com/bot.html)"
172.69.62.74 - - [19/Feb/2018:14:59:47 -0500] "GET /tag/caribe/ HTTP/1.0" 404 1291 "-" "Mozilla/5.0 (compatible; SemrushBot/1.2~bl; +http://www.semrush.com/bot.html)"
162.158.78.140 - - [19/Feb/2018:15:00:02 -0500] "GET /tag/northwest/ HTTP/1.0" 404 1291 "-" "Mozilla/5.0 (compatible; SemrushBot/1.2~bl; +http://www.semrush.com/bot.html)"
172.68.65.190 - - [19/Feb/2018:15:00:29 -0500] "GET /tag/iata/ HTTP/1.0" 404 1291 "-" "Mozilla/5.0 (compatible; SemrushBot/1.2~bl; +http://www.semrush.com/bot.html)"
172.68.65.190 - - [19/Feb/2018:15:00:49 -0500] "GET /tag/italia/ HTTP/1.0" 404 1291 "-" "Mozilla/5.0 (compatible; SemrushBot/1.2~bl; +http://www.semrush.com/bot.html)"
172.68.65.220 - - [19/Feb/2018:15:00:58 -0500] "GET /seccion/galeria/page/2/ HTTP/1.0" 404 1291 "-" "Mozilla/5.0 (compatible; SemrushBot/1.2~bl; +http://www.semrush.com/bot.html)"
172.68.174.86 - - [19/Feb/2018:15:01:04 -0500] "GET /2005/08/28/ministerio-de-turismo-ha-establecido-18-fondos-regionales-en-toda-venezuela/page/654/ HTTP/1.0" 404 1291 "-" "Mozilla/5.0 (compatible; Googlebot/2.1; +http://www.google.com/bot.html)"
172.69.62.98 - - [19/Feb/2018:15:01:14 -0500] "GET /2014/09/29/viaja-a-brasil-a-presenciar-f1-gran-premio-petrobras-en-noviembre/ HTTP/1.0" 404 1291 "-" "Mozilla/5.0 (compatible; SemrushBot/1.2~bl; +http://www.semrush.com/bot.html)"
172.68.65.82 - - [19/Feb/2018:15:01:32 -0500] "GET /2013/02/25/aerolineas-latinoamericanas-ofreceran-una-comida-con-mejor-sabor/ HTTP/1.0" 404 1291 "-" "Mozilla/5.0 (compatible; SemrushBot/1.2~bl; +http://www.semrush.com/bot.html)"
162.158.78.20 - - [19/Feb/2018:15:01:57 -0500] "GET /tag/taca/page/21/ HTTP/1.0" 404 1291 "-" "Mozilla/5.0 (compatible; SemrushBot/1.2~bl; +http://www.semrush.com/bot.html)"
172.68.65.190 - - [19/Feb/2018:15:02:21 -0500] "GET /tag/mac/ HTTP/1.0" 404 1291 "-" "Mozilla/5.0 (compatible; SemrushBot/1.2~bl; +http://www.semrush.com/bot.html)"
162.158.78.140 - - [19/Feb/2018:15:02:26 -0500] "GET /seccion/fotos-de-aviones/ HTTP/1.0" 404 1291 "-" "Mozilla/5.0 (compatible; SemrushBot/1.2~bl; +http://www.semrush.com/bot.html)"
172.68.174.38 - - [19/Feb/2018:15:02:39 -0500] "GET /2008/01/04/museo-de-la-leyenda-historias-de-fantasmas-en-oriente/ HTTP/1.0" 404 1291 "-" "Mozilla/5.0 (Linux; Android 6.0.1; Nexus 5X Build/MMB29P) AppleWebKit/537.36 (KHTML, like Gecko) Chrome/41.0.2272.96 Mobile Safari/537.36 (compatible; Googlebot/2.1; +http://www.google.com/bot.html)"
162.158.78.56 - - [19/Feb/2018:15:02:44 -0500] "GET /2014/06/12/la-ciudad-de-las-artes-y-las-ciencias-en-espana/ HTTP/1.0" 404 1291 "-" "Mozilla/5.0 (compatible; SemrushBot/1.2~bl; +http://www.semrush.com/bot.html)"
172.69.62.164 - - [19/Feb/2018:15:03:04 -0500] "GET /2011/05/22/viajar-con-ninos/ HTTP/1.0" 404 1291 "-" "Mozilla/5.0 (compatible; SemrushBot/1.2~bl; +http://www.semrush.com/bot.html)"
162.158.78.98 - - [19/Feb/2018:15:03:21 -0500] "GET /seccion/low-cost/page/3/ HTTP/1.0" 404 1291 "-" "Mozilla/5.0 (compatible; SemrushBot/1.2~bl; +http://www.semrush.com/bot.html)"
162.158.78.98 - - [19/Feb/2018:15:03:43 -0500] "GET /2015/02/04/pasajes-conferry-listado-de-tarifas-actualizadas/?replytocom=165102 HTTP/1.0" 404 1291 "-" "Mozilla/5.0 (compatible; SemrushBot/1.2~bl; +http://www.semrush.com/bot.html)"
162.158.78.98 - - [19/Feb/2018:15:04:00 -0500] "GET /2006/02/07/bajas-tarifas-de-nuevas-aerolineas-rebasan-al-aeropuerto-de-toluca/ HTTP/1.0" 404 1291 "-" "Mozilla/5.0 (compatible; SemrushBot/1.2~bl; +http://www.semrush.com/bot.html)"
172.68.174.110 - - [19/Feb/2018:15:04:18 -0500] "GET /2017/01/26/cuanto-se-vive-madrid/ HTTP/1.0" 404 2673 "-" "Mozilla/5.0 (compatible; Googlebot/2.1; +http://www.google.com/bot.html)"
172.69.62.164 - - [19/Feb/2018:15:04:34 -0500] "GET /2005/12/06/paris-hilton-planea-casarse-secretamente-en-hawaii/ HTTP/1.0" 404 1291 "-" "Mozilla/5.0 (compatible; SemrushBot/1.2~bl; +http://www.semrush.com/bot.html)"
172.69.62.104 - - [19/Feb/2018:15:04:57 -0500] "GET /2014/11/21/el-punto-de-vista-de-un-aguila-en-paris/ HTTP/1.0" 404 1291 "-" "Mozilla/5.0 (compatible; SemrushBot/1.2~bl; +http://www.semrush.com/bot.html)"
162.158.78.20 - - [19/Feb/2018:15:05:15 -0500] "GET /tag/windsurf/ HTTP/1.0" 404 1291 "-" "Mozilla/5.0 (compatible; SemrushBot/1.2~bl; +http://www.semrush.com/bot.html)"
172.69.62.98 - - [19/Feb/2018:15:05:26 -0500] "GET /tag/usa/ HTTP/1.0" 404 1291 "-" "Mozilla/5.0 (compatible; SemrushBot/1.2~bl; +http://www.semrush.com/bot.html)"
172.68.174.50 - - [19/Feb/2018:15:05:39 -0500] "GET /page/123/?cat=12 HTTP/1.0" 404 1291 "-" "Mozilla/5.0 (compatible; Googlebot/2.1; +http://www.google.com/bot.html)"
172.69.62.164 - - [19/Feb/2018:15:05:46 -0500] "GET /tag/aruba/ HTTP/1.0" 404 1291 "-" "Mozilla/5.0 (compatible; SemrushBot/1.2~bl; +http://www.semrush.com/bot.html)"
172.68.174.62 - - [19/Feb/2018:15:05:58 -0500] "GET /2011/07/12/vuela-en-santa-barbara-airlines-bajo-tu-propio-riesgo/ HTTP/1.0" 404 1291 "-" "Mozilla/5.0 (compatible; Googlebot/2.1; +http://www.google.com/bot.html)"
162.158.79.147 - - [19/Feb/2018:15:06:02 -0500] "GET /tag/venezuela/page/73/ HTTP/1.0" 404 1291 "-" "Mozilla/5.0 (compatible; SemrushBot/1.2~bl; +http://www.semrush.com/bot.html)"
172.68.65.220 - - [19/Feb/2018:15:06:23 -0500] "GET /2011/09/12/laser-airlines-aumento-sus-vuelos-a-merida/ HTTP/1.0" 404 1291 "-" "Mozilla/5.0 (compatible; SemrushBot/1.2~bl; +http://www.semrush.com/bot.html)"
172.68.65.94 - - [19/Feb/2018:15:06:54 -0500] "GET /2011/04/06/cementerio-judio-de-coro/ HTTP/1.0" 404 1291 "-" "Mozilla/5.0 (compatible; SemrushBot/1.2~bl; +http://www.semrush.com/bot.html)"
172.69.6.92 - - [19/Feb/2018:15:07:00 -0500] "GET /wp-content/uploads/aruba.jpg HTTP/1.0" 404 1291 "http://www.insuranceloansonline.com/posts/turismo/33/5-asombrosos-lugares-para-visitar-en-Aruba.html" "Mozilla/5.0 (Windows NT 10.0; Win64; x64) AppleWebKit/537.36 (KHTML, like Gecko) Chrome/63.0.3239.132 Safari/537.36"
172.69.62.104 - - [19/Feb/2018:15:07:08 -0500] "GET /tag/paseo/page/3/ HTTP/1.0" 404 1291 "-" "Mozilla/5.0 (compatible; SemrushBot/1.2~bl; +http://www.semrush.com/bot.html)"
172.69.62.14 - - [19/Feb/2018:15:07:22 -0500] "GET /2015/08/11/iata-suspendio-venta-bsp-a-aeropostal-y-rutaca/ HTTP/1.0" 404 1291 "-" "Mozilla/5.0 (compatible; SemrushBot/1.2~bl; +http://www.semrush.com/bot.html)"
172.68.174.98 - - [19/Feb/2018:15:07:39 -0500] "GET /2006/05/21/pistas-para-viajar-a-las-12-sedes-de-los-partidos-en-alemania-el-mundial-en-4-pasos/amp HTTP/1.0" 404 1291 "-" "Mozilla/5.0 (compatible; Googlebot/2.1; +http://www.google.com/bot.html)"
172.68.65.94 - - [19/Feb/2018:15:07:41 -0500] "GET /tag/musica/ HTTP/1.0" 404 1291 "-" "Mozilla/5.0 (compatible; SemrushBot/1.2~bl; +http://www.semrush.com/bot.html)"
172.68.65.94 - - [19/Feb/2018:15:08:00 -0500] "GET /seccion/jets-privados/?filter_by=popular HTTP/1.0" 404 1291 "-" "Mozilla/5.0 (compatible; SemrushBot/1.2~bl; +http://www.semrush.com/bot.html)"
162.158.78.20 - - [19/Feb/2018:15:08:18 -0500] "GET /tag/petrobras/ HTTP/1.0" 404 1291 "-" "Mozilla/5.0 (compatible; SemrushBot/1.2~bl; +http://www.semrush.com/bot.html)"
162.158.78.56 - - [19/Feb/2018:15:08:34 -0500] "GET /2009/07/29/video-bruce-dickinson-vuela-un-airbus-a320/ HTTP/1.0" 404 1291 "-" "Mozilla/5.0 (compatible; SemrushBot/1.2~bl; +http://www.semrush.com/bot.html)"
162.158.78.20 - - [19/Feb/2018:15:08:53 -0500] "GET /seccion/destinos/cuba/ HTTP/1.0" 404 1291 "-" "Mozilla/5.0 (compatible; SemrushBot/1.2~bl; +http://www.semrush.com/bot.html)"
