141.101.98.50 - - [19/Feb/2018:16:25:24 -0500] "GET /robots.txt HTTP/1.0" 404 1291 "-" "Mozilla/5.0 (compatible; MojeekBot/0.6; +https://www.mojeek.com/bot.html)"
162.158.154.143 - - [19/Feb/2018:16:25:27 -0500] "GET /2014/10/02/conoce-las-historias-increibles-de-passenger-sharming/ HTTP/1.0" 404 1291 "-" "Mozilla/5.0 (compatible; MojeekBot/0.6; +https://www.mojeek.com/bot.html)"
172.68.174.56 - - [19/Feb/2018:16:26:29 -0500] "GET /2007/01/06/bahia-de-cata-venezuela/ HTTP/1.0" 404 2673 "-" "Mozilla/5.0 (compatible; Googlebot/2.1; +http://www.google.com/bot.html)"
172.68.174.20 - - [19/Feb/2018:16:28:08 -0500] "GET /2005/08/23/avion-de-aerolineas-argentinas-aterrizo-de-emergencia-en-bahia-blanca/amp HTTP/1.0" 404 1291 "-" "Mozilla/5.0 (compatible; Googlebot/2.1; +http://www.google.com/bot.html)"
172.68.174.62 - - [19/Feb/2018:16:29:47 -0500] "GET /2008/04/27/edgar-ramirez-recomienda-caracas-en-travelleisure/?nonamp=1 HTTP/1.0" 404 1291 "-" "Mozilla/5.0 (compatible; Googlebot/2.1; +http://www.google.com/bot.html)"
172.68.46.183 - - [19/Feb/2018:16:30:05 -0500] "GET / HTTP/1.0" 200 509 "-" "Mozilla/5.0 (Windows NT 6.1; WOW64; rv:2.0.1) Gecko/20100101 Firefox/4.0.1"
172.68.174.116 - - [19/Feb/2018:16:31:25 -0500] "GET /2009/01/27/calendario-viva-aerobus-2009-modelos-y-aeromozas-por-una-buena-causa/amp HTTP/1.0" 404 1291 "-" "Mozilla/5.0 (compatible; Googlebot/2.1; +http://www.google.com/bot.html)"
172.68.174.104 - - [19/Feb/2018:16:33:04 -0500] "GET /2005/10/27/465?nonamp=1 HTTP/1.0" 404 2673 "-" "Mozilla/5.0 (compatible; Googlebot/2.1; +http://www.google.com/bot.html)"
172.68.178.38 - - [19/Feb/2018:16:33:48 -0500] "GET /wp-content/uploads/aruba.jpg HTTP/1.0" 404 1291 "http://www.insuranceloansonline.com/posts/turismo/33/5-asombrosos-lugares-para-visitar-en-Aruba.html" "Mozilla/5.0 (Windows NT 6.1; rv:58.0) Gecko/20100101 Firefox/58.0"
172.68.174.92 - - [19/Feb/2018:16:34:43 -0500] "GET /2008/10/28/cruceros-sin-visa-por-centroamerica/page/478/ HTTP/1.0" 404 1291 "-" "Mozilla/5.0 (compatible; Googlebot/2.1; +http://www.google.com/bot.html)"
172.68.174.50 - - [19/Feb/2018:16:36:21 -0500] "GET /2007/11/24/spirit-airlines-inicia-vuelos-a-colombia-a-bajo-costo/comment-page-2/ HTTP/1.0" 404 1291 "-" "Mozilla/5.0 (compatible; Googlebot/2.1; +http://www.google.com/bot.html)"
172.68.174.38 - - [19/Feb/2018:16:39:39 -0500] "GET /2007/08/15/lounge-primera-clase-de-lufthansa-en-munich?nonamp=1 HTTP/1.0" 404 2673 "-" "Mozilla/5.0 (compatible; Googlebot/2.1; +http://www.google.com/bot.html)"
172.68.174.74 - - [19/Feb/2018:16:42:59 -0500] "GET /2008/10/28/skytrax-%E2%80%9Ccontinental-airlines-la-mejor-linea-aerea-en-america-del-norte%E2%80%9D/amp HTTP/1.0" 404 1291 "-" "Mozilla/5.0 (compatible; Googlebot/2.1; +http://www.google.com/bot.html)"
172.68.94.86 - - [19/Feb/2018:16:44:26 -0500] "GET /wp-content/uploads/aruba.jpg HTTP/1.0" 404 1291 "http://www.insuranceloansonline.com/posts/turismo/33/5-asombrosos-lugares-para-visitar-en-Aruba.html" "Mozilla/5.0 (Macintosh; Intel Mac OS X 10_12_6) AppleWebKit/604.5.6 (KHTML, like Gecko) Version/11.0.3 Safari/604.5.6"
172.68.174.14 - - [19/Feb/2018:16:44:37 -0500] "GET /2008/05/30/fotos-en-360%C2%BA-tours-virtuales-para-hoteles-y-servicios-turisticos/amp HTTP/1.0" 404 1291 "-" "Mozilla/5.0 (compatible; Googlebot/2.1; +http://www.google.com/bot.html)"
172.69.23.67 - - [19/Feb/2018:16:45:55 -0500] "GET /wp-content/uploads/ssj100-1.jpg HTTP/1.0" 404 2673 "-" "Mozilla/5.0 (Macintosh; Intel Mac OS X 10_10_1) AppleWebKit/600.2.5 (KHTML, like Gecko) Version/8.0.2 Safari/600.2.5 (Applebot/0.1; +http://www.apple.com/go/applebot)"
172.68.174.80 - - [19/Feb/2018:16:46:01 -0500] "GET /2008/12/02/comida-en-aviones-lufthansa-american-airlines-fotos/page/473/ HTTP/1.0" 404 1291 "-" "Mozilla/5.0 (compatible; Googlebot/2.1; +http://www.google.com/bot.html)"
172.68.174.80 - - [19/Feb/2018:16:46:16 -0500] "GET /2009/02/10/venezolanos-y-bolivianos-requeriran-visa-para-viajar-al-reino-unido/amp HTTP/1.0" 404 1291 "-" "Mozilla/5.0 (compatible; Googlebot/2.1; +http://www.google.com/bot.html)"
172.68.174.74 - - [19/Feb/2018:16:47:52 -0500] "GET /2009/01/05/banesco-restringe-uso-de-tarjetas-de-credito-en-el-exterior/comment-page-1/ HTTP/1.0" 404 1291 "-" "Mozilla/5.0 (compatible; Googlebot/2.1; +http://www.google.com/bot.html)"
162.158.146.170 - - [19/Feb/2018:16:49:08 -0500] "GET /tag/fotografia/ HTTP/1.0" 404 1291 "-" "Mozilla/5.0 (compatible; Yahoo! Slurp; http://help.yahoo.com/help/us/ysearch/slurp)"
172.68.174.110 - - [19/Feb/2018:16:49:30 -0500] "GET /2008/09/04/calendario-playero-2009-casting/?nonamp=1 HTTP/1.0" 404 1291 "-" "Mozilla/5.0 (compatible; Googlebot/2.1; +http://www.google.com/bot.html)"
172.68.46.183 - - [19/Feb/2018:16:50:05 -0500] "GET / HTTP/1.0" 200 509 "-" "Mozilla/5.0 (Windows NT 6.1; WOW64; rv:2.0.1) Gecko/20100101 Firefox/4.0.1"
198.41.230.230 - - [19/Feb/2018:16:51:12 -0500] "GET /wp-content/uploads/aruba.jpg HTTP/1.0" 404 2673 "http://www.insuranceloansonline.com/posts/turismo/33/5-asombrosos-lugares-para-visitar-en-Aruba.html" "Mozilla/5.0 (Windows NT 6.1) AppleWebKit/537.36 (KHTML, like Gecko) Chrome/64.0.3282.143 Safari/537.36 Vivaldi/1.95.1077.45"
172.68.174.50 - - [19/Feb/2018:16:52:48 -0500] "GET /2008/07/22/error-en-la-pagina-de-avianca-muestra-pasaje-caracas-miami-en-33/amp HTTP/1.0" 404 1291 "-" "Mozilla/5.0 (compatible; Googlebot/2.1; +http://www.google.com/bot.html)"
108.162.210.176 - - [19/Feb/2018:16:53:00 -0500] "GET /wp-content/uploads/aruba.jpg HTTP/1.0" 404 1291 "http://www.insuranceloansonline.com/posts/turismo/33/5-asombrosos-lugares-para-visitar-en-Aruba.html" "Mozilla/5.0 (Windows NT 6.1) AppleWebKit/537.36 (KHTML, like Gecko) Chrome/64.0.3282.167 Safari/537.36"
162.158.146.68 - - [19/Feb/2018:16:54:23 -0500] "GET /2010/03/31/promocion-sba-airlines-ofrece-pasajes-a-panama-a-bs-158949/ HTTP/1.0" 404 1291 "-" "Mozilla/5.0 (compatible; bingbot/2.0; +http://www.bing.com/bingbot.htm)"
172.68.174.32 - - [19/Feb/2018:16:54:26 -0500] "GET /2009/02/02/video-procedimientos-de-emergencia-en-aviones/amp HTTP/1.0" 404 1291 "-" "Mozilla/5.0 (compatible; Googlebot/2.1; +http://www.google.com/bot.html)"
172.68.174.38 - - [19/Feb/2018:16:56:05 -0500] "GET /ads.txt HTTP/1.0" 404 1291 "-" "Mozilla/5.0 (compatible; Googlebot/2.1; +http://www.google.com/bot.html)"
162.158.146.158 - - [19/Feb/2018:16:56:41 -0500] "GET /2008/12/08/fotos-de-aviones-cambio-de-imagen-de-mexicana/ HTTP/1.0" 404 2673 "-" "Mozilla/5.0 (compatible; bingbot/2.0; +http://www.bing.com/bingbot.htm)"
172.68.47.250 - - [19/Feb/2018:16:57:03 -0500] "GET /wp-content/uploads/aruba.jpg HTTP/1.0" 404 1291 "http://www.insuranceloansonline.com/posts/turismo/33/5-asombrosos-lugares-para-visitar-en-Aruba.html" "Mozilla/5.0 (Windows NT 10.0; Win64; x64) AppleWebKit/537.36 (KHTML, like Gecko) Chrome/64.0.3282.119 Safari/537.36"
172.68.174.68 - - [19/Feb/2018:16:57:49 -0500] "GET /robots.txt HTTP/1.0" 404 1291 "-" "Mozilla/5.0 (compatible; Googlebot/2.1; +http://www.google.com/bot.html)"
172.68.174.56 - - [19/Feb/2018:16:57:50 -0500] "GET /2011/07/13/%C2%BFque-hacer-en-caso-de-overbooking/overbooking/ HTTP/1.0" 404 1291 "-" "Mozilla/5.0 (compatible; Googlebot/2.1; +http://www.google.com/bot.html)"
172.68.174.110 - - [19/Feb/2018:16:58:18 -0500] "GET /wp-content/uploads/aeromoza.jpg HTTP/1.0" 404 1291 "-" "Googlebot-Image/1.0"
172.68.174.116 - - [19/Feb/2018:16:58:37 -0500] "GET /2006/05/01/quiero-ser-aeromoza-requisitos-academias-y-todo-lo-que-necesitas-para-ser-azafata/amp/ HTTP/1.0" 404 1291 "-" "Mozilla/5.0 (Linux; Android 6.0.1; Nexus 5X Build/MMB29P) AppleWebKit/537.36 (KHTML, like Gecko) Chrome/41.0.2272.96 Mobile Safari/537.36 (compatible; Googlebot/2.1; +http://www.google.com/bot.html)"
172.68.174.20 - - [19/Feb/2018:16:59:23 -0500] "GET /2013/02/01/pasos-para-tramitar-el-permiso-de-viaje-de-tu-mascota/ HTTP/1.0" 404 1291 "-" "Mozilla/5.0 (Linux; Android 6.0.1; Nexus 5X Build/MMB29P) AppleWebKit/537.36 (KHTML, like Gecko) Chrome/41.0.2272.96 Mobile Safari/537.36 (compatible; Googlebot/2.1; +http://www.google.com/bot.html)"
172.68.174.110 - - [19/Feb/2018:17:01:01 -0500] "GET /2005/04/26/intercontinental-paris-sera-adquirido-por-principe-arabe/ HTTP/1.0" 404 1291 "-" "Mozilla/5.0 (compatible; Googlebot/2.1; +http://www.google.com/bot.html)"
108.162.237.110 - - [19/Feb/2018:17:01:13 -0500] "GET /wp-content/uploads/aruba.jpg HTTP/1.0" 404 1291 "http://www.insuranceloansonline.com/posts/turismo/33/5-asombrosos-lugares-para-visitar-en-Aruba.html" "Mozilla/5.0 (Windows NT 10.0) AppleWebKit/537.36 (KHTML, like Gecko) Chrome/63.0.3239.132 Safari/537.36"
172.68.174.92 - - [19/Feb/2018:17:02:45 -0500] "GET /2009/02/25/fotos-de-aviones-la-primera-clase-de-swiss-air/?utm_source=feedburner&utm_medium=feed&utm_campaign=Feed%3A+PrimeraClase+(Primera+Clase) HTTP/1.0" 404 2673 "-" "Mozilla/5.0 (compatible; Googlebot/2.1; +http://www.google.com/bot.html)"
172.68.174.8 - - [19/Feb/2018:17:04:18 -0500] "GET /2005/10/27/465/page/613/ HTTP/1.0" 404 1291 "-" "Mozilla/5.0 (compatible; Googlebot/2.1; +http://www.google.com/bot.html)"
172.68.174.98 - - [19/Feb/2018:17:07:37 -0500] "GET /2009/02/11/aviacion-militar-aterrizaje-fallido-de-un-f-18-en-un-portaaviones/amp/ HTTP/1.0" 404 1291 "-" "Mozilla/5.0 (compatible; Googlebot/2.1; +http://www.google.com/bot.html)"
172.68.174.26 - - [19/Feb/2018:17:07:39 -0500] "GET /2009/05/22/guia-de-viajes-interactiva-tripwolf/amp/ HTTP/1.0" 404 1291 "-" "Mozilla/5.0 (compatible; Googlebot/2.1; +http://www.google.com/bot.html)"
172.68.174.104 - - [19/Feb/2018:17:09:14 -0500] "GET /2005/08/25/fotos-aviones-conviasa/?nonamp=1 HTTP/1.0" 404 2673 "-" "Mozilla/5.0 (compatible; Googlebot/2.1; +http://www.google.com/bot.html)"
172.68.46.183 - - [19/Feb/2018:17:10:15 -0500] "GET / HTTP/1.0" 200 509 "-" "Mozilla/5.0 (Windows NT 6.1; WOW64; rv:2.0.1) Gecko/20100101 Firefox/4.0.1"
108.162.210.176 - - [19/Feb/2018:17:10:49 -0500] "GET /wp-content/uploads/aruba.jpg HTTP/1.0" 404 1291 "http://www.insuranceloansonline.com/posts/turismo/33/5-asombrosos-lugares-para-visitar-en-Aruba.html" "Mozilla/5.0 (Windows NT 6.1) AppleWebKit/537.36 (KHTML, like Gecko) Chrome/63.0.3239.132 Safari/537.36"
172.68.174.50 - - [19/Feb/2018:17:10:52 -0500] "GET /2009/02/20/seguridad-tsa-inicia-pruebas-de-escaner-de-cuerpo-completo/?nonamp=1 HTTP/1.0" 404 1291 "-" "Mozilla/5.0 (compatible; Googlebot/2.1; +http://www.google.com/bot.html)"
172.68.174.80 - - [19/Feb/2018:17:14:15 -0500] "GET /2008/10/28/skytrax-%E2%80%9Ccontinental-airlines-la-mejor-linea-aerea-en-america-del-norte%E2%80%9D/?nonamp=1 HTTP/1.0" 404 2673 "-" "Mozilla/5.0 (compatible; Googlebot/2.1; +http://www.google.com/bot.html)"
172.68.174.116 - - [19/Feb/2018:17:15:48 -0500] "GET /2009/03/26/fotos-salon-de-lufthansa-para-primera-clase-en-frankfurt/page/466/ HTTP/1.0" 404 1291 "-" "Mozilla/5.0 (compatible; Googlebot/2.1; +http://www.google.com/bot.html)"
172.68.174.56 - - [19/Feb/2018:17:17:27 -0500] "GET /2009/02/19/viaje-a-egipto-al-mundial-de-futbol-sub-20/?nonamp=1 HTTP/1.0" 404 1291 "-" "Mozilla/5.0 (compatible; Googlebot/2.1; +http://www.google.com/bot.html)"
172.68.174.110 - - [19/Feb/2018:17:19:06 -0500] "GET /2009/02/16/hoteles-en-nueva-york-the-jane-un-hotel-que-quiere-ser-barco/?utm_source=feedburner&utm_medium=feed&utm_campaign=Feed%3A+PrimeraClase+(Primera+Clase)&wpmp_switcher=mobile HTTP/1.0" 404 1291 "-" "Mozilla/5.0 (compatible; Googlebot/2.1; +http://www.google.com/bot.html)"
172.68.58.45 - - [19/Feb/2018:17:20:02 -0500] "GET /feed/ HTTP/1.0" 404 2673 "-" "NewsGatorOnline/2.0 (http://www.newsgator.com; 1 subscribers)"
172.68.174.116 - - [19/Feb/2018:17:20:44 -0500] "GET /2008/04/27/edgar-ramirez-recomienda-caracas-en-travelleisure?nonamp=1 HTTP/1.0" 404 1291 "-" "Mozilla/5.0 (compatible; Googlebot/2.1; +http://www.google.com/bot.html)"
162.158.146.26 - - [19/Feb/2018:17:23:34 -0500] "GET /2011/01/11/adonde-fueres-prueba-la-gastronomia-local/olympus-digital-camera-10/ HTTP/1.0" 404 1291 "-" "Mozilla/5.0 (compatible; bingbot/2.0; +http://www.bing.com/bingbot.htm)"
172.68.174.104 - - [19/Feb/2018:17:24:02 -0500] "GET /2009/04/01/semana-santa-2009-fiestas-y-eventos-en-la-isla-de-margarita/?nonamp=1 HTTP/1.0" 404 1291 "-" "Mozilla/5.0 (compatible; Googlebot/2.1; +http://www.google.com/bot.html)"
172.68.174.116 - - [19/Feb/2018:17:25:40 -0500] "GET /2009/02/25/fotos-de-aviones-la-primera-clase-de-swiss-air/swiss-air-4/?wpmp_switcher=mobile HTTP/1.0" 404 2673 "-" "Mozilla/5.0 (compatible; Googlebot/2.1; +http://www.google.com/bot.html)"
172.68.174.56 - - [19/Feb/2018:17:27:19 -0500] "GET /2007/08/15/lounge-primera-clase-de-lufthansa-en-munich/page/512/ HTTP/1.0" 404 1291 "-" "Mozilla/5.0 (compatible; Googlebot/2.1; +http://www.google.com/bot.html)"
172.68.174.56 - - [19/Feb/2018:17:28:57 -0500] "GET /2009/03/06/conferry-precios-de-pasajes-de-ferry-desde-puerto-la-cruz-a-isla-de-margarita/comment-page-2/ HTTP/1.0" 404 1291 "-" "Mozilla/5.0 (compatible; Googlebot/2.1; +http://www.google.com/bot.html)"
172.68.46.183 - - [19/Feb/2018:17:30:04 -0500] "GET / HTTP/1.0" 200 509 "-" "Mozilla/5.0 (Windows NT 6.1; WOW64; rv:2.0.1) Gecko/20100101 Firefox/4.0.1"
172.68.174.26 - - [19/Feb/2018:17:30:36 -0500] "GET /2008/09/04/calendario-playero-2009-casting?nonamp=1 HTTP/1.0" 404 1291 "-" "Mozilla/5.0 (compatible; Googlebot/2.1; +http://www.google.com/bot.html)"
108.162.210.176 - - [19/Feb/2018:17:31:27 -0500] "GET /wp-content/uploads/aruba.jpg HTTP/1.0" 404 2673 "http://www.insuranceloansonline.com/posts/turismo/33/5-asombrosos-lugares-para-visitar-en-Aruba.html" "Mozilla/5.0 (Windows NT 6.1) AppleWebKit/537.36 (KHTML, like Gecko) Chrome/64.0.3282.167 Safari/537.36"
172.68.174.116 - - [19/Feb/2018:17:32:15 -0500] "GET /2004/09/27/seniat-ordeno-cierre-de-casinos-y-bingos-en-margarita/amp HTTP/1.0" 404 1291 "-" "Mozilla/5.0 (compatible; Googlebot/2.1; +http://www.google.com/bot.html)"
162.158.146.8 - - [19/Feb/2018:17:32:39 -0500] "GET /tag/sao-paulo/ HTTP/1.0" 404 1291 "-" "Mozilla/5.0 (compatible; bingbot/2.0; +http://www.bing.com/bingbot.htm)"
172.68.174.110 - - [19/Feb/2018:17:33:54 -0500] "GET /2005/12/19/argentina-relanzaran-a-lineas-aereas-del-estado-para-operaciones-aerocomerciales/ HTTP/1.0" 404 1291 "-" "Mozilla/5.0 (compatible; Googlebot/2.1; +http://www.google.com/bot.html)"
172.68.174.92 - - [19/Feb/2018:17:35:32 -0500] "GET /2009/07/29/video-bruce-dickinson-vuela-un-airbus-a320?nonamp=1 HTTP/1.0" 404 1291 "-" "Mozilla/5.0 (compatible; Googlebot/2.1; +http://www.google.com/bot.html)"
172.68.174.50 - - [19/Feb/2018:17:37:11 -0500] "GET /2009/02/19/viaje-a-egipto-al-mundial-de-futbol-sub-20?nonamp=1 HTTP/1.0" 404 2673 "-" "Mozilla/5.0 (compatible; Googlebot/2.1; +http://www.google.com/bot.html)"
172.68.174.116 - - [19/Feb/2018:17:37:13 -0500] "GET /tag/hotel-../page/15/ HTTP/1.0" 404 1291 "-" "Mozilla/5.0 (compatible; Googlebot/2.1; +http://www.google.com/bot.html)"
172.68.174.26 - - [19/Feb/2018:17:38:49 -0500] "GET /2005/04/26/intercontinental-paris-sera-adquirido-por-principe-arabe/amp HTTP/1.0" 404 1291 "-" "Mozilla/5.0 (compatible; Googlebot/2.1; +http://www.google.com/bot.html)"
172.68.174.116 - - [19/Feb/2018:17:42:07 -0500] "GET /2005/08/25/fotos-aviones-conviasa?nonamp=1 HTTP/1.0" 404 1291 "-" "Mozilla/5.0 (compatible; Googlebot/2.1; +http://www.google.com/bot.html)"
172.68.174.26 - - [19/Feb/2018:17:43:45 -0500] "GET /2009/04/28/video-avion-presidencial-air-force-one-vuela-bajo-y-causa-panico-en-ny/?wpmp_switcher=mobile HTTP/1.0" 404 2673 "-" "Mozilla/5.0 (compatible; Googlebot/2.1; +http://www.google.com/bot.html)"
172.68.174.44 - - [19/Feb/2018:17:47:02 -0500] "GET /2009/05/06/pasaporte-venezolano-onidex-se-pone-al-dia/comment-page-2/ HTTP/1.0" 404 1291 "-" "Mozilla/5.0 (compatible; Googlebot/2.1; +http://www.google.com/bot.html)"
172.68.174.110 - - [19/Feb/2018:17:48:41 -0500] "GET /2009/05/04/cupo-de-viajes-%C2%BFfunciona-mi-tarjeta-en-el-exterior/comment-page-7/ HTTP/1.0" 404 1291 "-" "Mozilla/5.0 (compatible; Googlebot/2.1; +http://www.google.com/bot.html)"
172.68.46.183 - - [19/Feb/2018:17:50:17 -0500] "GET / HTTP/1.0" 200 1891 "-" "Mozilla/5.0 (Windows NT 6.1; WOW64; rv:2.0.1) Gecko/20100101 Firefox/4.0.1"
172.68.174.104 - - [19/Feb/2018:17:50:23 -0500] "GET /2009/04/29/playas-de-margarita-punta-arenas/dsc03588/?wpmp_switcher=mobile HTTP/1.0" 404 1291 "-" "Mozilla/5.0 (compatible; Googlebot/2.1; +http://www.google.com/bot.html)"
172.68.174.20 - - [19/Feb/2018:17:51:11 -0500] "GET /2005/04/26/intercontinental-paris-sera-adquirido-por-principe-arabe/?nonamp=1 HTTP/1.0" 404 1291 "-" "Mozilla/5.0 (compatible; Googlebot/2.1; +http://www.google.com/bot.html)"
172.69.62.26 - - [19/Feb/2018:17:51:35 -0500] "GET /2007/08/25/espana-ha-devuelto-a-13-mil-500-%E2%80%98falsos-turistas%E2%80%99/ HTTP/1.0" 404 1291 "-" "Mozilla/5.0 (compatible; SemrushBot-BA; +http://www.semrush.com/bot.html)"
172.68.174.92 - - [19/Feb/2018:17:52:01 -0500] "GET /2009/07/24/shangai-airlines-recibe-su-primer-airbus-a321/amp/ HTTP/1.0" 404 1291 "-" "Mozilla/5.0 (compatible; Googlebot/2.1; +http://www.google.com/bot.html)"
172.69.62.26 - - [19/Feb/2018:17:52:01 -0500] "GET /2007/04/10/la-broma-de-ryanair-vuelos-low-cost-a-la-luna/ HTTP/1.0" 404 1291 "-" "Mozilla/5.0 (compatible; SemrushBot-BA; +http://www.semrush.com/bot.html)"
172.68.246.102 - - [19/Feb/2018:17:53:35 -0500] "GET /robots.txt HTTP/1.0" 404 1291 "-" "Mozilla/5.0 (compatible; Linux x86_64; Mail.RU_Bot/2.0; +http://go.mail.ru/help/robots)"
172.68.245.173 - - [19/Feb/2018:17:53:37 -0500] "GET /page-sitemap.xml HTTP/1.0" 404 1291 "-" "Mozilla/5.0 (compatible; Linux x86_64; Mail.RU_Bot/2.0; +http://go.mail.ru/help/robots)"
172.68.174.20 - - [19/Feb/2018:17:53:41 -0500] "GET /2009/07/13/fotos-del-airbus-a380-de-air-france/amp HTTP/1.0" 404 1291 "-" "Mozilla/5.0 (compatible; Googlebot/2.1; +http://www.google.com/bot.html)"
172.68.174.74 - - [19/Feb/2018:17:55:49 -0500] "GET /2011/05/23/a-ganar-con-edreams/ HTTP/1.0" 404 2673 "-" "Mozilla/5.0 (compatible; Googlebot/2.1; +http://www.google.com/bot.html)"
172.68.246.6 - - [19/Feb/2018:17:56:16 -0500] "GET /seccion/lujo/ HTTP/1.0" 404 1291 "-" "Mozilla/5.0 (compatible; Linux x86_64; Mail.RU_Bot/2.0; +http://go.mail.ru/help/robots)"
108.162.212.237 - - [19/Feb/2018:17:56:45 -0500] "GET /wp-content/uploads/aruba.jpg HTTP/1.0" 404 1291 "http://www.insuranceloansonline.com/posts/turismo/33/5-asombrosos-lugares-para-visitar-en-Aruba.html" "Mozilla/5.0 (Windows NT 10.0; Win64; x64) AppleWebKit/537.36 (KHTML, like Gecko) Chrome/63.0.3239.132 Safari/537.36"
172.68.174.92 - - [19/Feb/2018:17:56:54 -0500] "GET /2009/06/29/primer-avion-solar-preparado-para-dar-vuelta-al-mundo/amp HTTP/1.0" 404 1291 "-" "Mozilla/5.0 (compatible; Googlebot/2.1; +http://www.google.com/bot.html)"
162.158.146.122 - - [19/Feb/2018:17:57:21 -0500] "GET /2009/11/08/%c2%bfque-tal-unas-vacaciones-en-irak/ HTTP/1.0" 404 1291 "-" "Mozilla/5.0 (compatible; bingbot/2.0; +http://www.bing.com/bingbot.htm)"
172.68.174.68 - - [19/Feb/2018:18:01:51 -0500] "GET /2011/01/13/zona-colonial-de-petare-caracas-venezuela/ HTTP/1.0" 404 2673 "-" "Mozilla/5.0 (compatible; Googlebot/2.1; +http://www.google.com/bot.html)"
172.68.174.38 - - [19/Feb/2018:18:03:29 -0500] "GET /2006/01/09/santa-barbara-airlines-anuncia-nuevos-horarios-en-sus-vuelos-a-miami/ HTTP/1.0" 404 1291 "-" "Mozilla/5.0 (compatible; Googlebot/2.1; +http://www.google.com/bot.html)"
172.68.174.98 - - [19/Feb/2018:18:05:08 -0500] "GET /2004/11/03/cirugia-plastica-y-turismo-un-combo-de-lujo-en-margarita/amp HTTP/1.0" 404 1291 "-" "Mozilla/5.0 (compatible; Googlebot/2.1; +http://www.google.com/bot.html)"
172.68.46.183 - - [19/Feb/2018:18:10:16 -0500] "GET / HTTP/1.0" 200 1891 "-" "Mozilla/5.0 (Windows NT 6.1; WOW64; rv:2.0.1) Gecko/20100101 Firefox/4.0.1"
172.68.174.8 - - [19/Feb/2018:18:11:42 -0500] "GET /2009/05/22/guia-de-viajes-interactiva-tripwolf/page/463/ HTTP/1.0" 404 1291 "-" "Mozilla/5.0 (compatible; Googlebot/2.1; +http://www.google.com/bot.html)"
172.68.174.56 - - [19/Feb/2018:18:13:27 -0500] "GET /2009/04/28/video-avion-presidencial-air-force-one-vuela-bajo-y-causa-panico-en-ny/amp HTTP/1.0" 404 1291 "-" "Mozilla/5.0 (compatible; Googlebot/2.1; +http://www.google.com/bot.html)"
162.158.146.86 - - [19/Feb/2018:18:17:02 -0500] "GET /2013/03/01/recorrido-fotografico-por-mato-grosso/chapada-skycraperlife/ HTTP/1.0" 404 2673 "-" "Mozilla/5.0 (compatible; bingbot/2.0; +http://www.bing.com/bingbot.htm)"
172.68.174.56 - - [19/Feb/2018:18:18:19 -0500] "GET /2009/08/25/nuevo-aeropuerto-de-montevideo/?wpmp_switcher=mobile HTTP/1.0" 404 1291 "-" "Mozilla/5.0 (compatible; Googlebot/2.1; +http://www.google.com/bot.html)"
172.69.6.92 - - [19/Feb/2018:18:18:43 -0500] "GET /wp-content/uploads/aruba.jpg HTTP/1.0" 404 1291 "http://www.insuranceloansonline.com/posts/turismo/33/5-asombrosos-lugares-para-visitar-en-Aruba.html" "Mozilla/5.0 (Windows NT 6.3; Win64; x64) AppleWebKit/537.36 (KHTML, like Gecko) Chrome/64.0.3282.167 Safari/537.36"
172.68.174.26 - - [19/Feb/2018:18:19:55 -0500] "GET /2009/09/07/american-airlines-doble-millaje-para-subir-de-estatus-en-aadvantage?nonamp=1 HTTP/1.0" 404 1291 "-" "Mozilla/5.0 (compatible; Googlebot/2.1; +http://www.google.com/bot.html)"
172.68.174.68 - - [19/Feb/2018:18:21:33 -0500] "GET /2009/02/25/fotos-de-aviones-la-primera-clase-de-swiss-air/swiss-air-4/?wpmp_switcher=desktop HTTP/1.0" 404 1291 "-" "Mozilla/5.0 (compatible; Googlebot/2.1; +http://www.google.com/bot.html)"
172.68.174.20 - - [19/Feb/2018:18:23:12 -0500] "GET /2008/10/07/avianca-recibe-nuevo-avion-airbus-a320-200/?nonamp=1 HTTP/1.0" 404 2673 "-" "Mozilla/5.0 (compatible; Googlebot/2.1; +http://www.google.com/bot.html)"
198.41.230.68 - - [19/Feb/2018:18:26:15 -0500] "GET /wp-content/uploads/aruba.jpg HTTP/1.0" 404 1291 "http://www.insuranceloansonline.com/posts/turismo/33/5-asombrosos-lugares-para-visitar-en-Aruba.html" "Mozilla/5.0 (Windows NT 10.0; Win64; x64) AppleWebKit/537.36 (KHTML, like Gecko) Chrome/63.0.3239.132 Safari/537.36"
108.162.210.176 - - [19/Feb/2018:18:26:26 -0500] "GET /wp-content/uploads/aruba.jpg HTTP/1.0" 404 1291 "http://www.insuranceloansonline.com/posts/turismo/33/5-asombrosos-lugares-para-visitar-en-Aruba.html" "Mozilla/5.0 (Windows NT 10.0) AppleWebKit/537.36 (KHTML, like Gecko) Chrome/63.0.3239.132 Safari/537.36"
162.158.146.158 - - [19/Feb/2018:18:26:29 -0500] "GET /2013/08/02/peregrinacion-al-santo-cristo-de-la-grita/ HTTP/1.0" 404 1291 "-" "Mozilla/5.0 (compatible; bingbot/2.0; +http://www.bing.com/bingbot.htm)"
172.68.174.110 - - [19/Feb/2018:18:26:29 -0500] "GET /2009/03/06/conferry-precios-de-pasajes-de-ferry-desde-puerto-la-cruz-a-isla-de-margarita/comment-page-5/ HTTP/1.0" 404 1291 "-" "Mozilla/5.0 (compatible; Googlebot/2.1; +http://www.google.com/bot.html)"
162.158.146.26 - - [19/Feb/2018:18:26:33 -0500] "GET /tag/x-scream/ HTTP/1.0" 404 1291 "-" "Mozilla/5.0 (compatible; bingbot/2.0; +http://www.bing.com/bingbot.htm)"
162.158.146.92 - - [19/Feb/2018:18:29:38 -0500] "GET /2013/11/20/proyecto-eden-un-modelo-sostenible/eden-project/ HTTP/1.0" 404 2673 "-" "Mozilla/5.0 (compatible; bingbot/2.0; +http://www.bing.com/bingbot.htm)"
172.68.46.183 - - [19/Feb/2018:18:30:05 -0500] "GET / HTTP/1.0" 200 509 "-" "Mozilla/5.0 (Windows NT 6.1; WOW64; rv:2.0.1) Gecko/20100101 Firefox/4.0.1"
108.162.221.113 - - [19/Feb/2018:18:30:43 -0500] "GET /wp-content/uploads/aruba.jpg HTTP/1.0" 404 1291 "http://www.insuranceloansonline.com/posts/turismo/33/5-asombrosos-lugares-para-visitar-en-Aruba.html" "Mozilla/5.0 (Windows NT 10.0; Win64; x64) AppleWebKit/537.36 (KHTML, like Gecko) Chrome/63.0.3239.132 Safari/537.36"
172.68.174.104 - - [19/Feb/2018:18:31:35 -0500] "GET /2012/03/13/estancia-la-vera-cruz/ HTTP/1.0" 404 1291 "-" "Mozilla/5.0 (compatible; Googlebot/2.1; +http://www.google.com/bot.html)"
162.158.146.86 - - [19/Feb/2018:18:32:42 -0500] "GET /2006/04/04/conviasa-inicia-vuelos-diarios-a-bogota/ HTTP/1.0" 404 1291 "-" "Mozilla/5.0 (compatible; bingbot/2.0; +http://www.bing.com/bingbot.htm)"
172.68.174.20 - - [19/Feb/2018:18:33:04 -0500] "GET /2011/07/12/vuela-en-santa-barbara-airlines-bajo-tu-propio-riesgo/ HTTP/1.0" 404 1291 "-" "Mozilla/5.0 (compatible; Googlebot/2.1; +http://www.google.com/bot.html)"
172.68.174.14 - - [19/Feb/2018:18:34:43 -0500] "GET /2007/01/15/alquiler-de-jets-privados-helicopteros-y-otros-aviones-ejecutivos/ HTTP/1.0" 404 2673 "-" "Mozilla/5.0 (compatible; Googlebot/2.1; +http://www.google.com/bot.html)"
172.68.47.250 - - [19/Feb/2018:18:35:54 -0500] "GET /wp-content/uploads/aruba.jpg HTTP/1.0" 404 1291 "http://www.insuranceloansonline.com/posts/turismo/33/5-asombrosos-lugares-para-visitar-en-Aruba.html" "Mozilla/5.0 (Windows NT 10.0; Win64; x64) AppleWebKit/537.36 (KHTML, like Gecko) Chrome/64.0.3282.167 Safari/537.36"
172.68.174.38 - - [19/Feb/2018:18:36:21 -0500] "GET /2007/01/06/bahia-de-cata-venezuela/ HTTP/1.0" 404 1291 "-" "Mozilla/5.0 (compatible; Googlebot/2.1; +http://www.google.com/bot.html)"
172.68.174.110 - - [19/Feb/2018:18:38:00 -0500] "GET /2017/01/26/cuanto-se-vive-madrid/ HTTP/1.0" 404 1291 "-" "Mozilla/5.0 (compatible; Googlebot/2.1; +http://www.google.com/bot.html)"
162.158.146.8 - - [19/Feb/2018:18:40:22 -0500] "GET /tag/piramides/ HTTP/1.0" 404 2673 "-" "Mozilla/5.0 (compatible; bingbot/2.0; +http://www.bing.com/bingbot.htm)"
172.68.174.62 - - [19/Feb/2018:18:41:17 -0500] "GET /2009/07/24/shangai-airlines-recibe-su-primer-airbus-a321/amp HTTP/1.0" 404 1291 "-" "Mozilla/5.0 (compatible; Googlebot/2.1; +http://www.google.com/bot.html)"
172.68.47.250 - - [19/Feb/2018:18:41:45 -0500] "GET /wp-content/uploads/aruba.jpg HTTP/1.0" 404 1291 "http://www.insuranceloansonline.com/posts/turismo/33/5-asombrosos-lugares-para-visitar-en-Aruba.html" "Mozilla/5.0 (Windows NT 6.3; Win64; x64) AppleWebKit/537.36 (KHTML, like Gecko) Chrome/64.0.3282.167 Safari/537.36"
172.68.174.8 - - [19/Feb/2018:18:42:56 -0500] "GET /2006/07/31/el-negocio-hotelero-es-rentable-si-hay-buen-servicio/amp/ HTTP/1.0" 404 1291 "-" "Mozilla/5.0 (compatible; Googlebot/2.1; +http://www.google.com/bot.html)"
172.68.142.81 - - [19/Feb/2018:18:44:19 -0500] "GET /wp-content/uploads/easyfly-colombia.jpg HTTP/1.0" 404 1291 "-" "Mozilla/5.0 (Macintosh; Intel Mac OS X 10_10_1) AppleWebKit/600.2.5 (KHTML, like Gecko) Version/8.0.2 Safari/600.2.5 (Applebot/0.1; +http://www.apple.com/go/applebot)"
172.68.174.20 - - [19/Feb/2018:18:44:34 -0500] "GET /2009/11/21/se-acerca-la-tan-esperada-temporada-de-verano-a-las-espectaculares-playas-de-brasil/amp HTTP/1.0" 404 1291 "-" "Mozilla/5.0 (compatible; Googlebot/2.1; +http://www.google.com/bot.html)"
162.158.146.92 - - [19/Feb/2018:18:44:38 -0500] "GET /seccion/noticias/lineas-aereas/page/2/ HTTP/1.0" 404 1291 "-" "Mozilla/5.0 (compatible; bingbot/2.0; +http://www.bing.com/bingbot.htm)"
198.41.230.230 - - [19/Feb/2018:18:45:30 -0500] "GET /wp-content/uploads/aruba.jpg HTTP/1.0" 404 2673 "http://www.insuranceloansonline.com/posts/turismo/33/5-asombrosos-lugares-para-visitar-en-Aruba.html" "Mozilla/5.0 (Windows NT 6.2; Win64; x64) AppleWebKit/537.36 (KHTML, like Gecko) Chrome/63.0.3239.132 Safari/537.36"
172.68.174.8 - - [19/Feb/2018:18:46:13 -0500] "GET /2009/09/09/secuestrado-avion-en-mexico/amp HTTP/1.0" 404 1291 "-" "Mozilla/5.0 (compatible; Googlebot/2.1; +http://www.google.com/bot.html)"
172.68.174.44 - - [19/Feb/2018:18:47:55 -0500] "GET /2004/09/27/seniat-ordeno-cierre-de-casinos-y-bingos-en-margarita/?wpmp_switcher=desktop HTTP/1.0" 404 1291 "-" "Mozilla/5.0 (compatible; Googlebot/2.1; +http://www.google.com/bot.html)"
172.68.238.98 - - [19/Feb/2018:18:48:27 -0500] "GET /robots.txt HTTP/1.0" 404 1291 "-" "Mozilla/5.0 (compatible; MJ12bot/v1.4.8; http://mj12bot.com/)"
172.68.239.123 - - [19/Feb/2018:18:48:29 -0500] "GET /2011/07/28/turista-chilena-se-contagio-de-colera-en-punta-cana/?replytocom=56283 HTTP/1.0" 404 1291 "-" "Mozilla/5.0 (compatible; MJ12bot/v1.4.8; http://mj12bot.com/)"
162.158.146.50 - - [19/Feb/2018:18:48:42 -0500] "GET /tag/loch-lomond/ HTTP/1.0" 404 1291 "-" "Mozilla/5.0 (compatible; bingbot/2.0; +http://www.bing.com/bingbot.htm)"
172.68.46.183 - - [19/Feb/2018:18:50:16 -0500] "GET / HTTP/1.0" 200 509 "-" "Mozilla/5.0 (Windows NT 6.1; WOW64; rv:2.0.1) Gecko/20100101 Firefox/4.0.1"
162.158.59.98 - - [19/Feb/2018:18:51:10 -0500] "GET / HTTP/1.0" 200 1891 "-" "Mozilla/5.0 (Windows NT 10.0; WOW64; rv:45.0) Gecko/20100101 Firefox/45.0"
172.68.174.14 - - [19/Feb/2018:18:51:15 -0500] "GET /2009/05/04/cupo-de-viajes-%C2%BFfunciona-mi-tarjeta-en-el-exterior/comment-page-26/ HTTP/1.0" 404 1291 "-" "Mozilla/5.0 (compatible; Googlebot/2.1; +http://www.google.com/bot.html)"
172.68.174.20 - - [19/Feb/2018:18:52:36 -0500] "GET /2009/11/21/se-acerca-la-tan-esperada-temporada-de-verano-a-las-espectaculares-playas-de-brasil/comment-page-1/ HTTP/1.0" 404 1291 "-" "Mozilla/5.0 (compatible; Googlebot/2.1; +http://www.google.com/bot.html)"
172.68.174.80 - - [19/Feb/2018:18:52:47 -0500] "GET /2009/06/29/primer-avion-solar-preparado-para-dar-vuelta-al-mundo/?nonamp=1 HTTP/1.0" 404 1291 "-" "Mozilla/5.0 (compatible; Googlebot/2.1; +http://www.google.com/bot.html)"
162.158.146.194 - - [19/Feb/2018:18:52:52 -0500] "GET /wp-content/themes/Newspaper/style.css?ver=7.6 HTTP/1.0" 404 1291 "-" "Mozilla/5.0 (compatible; bingbot/2.0; +http://www.bing.com/bingbot.htm)"
162.158.146.32 - - [19/Feb/2018:18:52:52 -0500] "GET /wp-content/themes/Newspaper/includes/demos/what/demo_style.css?ver=7.6 HTTP/1.0" 404 1291 "-" "Mozilla/5.0 (compatible; bingbot/2.0; +http://www.bing.com/bingbot.htm)"
198.41.230.230 - - [19/Feb/2018:18:52:53 -0500] "GET /wp-content/uploads/aruba.jpg HTTP/1.0" 404 1291 "http://www.insuranceloansonline.com/posts/turismo/33/5-asombrosos-lugares-para-visitar-en-Aruba.html" "Mozilla/5.0 (Windows NT 10.0; Win64; x64) AppleWebKit/537.36 (KHTML, like Gecko) Chrome/63.0.3239.132 Safari/537.36"
162.158.146.44 - - [19/Feb/2018:18:52:54 -0500] "GET /wp-includes/js/jquery/jquery.js?ver=1.12.4 HTTP/1.0" 404 1291 "-" "Mozilla/5.0 (compatible; bingbot/2.0; +http://www.bing.com/bingbot.htm)"
162.158.146.56 - - [19/Feb/2018:18:52:55 -0500] "GET /wp-content/themes/Newspaper/js/tagdiv_theme.js?ver=7.6 HTTP/1.0" 404 1291 "-" "Mozilla/5.0 (compatible; bingbot/2.0; +http://www.bing.com/bingbot.htm)"
162.158.146.140 - - [19/Feb/2018:18:52:55 -0500] "GET /wp-includes/js/comment-reply.min.js?ver=4.8.3 HTTP/1.0" 404 1291 "-" "Mozilla/5.0 (compatible; bingbot/2.0; +http://www.bing.com/bingbot.htm)"
162.158.146.86 - - [19/Feb/2018:18:52:56 -0500] "GET /wp-content/plugins/js_composer/assets/css/js_composer.min.css?ver=4.12 HTTP/1.0" 404 1291 "-" "Mozilla/5.0 (compatible; bingbot/2.0; +http://www.bing.com/bingbot.htm)"
162.158.146.110 - - [19/Feb/2018:18:52:57 -0500] "GET /wp-includes/js/jquery/jquery-migrate.min.js?ver=1.4.1 HTTP/1.0" 404 1291 "-" "Mozilla/5.0 (compatible; bingbot/2.0; +http://www.bing.com/bingbot.htm)"
162.158.146.8 - - [19/Feb/2018:18:52:57 -0500] "GET /wp-content/plugins/akismet/_inc/form.js?ver=4.0 HTTP/1.0" 404 1291 "-" "Mozilla/5.0 (compatible; bingbot/2.0; +http://www.bing.com/bingbot.htm)"
172.68.174.80 - - [19/Feb/2018:18:53:01 -0500] "GET /tag/parques-tematicos/page/2/ HTTP/1.0" 404 1291 "-" "Mozilla/5.0 (compatible; Googlebot/2.1; +http://www.google.com/bot.html)"
198.41.230.230 - - [19/Feb/2018:18:55:36 -0500] "GET /wp-content/uploads/aruba.jpg HTTP/1.0" 404 1291 "http://www.insuranceloansonline.com/posts/turismo/33/5-asombrosos-lugares-para-visitar-en-Aruba.html" "Mozilla/5.0 (Windows NT 6.1) AppleWebKit/537.36 (KHTML, like Gecko) Chrome/58.0.3029.81 Safari/537.36"
172.68.174.74 - - [19/Feb/2018:18:56:05 -0500] "GET /2009/11/09/descubre-la-piramide-mas-grande-del-mundo-que-era-invisible-a-simple-vista?nonamp=1 HTTP/1.0" 404 1291 "-" "Mozilla/5.0 (compatible; Googlebot/2.1; +http://www.google.com/bot.html)"
172.68.174.68 - - [19/Feb/2018:18:57:56 -0500] "GET /2011/01/13/zona-colonial-de-petare-caracas-venezuela/ HTTP/1.0" 404 2673 "-" "Mozilla/5.0 (compatible; Googlebot/2.1; +http://www.google.com/bot.html)"
162.158.146.44 - - [19/Feb/2018:18:59:41 -0500] "GET /tag/restauracion/ HTTP/1.0" 404 1291 "-" "Mozilla/5.0 (compatible; bingbot/2.0; +http://www.bing.com/bingbot.htm)"
172.68.174.86 - - [19/Feb/2018:19:01:01 -0500] "GET /2010/01/25/increibles-hoteles-de-7-estrellas-parte-ii?nonamp=1 HTTP/1.0" 404 1291 "-" "Mozilla/5.0 (compatible; Googlebot/2.1; +http://www.google.com/bot.html)"
172.68.174.50 - - [19/Feb/2018:19:02:03 -0500] "GET /2004/09/23/hilton-margarita-suites/amp/ HTTP/1.0" 404 1291 "-" "Mozilla/5.0 (compatible; Googlebot/2.1; +http://www.google.com/bot.html)"
172.68.174.20 - - [19/Feb/2018:19:02:42 -0500] "GET /2010/01/17/las-6-ciudades-perdidas-mas-famosas-del-mundo-%E2%80%93-parte-ii/amp HTTP/1.0" 404 1291 "-" "Mozilla/5.0 (compatible; Googlebot/2.1; +http://www.google.com/bot.html)"
172.68.174.62 - - [19/Feb/2018:19:04:18 -0500] "GET /2010/01/27/las-10-cadenas-hoteleras-mas-grandes-del-mundo-%E2%80%93-parte-i/comment-page-1/ HTTP/1.0" 404 2673 "-" "Mozilla/5.0 (compatible; Googlebot/2.1; +http://www.google.com/bot.html)"
172.68.174.62 - - [19/Feb/2018:19:06:00 -0500] "GET /2010/01/23/utopia-un-crucero-de-lujo-como-ningun-otro?nonamp=1 HTTP/1.0" 404 1291 "-" "Mozilla/5.0 (compatible; Googlebot/2.1; +http://www.google.com/bot.html)"
172.68.174.32 - - [19/Feb/2018:19:07:35 -0500] "GET /2009/12/27/los-eco-turistas-causan-una-contaminacion-%E2%80%9Chorrenda%E2%80%9D-en-la-antartida/amp HTTP/1.0" 404 1291 "-" "Mozilla/5.0 (compatible; Googlebot/2.1; +http://www.google.com/bot.html)"
172.68.174.38 - - [19/Feb/2018:19:09:18 -0500] "GET /2010/02/16/conoce-las-10-habitaciones-de-hotel-mas-caras-del-mundo-%E2%80%93-parte-ii?nonamp=1 HTTP/1.0" 404 1291 "-" "Mozilla/5.0 (compatible; Googlebot/2.1; +http://www.google.com/bot.html)"
172.68.46.183 - - [19/Feb/2018:19:10:14 -0500] "GET / HTTP/1.0" 200 1891 "-" "Mozilla/5.0 (Windows NT 6.1; WOW64; rv:2.0.1) Gecko/20100101 Firefox/4.0.1"
172.68.174.44 - - [19/Feb/2018:19:10:55 -0500] "GET /2009/04/28/video-avion-presidencial-air-force-one-vuela-bajo-y-causa-panico-en-ny/page/466/ HTTP/1.0" 404 1291 "-" "Mozilla/5.0 (compatible; Googlebot/2.1; +http://www.google.com/bot.html)"
172.68.174.98 - - [19/Feb/2018:19:12:31 -0500] "GET /2010/02/15/aumento-en-las-tasas-de-equipaje-en-virgin-america/?nonamp=1 HTTP/1.0" 404 1291 "-" "Mozilla/5.0 (compatible; Googlebot/2.1; +http://www.google.com/bot.html)"
172.68.174.14 - - [19/Feb/2018:19:14:10 -0500] "GET /2009/12/03/las-mejores-ciudades-de-europa-para-recorrer-en-bicicleta/?nonamp=1 HTTP/1.0" 404 1291 "-" "Mozilla/5.0 (compatible; Googlebot/2.1; +http://www.google.com/bot.html)"
172.68.174.44 - - [19/Feb/2018:19:15:58 -0500] "GET /2010/02/10/descubre-los-mejores-hoteles-en-las-principales-capitales-de-sudamerica/amp/ HTTP/1.0" 404 2673 "-" "Mozilla/5.0 (compatible; Googlebot/2.1; +http://www.google.com/bot.html)"
172.68.174.68 - - [19/Feb/2018:19:17:27 -0500] "GET /2010/02/02/una-playa-para-la-capital-dominicana-es-bastante-factible-dicen-los-expertos/amp/ HTTP/1.0" 404 1291 "-" "Mozilla/5.0 (compatible; Googlebot/2.1; +http://www.google.com/bot.html)"
108.162.210.176 - - [19/Feb/2018:19:17:52 -0500] "GET /wp-content/uploads/aruba.jpg HTTP/1.0" 404 1291 "http://www.insuranceloansonline.com/posts/turismo/33/5-asombrosos-lugares-para-visitar-en-Aruba.html" "Mozilla/5.0 (Windows NT 6.1) AppleWebKit/537.36 (KHTML, like Gecko) Chrome/64.0.3282.140 Safari/537.36 OPR/51.0.2830.34"
172.68.174.68 - - [19/Feb/2018:19:19:05 -0500] "GET /2010/01/26/los-mejores-nuevos-hoteles-de-nueva-york/amp/ HTTP/1.0" 404 1291 "-" "Mozilla/5.0 (compatible; Googlebot/2.1; +http://www.google.com/bot.html)"
108.162.221.113 - - [19/Feb/2018:19:23:41 -0500] "GET /wp-content/uploads/aruba.jpg HTTP/1.0" 404 2673 "http://www.insuranceloansonline.com/posts/turismo/33/5-asombrosos-lugares-para-visitar-en-Aruba.html" "Mozilla/5.0 (Windows NT 6.1; Win64; x64) AppleWebKit/537.36 (KHTML, like Gecko) Chrome/63.0.3239.132 Safari/537.36"
172.68.174.62 - - [19/Feb/2018:19:24:27 -0500] "GET /2011/07/12/vuela-en-santa-barbara-airlines-bajo-tu-propio-riesgo/ HTTP/1.0" 404 1291 "-" "Mozilla/5.0 (compatible; Googlebot/2.1; +http://www.google.com/bot.html)"
162.158.146.26 - - [19/Feb/2018:19:24:41 -0500] "GET /2014/11/07/viajando-por-la-polinesia-francesa-myanmar-cambodia-y-thailandia/ HTTP/1.0" 404 1291 "-" "Mozilla/5.0 (compatible; bingbot/2.0; +http://www.bing.com/bingbot.htm)"
162.158.92.62 - - [19/Feb/2018:19:24:55 -0500] "GET /2011/09/12/artemisia-hotel-solo-para-mujeres-en-berlin/ HTTP/1.0" 404 1291 "-" "Mozilla/5.0 (Windows NT 6.1; WOW64) AppleWebKit/537.36 (KHTML, like Gecko) Chrome/43.0.2357.134 Safari/537.36"
162.158.92.206 - - [19/Feb/2018:19:25:04 -0500] "GET /2013/04/17/trabajos-que-puedes-hacer-mientras-viajas-por-el-mundo-parte-2 HTTP/1.0" 404 1291 "-" "Mozilla/5.15 (Windows; U; Windows NT 5.1; en-US; rv:1.8.1.6) Gecko/20070725 Firefox/2.0.0.6 - James BOT - WebCrawler http://cognitiveseo.com/bot.html"
162.158.92.206 - - [19/Feb/2018:19:25:04 -0500] "GET /2013/04/17/trabajos-que-puedes-hacer-mientras-viajas-por-el-mundo-parte-2 HTTP/1.0" 404 1291 "nt" "Mozilla/5.0 (Windows; U; Windows NT 5.0; en-US; rv:1.7.10) Gecko/20050716 Thunderbird/1.0.6 - WebCrawler http://cognitiveseo.com/bot.html"
162.158.92.50 - - [19/Feb/2018:19:25:08 -0500] "GET /tag/viajar-con-poco-dinero/feed HTTP/1.0" 404 1291 "-" "Mozilla/5.15 (Windows; U; Windows NT 5.1; en-US; rv:1.8.1.6) Gecko/20070725 Firefox/2.0.0.6 - James BOT - WebCrawler http://cognitiveseo.com/bot.html"
162.158.92.50 - - [19/Feb/2018:19:25:08 -0500] "GET /tag/viajar-con-poco-dinero/feed HTTP/1.0" 404 1291 "nt" "Mozilla/5.0 (Windows; U; Windows NT 5.0; en-US; rv:1.7.10) Gecko/20050716 Thunderbird/1.0.6 - WebCrawler http://cognitiveseo.com/bot.html"
172.68.174.80 - - [19/Feb/2018:19:25:40 -0500] "GET /2010/01/28/las-10-cadenas-hoteleras-mas-grandes-del-mundo-%E2%80%93-parte-ii?nonamp=1 HTTP/1.0" 404 1291 "-" "Mozilla/5.0 (compatible; Googlebot/2.1; +http://www.google.com/bot.html)"
162.158.90.64 - - [19/Feb/2018:19:27:07 -0500] "GET /2005/08/17/ofertan-paquetes-turisticos-de-cirugia-plastica-en-colombia/ HTTP/1.0" 404 1291 "-" "Mozilla/5.0 (Macintosh; Intel Mac OS X 10_8) AppleWebKit/536.25 (KHTML, like Gecko) Version/6.0 Safari/536.25"
172.68.174.8 - - [19/Feb/2018:19:27:19 -0500] "GET /2009/08/25/nuevo-aeropuerto-de-montevideo/amp HTTP/1.0" 404 1291 "-" "Mozilla/5.0 (compatible; Googlebot/2.1; +http://www.google.com/bot.html)"
172.68.174.98 - - [19/Feb/2018:19:28:57 -0500] "GET /2010/02/11/lufthansa-regalara-1-000-000-de-millas-al-mejor-apodo-para-sus-airbus-380?nonamp=1 HTTP/1.0" 404 2673 "-" "Mozilla/5.0 (compatible; Googlebot/2.1; +http://www.google.com/bot.html)"
172.68.46.183 - - [19/Feb/2018:19:30:04 -0500] "GET / HTTP/1.0" 200 509 "-" "Mozilla/5.0 (Windows NT 6.1; WOW64; rv:2.0.1) Gecko/20100101 Firefox/4.0.1"
108.162.210.176 - - [19/Feb/2018:19:30:36 -0500] "GET /wp-content/uploads/aruba.jpg HTTP/1.0" 404 1291 "http://www.insuranceloansonline.com/posts/turismo/33/5-asombrosos-lugares-para-visitar-en-Aruba.html" "Mozilla/5.0 (Windows NT 10.0) AppleWebKit/537.36 (KHTML, like Gecko) Chrome/63.0.3239.132 Safari/537.36"
172.68.174.32 - - [19/Feb/2018:19:30:37 -0500] "GET /2009/07/24/shangai-airlines-recibe-su-primer-airbus-a321/?nonamp=1 HTTP/1.0" 404 1291 "-" "Mozilla/5.0 (compatible; Googlebot/2.1; +http://www.google.com/bot.html)"
198.41.230.230 - - [19/Feb/2018:19:32:16 -0500] "GET /wp-content/uploads/aruba.jpg HTTP/1.0" 404 1291 "http://www.insuranceloansonline.com/posts/turismo/33/5-asombrosos-lugares-para-visitar-en-Aruba.html" "Mozilla/5.0 (Windows NT 10.0; Win64; x64) AppleWebKit/537.36 (KHTML, like Gecko) Chrome/63.0.3239.132 Safari/537.36"
172.68.174.32 - - [19/Feb/2018:19:32:17 -0500] "GET /2009/12/08/paises-seguros-y-atractivos-para-viajeros-con-bajo-presupuesto/?utm_source=feedburner&utm_medium=feed&utm_campaign=Feed:%20PrimeraClase%20(Primera%20Clase)&wpmp_switcher=mobile HTTP/1.0" 404 1291 "-" "Mozilla/5.0 (compatible; Googlebot/2.1; +http://www.google.com/bot.html)"
172.68.246.102 - - [19/Feb/2018:19:32:59 -0500] "GET /robots.txt HTTP/1.0" 404 1291 "-" "Mozilla/5.0 (compatible; Linux x86_64; Mail.RU_Bot/2.0; +http://go.mail.ru/help/robots)"
172.68.246.42 - - [19/Feb/2018:19:33:01 -0500] "GET /seccion/inac/ HTTP/1.0" 404 1291 "-" "Mozilla/5.0 (compatible; Linux x86_64; Mail.RU_Bot/2.0; +http://go.mail.ru/help/robots)"
172.68.174.92 - - [19/Feb/2018:19:35:32 -0500] "GET /2009/03/06/conferry-precios-de-pasajes-de-ferry-desde-puerto-la-cruz-a-isla-de-margarita/comment-page-11/ HTTP/1.0" 404 2673 "-" "Mozilla/5.0 (compatible; Googlebot/2.1; +http://www.google.com/bot.html)"
172.68.174.74 - - [19/Feb/2018:19:37:10 -0500] "GET /2008/12/08/on-the-road-again-argentina-brasil-y-chile/amp/ HTTP/1.0" 404 1291 "-" "Mozilla/5.0 (compatible; Googlebot/2.1; +http://www.google.com/bot.html)"
162.158.88.18 - - [19/Feb/2018:19:38:02 -0500] "GET /2006/07/22/favoritas-al-miss-universo-2007/ HTTP/1.0" 404 1291 "-" "Mozilla/5.0 (Macintosh; Intel Mac OS X 10_6_8) AppleWebKit/534.59.8 (KHTML, like Gecko) Version/5.1.9 Safari/534.59.8"
172.68.174.14 - - [19/Feb/2018:19:38:49 -0500] "GET /2010/01/17/las-6-ciudades-perdidas-mas-famosas-del-mundo-%E2%80%93-parte-ii/page/420/ HTTP/1.0" 404 1291 "-" "Mozilla/5.0 (compatible; Googlebot/2.1; +http://www.google.com/bot.html)"
172.68.174.110 - - [19/Feb/2018:19:40:28 -0500] "GET /2006/12/17/en-carro-para-margarita-desde-brasil/page/533/ HTTP/1.0" 404 1291 "-" "Mozilla/5.0 (compatible; Googlebot/2.1; +http://www.google.com/bot.html)"
172.68.174.50 - - [19/Feb/2018:19:42:06 -0500] "GET /2010/02/15/aumento-en-las-tasas-de-equipaje-en-virgin-america?nonamp=1 HTTP/1.0" 404 2673 "-" "Mozilla/5.0 (compatible; Googlebot/2.1; +http://www.google.com/bot.html)"
108.162.210.176 - - [19/Feb/2018:19:42:12 -0500] "GET /wp-content/uploads/aruba.jpg HTTP/1.0" 404 1291 "http://www.insuranceloansonline.com/posts/turismo/33/5-asombrosos-lugares-para-visitar-en-Aruba.html" "Mozilla/5.0 (Windows NT 10.0) AppleWebKit/537.36 (KHTML, like Gecko) Chrome/64.0.3282.167 Safari/537.36"
172.68.174.80 - - [19/Feb/2018:19:43:45 -0500] "GET /2005/04/12/santa-barbara-airlines-incorpora-a-su-flota-dos-boeing-767/page/672/ HTTP/1.0" 404 1291 "-" "Mozilla/5.0 (compatible; Googlebot/2.1; +http://www.google.com/bot.html)"
172.68.174.92 - - [19/Feb/2018:19:45:24 -0500] "GET /2010/03/09/viajaran-menos-visitantes-de-lo-esperado-al-mundial-de-sudafrica?nonamp=1 HTTP/1.0" 404 1291 "-" "Mozilla/5.0 (compatible; Googlebot/2.1; +http://www.google.com/bot.html)"
172.68.174.98 - - [19/Feb/2018:19:47:02 -0500] "GET /2009/06/29/primer-avion-solar-preparado-para-dar-vuelta-al-mundo?nonamp=1 HTTP/1.0" 404 1291 "-" "Mozilla/5.0 (compatible; Googlebot/2.1; +http://www.google.com/bot.html)"
172.68.174.92 - - [19/Feb/2018:19:48:41 -0500] "GET /2010/03/16/encuesta-%C2%BFque-esperan-los-pasajeros-de-las-aerolineas?nonamp=1 HTTP/1.0" 404 2673 "-" "Mozilla/5.0 (compatible; Googlebot/2.1; +http://www.google.com/bot.html)"
172.68.46.183 - - [19/Feb/2018:19:50:12 -0500] "GET / HTTP/1.0" 200 509 "-" "Mozilla/5.0 (Windows NT 6.1; WOW64; rv:2.0.1) Gecko/20100101 Firefox/4.0.1"
172.68.174.26 - - [19/Feb/2018:19:50:20 -0500] "GET /2009/05/04/cupo-de-viajes-%C2%BFfunciona-mi-tarjeta-en-el-exterior/comment-page-18/ HTTP/1.0" 404 1291 "-" "Mozilla/5.0 (compatible; Googlebot/2.1; +http://www.google.com/bot.html)"
162.158.146.62 - - [19/Feb/2018:19:50:31 -0500] "GET /2005/08/22/aeropostal-denuncia-que-botadero-de-basura-en-inmediaciones-del-aeropuerto-de-puerto-ordaz-atrae-a-los-zamuros-que-ponen-en-peligro-la-seguridad-de-aeronaves-y-la-vida-de-los-pasajeros/ HTTP/1.0" 404 1291 "-" "Mozilla/5.0 (compatible; bingbot/2.0; +http://www.bing.com/bingbot.htm)"
172.68.174.116 - - [19/Feb/2018:19:51:58 -0500] "GET /2010/01/26/los-mejores-nuevos-hoteles-de-nueva-york/amp HTTP/1.0" 404 1291 "-" "Mozilla/5.0 (compatible; Googlebot/2.1; +http://www.google.com/bot.html)"
172.68.174.80 - - [19/Feb/2018:19:53:37 -0500] "GET /2010/03/17/las-8-atracciones-turisticas-mas-decepcionantes-de-europa-%E2%80%93-parte-ii?nonamp=1 HTTP/1.0" 404 1291 "-" "Mozilla/5.0 (compatible; Googlebot/2.1; +http://www.google.com/bot.html)"
172.68.174.92 - - [19/Feb/2018:19:55:15 -0500] "GET /2006/12/18/concierto-de-los-amigos-invisibles-en-margarita/amp HTTP/1.0" 404 2673 "-" "Mozilla/5.0 (compatible; Googlebot/2.1; +http://www.google.com/bot.html)"
172.68.174.104 - - [19/Feb/2018:19:56:54 -0500] "GET /2006/01/16/disminuye-un-50-la-ocupacion-en-hoteles-de-5-estrellas-de-venezuela/page/583/ HTTP/1.0" 404 1291 "-" "Mozilla/5.0 (compatible; Googlebot/2.1; +http://www.google.com/bot.html)"
162.158.146.14 - - [19/Feb/2018:19:57:44 -0500] "GET /tag/mundial-de-futbol/ HTTP/1.0" 404 1291 "-" "Mozilla/5.0 (compatible; bingbot/2.0; +http://www.bing.com/bingbot.htm)"
108.162.210.176 - - [19/Feb/2018:19:57:56 -0500] "GET /wp-content/uploads/aruba.jpg HTTP/1.0" 404 1291 "http://www.insuranceloansonline.com/posts/turismo/33/5-asombrosos-lugares-para-visitar-en-Aruba.html" "Mozilla/5.0 (Windows NT 6.1) AppleWebKit/537.36 (KHTML, like Gecko) Chrome/63.0.3239.132 Safari/537.36"
172.68.174.62 - - [19/Feb/2018:19:57:57 -0500] "GET /2011/02/22/la-fiesta-de-los-jokilis-en-alemania-y-la-colonia-tovar/ HTTP/1.0" 404 1291 "-" "Mozilla/5.0 (compatible; Googlebot/2.1; +http://www.google.com/bot.html)"
172.68.174.68 - - [19/Feb/2018:19:57:58 -0500] "GET /2006/05/01/quiero-ser-aeromoza-requisitos-academias-y-todo-lo-que-necesitas-para-ser-azafata?nonamp=1 HTTP/1.0" 404 1291 "-" "Mozilla/5.0 (compatible; Googlebot/2.1; +http://www.google.com/bot.html)"
172.68.174.68 - - [19/Feb/2018:19:58:03 -0500] "GET /wp-content/plugins/akismet/_inc/form.js?ver=3.3 HTTP/1.0" 404 1291 "https://primera-clase.com/2009/10/13/gobierno-expropia-el-hotel-margarita-hilton/" "Mozilla/5.0 (compatible; Googlebot/2.1; +http://www.google.com/bot.html)"
172.68.174.116 - - [19/Feb/2018:19:58:33 -0500] "GET /2006/01/16/fotos-del-bautizo-de-la-infanta-leonor/amp/ HTTP/1.0" 404 1291 "-" "Mozilla/5.0 (compatible; Googlebot/2.1; +http://www.google.com/bot.html)"
172.68.174.62 - - [19/Feb/2018:19:58:47 -0500] "GET /2006/01/09/santa-barbara-airlines-anuncia-nuevos-horarios-en-sus-vuelos-a-miami/ HTTP/1.0" 404 1291 "-" "Mozilla/5.0 (compatible; Googlebot/2.1; +http://www.google.com/bot.html)"
172.68.174.116 - - [19/Feb/2018:20:00:13 -0500] "GET /2010/02/18/requisitos-para-entrar-a-espana-530-euros/?nonamp=1 HTTP/1.0" 404 1291 "-" "Mozilla/5.0 (compatible; Googlebot/2.1; +http://www.google.com/bot.html)"
162.158.146.110 - - [19/Feb/2018:20:00:23 -0500] "GET /2005/10/04/british-airways-no-cumplira-meta-de-ganancias-en-2005/ HTTP/1.0" 404 2673 "-" "Mozilla/5.0 (compatible; bingbot/2.0; +http://www.bing.com/bingbot.htm)"
162.158.146.134 - - [19/Feb/2018:20:00:28 -0500] "GET /2011/08/08/declaran-281-playas-aptas-para-esta-temporada-de-vacaciones-lista/ HTTP/1.0" 404 1291 "-" "Mozilla/5.0 (compatible; bingbot/2.0; +http://www.bing.com/bingbot.htm)"
172.68.174.98 - - [19/Feb/2018:20:03:29 -0500] "GET /2010/02/02/una-playa-para-la-capital-dominicana-es-bastante-factible-dicen-los-expertos/?nonamp=1 HTTP/1.0" 404 1291 "-" "Mozilla/5.0 (compatible; Googlebot/2.1; +http://www.google.com/bot.html)"
172.68.222.92 - - [19/Feb/2018:20:05:41 -0500] "GET / HTTP/1.0" 200 1891 "-" "Mediatoolkitbot (complaints@mediatoolkit.com)"
108.162.221.113 - - [19/Feb/2018:20:06:29 -0500] "GET /wp-content/uploads/aruba.jpg HTTP/1.0" 404 1291 "http://www.insuranceloansonline.com/posts/turismo/33/5-asombrosos-lugares-para-visitar-en-Aruba.html" "Mozilla/5.0 (Windows NT 10.0; WOW64) AppleWebKit/537.36 (KHTML, like Gecko) Chrome/63.0.3239.132 Safari/537.36"
162.158.146.134 - - [19/Feb/2018:20:06:41 -0500] "GET /2013/12/09/despegar-com-ya-tiene-aplicacion-movil/ HTTP/1.0" 404 1291 "-" "Mozilla/5.0 (compatible; bingbot/2.0; +http://www.bing.com/bingbot.htm)"
172.68.174.50 - - [19/Feb/2018:20:06:46 -0500] "GET /2007/01/20/gol-ya-vende-pasajes-a-lima-%C2%BFpero-low-cost/comment-page-5/ HTTP/1.0" 404 1291 "-" "Mozilla/5.0 (compatible; Googlebot/2.1; +http://www.google.com/bot.html)"
162.158.146.44 - - [19/Feb/2018:20:07:46 -0500] "GET /robots.txt HTTP/1.0" 404 1291 "-" "Mozilla/5.0 (compatible; bingbot/2.0; +http://www.bing.com/bingbot.htm)"
222.212.88.20 - - [19/Feb/2018:20:07:57 -0500] "GET / HTTP/1.0" 200 509 "-" "Mozilla/5.0 (X11; Linux x86_64) AppleWebKit/537.36 (KHTML, like Gecko) Ubuntu Chromium/49.0.2623.108 Chrome/49.0.2623.108 Safari/537.36"
39.64.152.78 - - [19/Feb/2018:20:07:59 -0500] "GET /mnews.htm HTTP/1.0" 404 1291 "-" "Mozilla/4.0 (compatible; MSIE 7.0; Windows NT 5.1)"
172.68.174.8 - - [19/Feb/2018:20:08:26 -0500] "GET /2006/04/12/las-chicas-polar-llegaron-a-margarita?nonamp=1 HTTP/1.0" 404 1291 "-" "Mozilla/5.0 (compatible; Googlebot/2.1; +http://www.google.com/bot.html)"
172.68.174.68 - - [19/Feb/2018:20:08:48 -0500] "GET /tag/american-airlines/page/10/ HTTP/1.0" 404 1291 "-" "Mozilla/5.0 (compatible; Googlebot/2.1; +http://www.google.com/bot.html)"
172.68.174.56 - - [19/Feb/2018:20:08:50 -0500] "GET /wp-includes/js/wp-emoji-release.min.js?ver=4.7.4 HTTP/1.0" 404 1291 "https://primera-clase.com/miembros/?nonamp=1" "Mozilla/5.0 (compatible; Googlebot/2.1; +http://www.google.com/bot.html)"
198.41.230.230 - - [19/Feb/2018:20:08:54 -0500] "GET /wp-content/uploads/aruba.jpg HTTP/1.0" 404 1291 "http://www.insuranceloansonline.com/posts/turismo/33/5-asombrosos-lugares-para-visitar-en-Aruba.html" "Mozilla/5.0 (Windows NT 10.0; Win64; x64) AppleWebKit/537.36 (KHTML, like Gecko) Chrome/64.0.3282.167 Safari/537.36"
172.68.174.98 - - [19/Feb/2018:20:10:03 -0500] "GET /2006/01/08/colapsado-aeropuerto-de-valencia/page/587/ HTTP/1.0" 404 1291 "-" "Mozilla/5.0 (compatible; Googlebot/2.1; +http://www.google.com/bot.html)"
172.68.46.183 - - [19/Feb/2018:20:10:05 -0500] "GET / HTTP/1.0" 200 509 "-" "Mozilla/5.0 (Windows NT 6.1; WOW64; rv:2.0.1) Gecko/20100101 Firefox/4.0.1"
