172.68.27.94 - - [19/Feb/2018:13:05:45 -0500] "GET /wp-content/uploads/aruba.jpg HTTP/1.0" 404 1291 "http://www.insuranceloansonline.com/posts/turismo/33/5-asombrosos-lugares-para-visitar-en-Aruba.html" "Mozilla/5.0 (Windows NT 6.3; Win64; x64) AppleWebKit/537.36 (KHTML, like Gecko) Chrome/64.0.3282.168 Safari/537.36"
172.68.174.116 - - [19/Feb/2018:13:05:57 -0500] "GET /2005/05/12/fotos-boeing-737-500-photo-gallery/amp/ HTTP/1.0" 404 1291 "-" "Mozilla/5.0 (compatible; Googlebot/2.1; +http://www.google.com/bot.html)"
172.68.174.110 - - [19/Feb/2018:13:07:35 -0500] "GET /2004/12/22/lufthansa-con-terminal-de-primera-clase-en-frankfurt/?nonamp=1 HTTP/1.0" 404 1291 "-" "Mozilla/5.0 (compatible; Googlebot/2.1; +http://www.google.com/bot.html)"
162.158.146.20 - - [19/Feb/2018:13:08:25 -0500] "GET /tag/arte/ HTTP/1.0" 404 1291 "-" "Mozilla/5.0 (compatible; bingbot/2.0; +http://www.bing.com/bingbot.htm)"
172.68.174.38 - - [19/Feb/2018:13:09:14 -0500] "GET /2005/08/22/alianza-de-alamo-rent-a-car-y-lan-lineas-aereas?nonamp=1 HTTP/1.0" 404 1291 "-" "Mozilla/5.0 (compatible; Googlebot/2.1; +http://www.google.com/bot.html)"
172.68.174.62 - - [19/Feb/2018:13:09:21 -0500] "GET / HTTP/1.0" 200 1891 "-" "Mozilla/5.0 AppleWebKit/537.36 (KHTML, like Gecko; Google Web Preview Analytics) Chrome/41.0.2272.118 Safari/537.36 (compatible; Googlebot/2.1; +http://www.google.com/bot.html)"
172.68.46.183 - - [19/Feb/2018:13:10:13 -0500] "GET / HTTP/1.0" 200 509 "-" "Mozilla/5.0 (Windows NT 6.1; WOW64; rv:2.0.1) Gecko/20100101 Firefox/4.0.1"
172.68.174.44 - - [19/Feb/2018:13:10:52 -0500] "GET /2005/01/04/venezuela-no-requerira-mas-visas-para-turistas-procedentes-de-paises-andinos/amp/ HTTP/1.0" 404 1291 "-" "Mozilla/5.0 (compatible; Googlebot/2.1; +http://www.google.com/bot.html)"
172.68.174.32 - - [19/Feb/2018:13:12:31 -0500] "GET /2005/03/30/lufthansa-con-ganancias-resultados-financieros-favorables-para-la-linea-alemana?nonamp=1 HTTP/1.0" 404 1291 "-" "Mozilla/5.0 (compatible; Googlebot/2.1; +http://www.google.com/bot.html)"
172.68.174.92 - - [19/Feb/2018:13:14:10 -0500] "GET /2005/05/15/hotel-four-seasons-costa-rica-en-peninsula-papagayo/amp/ HTTP/1.0" 404 1291 "-" "Mozilla/5.0 (compatible; Googlebot/2.1; +http://www.google.com/bot.html)"
172.68.174.98 - - [19/Feb/2018:13:15:48 -0500] "GET /2004/10/21/copa-comprara-aviones-embraer/comment-page-1/ HTTP/1.0" 404 2673 "-" "Mozilla/5.0 (compatible; Googlebot/2.1; +http://www.google.com/bot.html)"
162.158.146.164 - - [19/Feb/2018:13:17:27 -0500] "GET /2007/08/page/3/ HTTP/1.0" 404 1291 "-" "Mozilla/5.0 (compatible; bingbot/2.0; +http://www.bing.com/bingbot.htm)"
172.68.174.44 - - [19/Feb/2018:13:17:32 -0500] "GET /2005/01/24/el-airbus-a380-el-gigante-de-los-cielos-o-un-monumento-a-la-inteligencia/amp HTTP/1.0" 404 1291 "-" "Mozilla/5.0 (compatible; Googlebot/2.1; +http://www.google.com/bot.html)"
172.68.174.32 - - [19/Feb/2018:13:19:06 -0500] "GET /tag/mia/ HTTP/1.0" 404 1291 "-" "Mozilla/5.0 (compatible; Googlebot/2.1; +http://www.google.com/bot.html)"
162.158.78.98 - - [19/Feb/2018:13:20:11 -0500] "GET /tag/avion/page/46/ HTTP/1.0" 404 1291 "-" "Mozilla/5.0 (compatible; SemrushBot/1.2~bl; +http://www.semrush.com/bot.html)"
172.68.65.220 - - [19/Feb/2018:13:20:35 -0500] "GET /tag/aeromozas/ HTTP/1.0" 404 1291 "-" "Mozilla/5.0 (compatible; SemrushBot/1.2~bl; +http://www.semrush.com/bot.html)"
172.68.174.98 - - [19/Feb/2018:13:20:48 -0500] "GET /author/staff/page/238/ HTTP/1.0" 404 1291 "-" "Mozilla/5.0 (compatible; Googlebot/2.1; +http://www.google.com/bot.html)"
172.68.65.28 - - [19/Feb/2018:13:20:51 -0500] "GET /2015/02/04/pasajes-conferry-listado-de-tarifas-actualizadas/?replytocom=195553 HTTP/1.0" 404 2673 "-" "Mozilla/5.0 (compatible; SemrushBot/1.2~bl; +http://www.semrush.com/bot.html)"
172.69.62.98 - - [19/Feb/2018:13:21:05 -0500] "GET /seccion/destinos/colombia/?filter_by=featured HTTP/1.0" 404 1291 "-" "Mozilla/5.0 (compatible; SemrushBot/1.2~bl; +http://www.semrush.com/bot.html)"
172.69.62.98 - - [19/Feb/2018:13:21:23 -0500] "GET /seccion/precios/ HTTP/1.0" 404 1291 "-" "Mozilla/5.0 (compatible; SemrushBot/1.2~bl; +http://www.semrush.com/bot.html)"
172.68.65.94 - - [19/Feb/2018:13:21:50 -0500] "GET /2013/05/07/argentina-promociona-la-ruta-de-evita-peron/ HTTP/1.0" 404 1291 "-" "Mozilla/5.0 (compatible; SemrushBot/1.2~bl; +http://www.semrush.com/bot.html)"
162.158.78.20 - - [19/Feb/2018:13:22:08 -0500] "GET /2011/01/24/cachapera-dona-ines-e-hijos-en-la-union-caracas/?replytocom=56326 HTTP/1.0" 404 1291 "-" "Mozilla/5.0 (compatible; SemrushBot/1.2~bl; +http://www.semrush.com/bot.html)"
172.68.174.14 - - [19/Feb/2018:13:22:23 -0500] "GET /2005/08/25/fotos-aviones-conviasa/comment-page-6/ HTTP/1.0" 404 1291 "-" "Mozilla/5.0 (compatible; Googlebot/2.1; +http://www.google.com/bot.html)"
172.68.65.94 - - [19/Feb/2018:13:22:29 -0500] "GET /seccion/hoteles-en-cuba/?filter_by=random_posts HTTP/1.0" 404 1291 "-" "Mozilla/5.0 (compatible; SemrushBot/1.2~bl; +http://www.semrush.com/bot.html)"
172.69.62.74 - - [19/Feb/2018:13:22:45 -0500] "GET /seccion/islas-canarias/ HTTP/1.0" 404 1291 "-" "Mozilla/5.0 (compatible; SemrushBot/1.2~bl; +http://www.semrush.com/bot.html)"
172.68.65.220 - - [19/Feb/2018:13:23:00 -0500] "GET /2006/08/13/hawaii-guia-de-viajes/ HTTP/1.0" 404 1291 "-" "Mozilla/5.0 (compatible; SemrushBot/1.2~bl; +http://www.semrush.com/bot.html)"
172.68.65.112 - - [19/Feb/2018:13:23:20 -0500] "GET /tag/clasificacion/ HTTP/1.0" 404 1291 "-" "Mozilla/5.0 (compatible; SemrushBot/1.2~bl; +http://www.semrush.com/bot.html)"
172.69.62.98 - - [19/Feb/2018:13:23:29 -0500] "GET /2011/04/09/ferryven-suspendio-la-ruta-margarita-puerto-la-cruz-hasta-nuevo-aviso/ HTTP/1.0" 404 1291 "-" "Mozilla/5.0 (compatible; SemrushBot/1.2~bl; +http://www.semrush.com/bot.html)"
172.69.62.98 - - [19/Feb/2018:13:23:47 -0500] "GET /2010/03/15/top-10-aerolineas-mas-admiradas/ HTTP/1.0" 404 1291 "-" "Mozilla/5.0 (compatible; SemrushBot/1.2~bl; +http://www.semrush.com/bot.html)"
172.68.174.74 - - [19/Feb/2018:13:24:01 -0500] "GET /2005/08/28/fotos-de-aviones-boeing-757-de-american-airlines-en-el-aeropuerto-de-saint-marteen/comment-page-4/ HTTP/1.0" 404 1291 "-" "Mozilla/5.0 (compatible; Googlebot/2.1; +http://www.google.com/bot.html)"
172.69.62.74 - - [19/Feb/2018:13:24:19 -0500] "GET /2013/08/19/avior-comienza-a-viajar-a-merida-hoy/ HTTP/1.0" 404 1291 "-" "Mozilla/5.0 (compatible; SemrushBot/1.2~bl; +http://www.semrush.com/bot.html)"
172.68.65.190 - - [19/Feb/2018:13:24:35 -0500] "GET /tag/estado-falcon/ HTTP/1.0" 404 1291 "-" "Mozilla/5.0 (compatible; SemrushBot/1.2~bl; +http://www.semrush.com/bot.html)"
172.69.62.164 - - [19/Feb/2018:13:24:57 -0500] "GET /2009/05/01/como-obtener-un-mejor-asiento-en-clase-economica/?replytocom=32078 HTTP/1.0" 404 1291 "-" "Mozilla/5.0 (compatible; SemrushBot/1.2~bl; +http://www.semrush.com/bot.html)"
162.158.78.56 - - [19/Feb/2018:13:25:00 -0500] "GET /seccion/noticias/eventos/ HTTP/1.0" 404 1291 "-" "Mozilla/5.0 (compatible; SemrushBot/1.2~bl; +http://www.semrush.com/bot.html)"
162.158.78.56 - - [19/Feb/2018:13:25:18 -0500] "GET /tag/japon/ HTTP/1.0" 404 1291 "-" "Mozilla/5.0 (compatible; SemrushBot/1.2~bl; +http://www.semrush.com/bot.html)"
172.69.62.104 - - [19/Feb/2018:13:25:46 -0500] "GET /2017/01/14/recomendaciones-evitar-te-nieguen-la-visa-americana/ HTTP/1.0" 404 1291 "-" "Mozilla/5.0 (compatible; SemrushBot/1.2~bl; +http://www.semrush.com/bot.html)"
162.158.78.20 - - [19/Feb/2018:13:26:03 -0500] "GET /2013/01/22/cruce-columbia-2013-corredores-a-la-patagonia/ HTTP/1.0" 404 2673 "-" "Mozilla/5.0 (compatible; SemrushBot/1.2~bl; +http://www.semrush.com/bot.html)"
172.68.65.28 - - [19/Feb/2018:13:26:13 -0500] "GET /2013/08/27/las-nuevas-rutas-nacionales-e-internacionales-en-venezuela/ HTTP/1.0" 404 1291 "-" "Mozilla/5.0 (compatible; SemrushBot/1.2~bl; +http://www.semrush.com/bot.html)"
162.158.146.188 - - [19/Feb/2018:13:26:26 -0500] "GET /tag/catedral-de-la-asuncion/ HTTP/1.0" 404 1291 "-" "Mozilla/5.0 (compatible; bingbot/2.0; +http://www.bing.com/bingbot.htm)"
162.158.78.20 - - [19/Feb/2018:13:26:34 -0500] "GET /2008/03/10/semana-santa-2008-fiestas-y-eventos-en-isla-de-margarita/ HTTP/1.0" 404 1291 "-" "Mozilla/5.0 (compatible; SemrushBot/1.2~bl; +http://www.semrush.com/bot.html)"
172.69.62.98 - - [19/Feb/2018:13:26:48 -0500] "GET /2011/10/03/ferrymar-comenzara-a-operar-en-enero-de-2012-sin-carros/ HTTP/1.0" 404 1291 "-" "Mozilla/5.0 (compatible; SemrushBot/1.2~bl; +http://www.semrush.com/bot.html)"
172.68.65.28 - - [19/Feb/2018:13:27:06 -0500] "GET /seccion/destinos/egipto/?filter_by=review_high HTTP/1.0" 404 1291 "-" "Mozilla/5.0 (compatible; SemrushBot/1.2~bl; +http://www.semrush.com/bot.html)"
172.68.174.110 - - [19/Feb/2018:13:27:24 -0500] "GET /2005/08/28/ministerio-de-turismo-ha-establecido-18-fondos-regionales-en-toda-venezuela/?nonamp=1 HTTP/1.0" 404 1291 "-" "Mozilla/5.0 (compatible; Googlebot/2.1; +http://www.google.com/bot.html)"
172.68.65.82 - - [19/Feb/2018:13:27:24 -0500] "GET /seccion/lan/?filter_by=random_posts HTTP/1.0" 404 1291 "-" "Mozilla/5.0 (compatible; SemrushBot/1.2~bl; +http://www.semrush.com/bot.html)"
162.158.78.20 - - [19/Feb/2018:13:27:48 -0500] "GET /tag/sandwich-de-pernil/ HTTP/1.0" 404 1291 "-" "Mozilla/5.0 (compatible; SemrushBot/1.2~bl; +http://www.semrush.com/bot.html)"
172.69.62.164 - - [19/Feb/2018:13:28:00 -0500] "GET /2010/08/20/reabiertos-los-vuelos-comerciales-hacia-merida/?replytocom=48616 HTTP/1.0" 404 1291 "-" "Mozilla/5.0 (compatible; SemrushBot/1.2~bl; +http://www.semrush.com/bot.html)"
172.68.65.112 - - [19/Feb/2018:13:28:21 -0500] "GET /seccion/viajes/?filter_by=popular HTTP/1.0" 404 1291 "-" "Mozilla/5.0 (compatible; SemrushBot/1.2~bl; +http://www.semrush.com/bot.html)"
172.68.174.116 - - [19/Feb/2018:13:28:44 -0500] "GET /2007/09/15/la-sopa-mas-grande-del-mundo/page/508/ HTTP/1.0" 404 1291 "-" "Mozilla/5.0 (compatible; Googlebot/2.1; +http://www.google.com/bot.html)"
172.68.65.220 - - [19/Feb/2018:13:28:44 -0500] "GET /2014/03/25/tasa-de-sicad-2-no-sera-aplicado-para-cupos-de-viaje-electronicos-o-remesas/ HTTP/1.0" 404 1291 "-" "Mozilla/5.0 (compatible; SemrushBot/1.2~bl; +http://www.semrush.com/bot.html)"
172.68.65.28 - - [19/Feb/2018:13:28:54 -0500] "GET /tag/ropa/ HTTP/1.0" 404 1291 "-" "Mozilla/5.0 (compatible; SemrushBot/1.2~bl; +http://www.semrush.com/bot.html)"
172.68.174.98 - - [19/Feb/2018:13:28:57 -0500] "GET /2010/01/12/los-vuelos-comerciales-supersonicos-podrian-volver-para-el-2015/amp HTTP/1.0" 404 1291 "-" "Mozilla/5.0 (compatible; Googlebot/2.1; +http://www.google.com/bot.html)"
172.68.65.220 - - [19/Feb/2018:13:29:18 -0500] "GET /2011/02/11/promociones-de-san-valentin-en-hoteles-de-caracas/ HTTP/1.0" 404 1291 "-" "Mozilla/5.0 (compatible; SemrushBot/1.2~bl; +http://www.semrush.com/bot.html)"
172.68.65.220 - - [19/Feb/2018:13:29:39 -0500] "GET /2009/06/20/iberia-lider-en-maletas-perdidas/ HTTP/1.0" 404 1291 "-" "Mozilla/5.0 (compatible; SemrushBot/1.2~bl; +http://www.semrush.com/bot.html)"
162.158.78.20 - - [19/Feb/2018:13:29:57 -0500] "GET /tag/nueva-esparta/ HTTP/1.0" 404 1291 "-" "Mozilla/5.0 (compatible; SemrushBot/1.2~bl; +http://www.semrush.com/bot.html)"
172.68.46.183 - - [19/Feb/2018:13:30:04 -0500] "GET / HTTP/1.0" 200 509 "-" "Mozilla/5.0 (Windows NT 6.1; WOW64; rv:2.0.1) Gecko/20100101 Firefox/4.0.1"
172.69.62.104 - - [19/Feb/2018:13:30:21 -0500] "GET /seccion/peru/?filter_by=review_high HTTP/1.0" 404 1291 "-" "Mozilla/5.0 (compatible; SemrushBot/1.2~bl; +http://www.semrush.com/bot.html)"
172.68.65.94 - - [19/Feb/2018:13:30:31 -0500] "GET /2014/08/28/destinos-para-vacacionar-guarico/ HTTP/1.0" 404 1291 "-" "Mozilla/5.0 (compatible; SemrushBot/1.2~bl; +http://www.semrush.com/bot.html)"
172.68.174.74 - - [19/Feb/2018:13:30:36 -0500] "GET /2006/02/05/terminal-4-del-aeropuerto-de-barajas-madrid-todo-sobre-la-t4/amp/ HTTP/1.0" 404 1291 "-" "Mozilla/5.0 (compatible; Googlebot/2.1; +http://www.google.com/bot.html)"
172.68.65.190 - - [19/Feb/2018:13:30:54 -0500] "GET /tag/copa-mundial-del-futbol-2014/ HTTP/1.0" 404 1291 "-" "Mozilla/5.0 (compatible; SemrushBot/1.2~bl; +http://www.semrush.com/bot.html)"
162.158.78.98 - - [19/Feb/2018:13:31:00 -0500] "GET /2014/01/20/construiran-en-china-un-parque-tematico-del-choque-del-titanic/ HTTP/1.0" 404 1291 "-" "Mozilla/5.0 (compatible; SemrushBot/1.2~bl; +http://www.semrush.com/bot.html)"
172.69.62.164 - - [19/Feb/2018:13:31:24 -0500] "GET /2014/11/17/ano-nuevo-y-reyes-en-cancun-201415/?replytocom=138981 HTTP/1.0" 404 2673 "-" "Mozilla/5.0 (compatible; SemrushBot/1.2~bl; +http://www.semrush.com/bot.html)"
162.158.78.20 - - [19/Feb/2018:13:31:38 -0500] "GET /tag/publicidad/ HTTP/1.0" 404 1291 "-" "Mozilla/5.0 (compatible; SemrushBot/1.2~bl; +http://www.semrush.com/bot.html)"
162.158.78.20 - - [19/Feb/2018:13:32:06 -0500] "GET /tag/maracaibo/ HTTP/1.0" 404 1291 "-" "Mozilla/5.0 (compatible; SemrushBot/1.2~bl; +http://www.semrush.com/bot.html)"
172.68.174.80 - - [19/Feb/2018:13:32:15 -0500] "GET /2007/07/24/aeropostal-se-mantiene-volando/page/514/ HTTP/1.0" 404 1291 "-" "Mozilla/5.0 (compatible; Googlebot/2.1; +http://www.google.com/bot.html)"
172.69.62.104 - - [19/Feb/2018:13:32:18 -0500] "GET /2007/06/05/venezolanos-a-panama/ HTTP/1.0" 404 1291 "-" "Mozilla/5.0 (compatible; SemrushBot/1.2~bl; +http://www.semrush.com/bot.html)"
162.158.78.20 - - [19/Feb/2018:13:32:43 -0500] "GET /seccion/lan/?filter_by=popular HTTP/1.0" 404 1291 "-" "Mozilla/5.0 (compatible; SemrushBot/1.2~bl; +http://www.semrush.com/bot.html)"
172.69.62.98 - - [19/Feb/2018:13:32:54 -0500] "GET /2011/02/16/las-aerolineas-con-las-aeromozas-mas-bellas/ HTTP/1.0" 404 1291 "-" "Mozilla/5.0 (compatible; SemrushBot/1.2~bl; +http://www.semrush.com/bot.html)"
172.68.65.28 - - [19/Feb/2018:13:33:08 -0500] "GET /tag/restaurantes/ HTTP/1.0" 404 1291 "-" "Mozilla/5.0 (compatible; SemrushBot/1.2~bl; +http://www.semrush.com/bot.html)"
108.162.210.176 - - [19/Feb/2018:13:33:09 -0500] "GET /wp-content/uploads/aruba.jpg HTTP/1.0" 404 1291 "http://www.insuranceloansonline.com/posts/turismo/33/5-asombrosos-lugares-para-visitar-en-Aruba.html" "Mozilla/5.0 (Windows NT 6.1) AppleWebKit/537.36 (KHTML, like Gecko) Chrome/64.0.3282.167 Safari/537.36"
162.158.78.140 - - [19/Feb/2018:13:33:27 -0500] "GET /tag/deportes/page/6/ HTTP/1.0" 404 1291 "-" "Mozilla/5.0 (compatible; SemrushBot/1.2~bl; +http://www.semrush.com/bot.html)"
172.68.65.190 - - [19/Feb/2018:13:33:52 -0500] "GET /tag/bajo-coste/ HTTP/1.0" 404 1291 "-" "Mozilla/5.0 (compatible; SemrushBot/1.2~bl; +http://www.semrush.com/bot.html)"
172.68.174.26 - - [19/Feb/2018:13:33:54 -0500] "GET /2007/08/22/thinking-blogger-award/page/511/ HTTP/1.0" 404 1291 "-" "Mozilla/5.0 (compatible; Googlebot/2.1; +http://www.google.com/bot.html)"
172.69.62.74 - - [19/Feb/2018:13:34:01 -0500] "GET /2013/06/19/recorrido-fotografico-por-los-8-patrimonios-de-la-humanidad-argentinos/ HTTP/1.0" 404 1291 "-" "Mozilla/5.0 (compatible; SemrushBot/1.2~bl; +http://www.semrush.com/bot.html)"
172.68.65.220 - - [19/Feb/2018:13:34:27 -0500] "GET /tag/politica/page/11/ HTTP/1.0" 404 1291 "-" "Mozilla/5.0 (compatible; SemrushBot/1.2~bl; +http://www.semrush.com/bot.html)"
172.69.62.164 - - [19/Feb/2018:13:34:38 -0500] "GET /tag/habitaciones/page/19/ HTTP/1.0" 404 1291 "-" "Mozilla/5.0 (compatible; SemrushBot/1.2~bl; +http://www.semrush.com/bot.html)"
172.69.62.104 - - [19/Feb/2018:13:34:50 -0500] "GET /favicon.ico HTTP/1.0" 404 1291 "-" "Mozilla/5.0 (Windows NT 5.1; rv:11.0) Gecko Firefox/11.0 (via ggpht.com GoogleImageProxy)"
172.68.65.28 - - [19/Feb/2018:13:34:56 -0500] "GET /seccion/hoteles-en-marcaibo/ HTTP/1.0" 404 1291 "-" "Mozilla/5.0 (compatible; SemrushBot/1.2~bl; +http://www.semrush.com/bot.html)"
162.158.78.140 - - [19/Feb/2018:13:35:21 -0500] "GET /2007/04/01/avianca-pide-10-aviones-boeing-787/ HTTP/1.0" 404 1291 "-" "Mozilla/5.0 (compatible; SemrushBot/1.2~bl; +http://www.semrush.com/bot.html)"
172.68.174.32 - - [19/Feb/2018:13:35:32 -0500] "GET /2004/12/22/lufthansa-con-terminal-de-primera-clase-en-frankfurt?nonamp=1 HTTP/1.0" 404 1291 "-" "Mozilla/5.0 (compatible; Googlebot/2.1; +http://www.google.com/bot.html)"
162.158.78.56 - - [19/Feb/2018:13:35:41 -0500] "GET /2013/07/29/mejores-servicios-para-personas-con-discapacidad-y-movilidad-reducida-en-air-france/ HTTP/1.0" 404 1291 "-" "Mozilla/5.0 (compatible; SemrushBot/1.2~bl; +http://www.semrush.com/bot.html)"
172.69.62.164 - - [19/Feb/2018:13:35:50 -0500] "GET /tag/cunard/ HTTP/1.0" 404 1291 "-" "Mozilla/5.0 (compatible; SemrushBot/1.2~bl; +http://www.semrush.com/bot.html)"
162.158.78.56 - - [19/Feb/2018:13:36:16 -0500] "GET /tag/margarita/page/20/ HTTP/1.0" 404 1291 "-" "Mozilla/5.0 (compatible; SemrushBot/1.2~bl; +http://www.semrush.com/bot.html)"
172.69.62.14 - - [19/Feb/2018:13:36:32 -0500] "GET /tag/estado-tachira/ HTTP/1.0" 404 2673 "-" "Mozilla/5.0 (compatible; SemrushBot/1.2~bl; +http://www.semrush.com/bot.html)"
162.158.79.147 - - [19/Feb/2018:13:36:44 -0500] "GET /2008/11/01/torre-de-pisa-italia/ HTTP/1.0" 404 1291 "-" "Mozilla/5.0 (compatible; SemrushBot/1.2~bl; +http://www.semrush.com/bot.html)"
172.69.62.14 - - [19/Feb/2018:13:37:10 -0500] "GET /2007/01/10/los-mejores-hoteles-del-mundo-latinoamerica/ HTTP/1.0" 404 1291 "-" "Mozilla/5.0 (compatible; SemrushBot/1.2~bl; +http://www.semrush.com/bot.html)"
172.68.174.116 - - [19/Feb/2018:13:37:11 -0500] "GET /2007/09/15/la-sopa-mas-grande-del-mundo/page/508/ HTTP/1.0" 404 1291 "-" "Mozilla/5.0 (compatible; Googlebot/2.1; +http://www.google.com/bot.html)"
172.68.65.82 - - [19/Feb/2018:13:37:23 -0500] "GET /2014/02/12/air-europa-recibira-el-pago-por-la-deuda-y-venezolana-detiene-operaciones/ HTTP/1.0" 404 1291 "-" "Mozilla/5.0 (compatible; SemrushBot/1.2~bl; +http://www.semrush.com/bot.html)"
172.68.65.112 - - [19/Feb/2018:13:37:52 -0500] "GET /tag/ciudad-guayana/ HTTP/1.0" 404 1291 "-" "Mozilla/5.0 (compatible; SemrushBot/1.2~bl; +http://www.semrush.com/bot.html)"
162.158.78.98 - - [19/Feb/2018:13:37:57 -0500] "GET /2015/08/20/consejos-dormir-aviones/ HTTP/1.0" 404 1291 "-" "Mozilla/5.0 (compatible; SemrushBot/1.2~bl; +http://www.semrush.com/bot.html)"
162.158.78.56 - - [19/Feb/2018:13:38:25 -0500] "GET /2013/12/10/venezuelainfo-com-la-nueva-guia-turistica-interactiva/ HTTP/1.0" 404 1291 "-" "Mozilla/5.0 (compatible; SemrushBot/1.2~bl; +http://www.semrush.com/bot.html)"
172.68.65.220 - - [19/Feb/2018:13:38:42 -0500] "GET /2014/05/14/el-aeropuerto-las-flecheras-de-apure-ha-sido-reinaugurado/ HTTP/1.0" 404 1291 "-" "Mozilla/5.0 (compatible; SemrushBot/1.2~bl; +http://www.semrush.com/bot.html)"
172.68.174.38 - - [19/Feb/2018:13:38:49 -0500] "GET /2007/08/01/los-simpsons-viajeros?nonamp=1 HTTP/1.0" 404 1291 "-" "Mozilla/5.0 (compatible; Googlebot/2.1; +http://www.google.com/bot.html)"
172.68.65.82 - - [19/Feb/2018:13:38:55 -0500] "GET /seccion/lima/?filter_by=featured HTTP/1.0" 404 1291 "-" "Mozilla/5.0 (compatible; SemrushBot/1.2~bl; +http://www.semrush.com/bot.html)"
108.162.216.212 - - [19/Feb/2018:13:39:02 -0500] "GET /wp-content/uploads/conviasa-pasajes.jpg HTTP/1.0" 404 1291 "-" "facebookexternalhit/1.1 (+http://www.facebook.com/externalhit_uatext.php)"
108.162.246.57 - - [19/Feb/2018:13:39:03 -0500] "GET /wp-content/uploads/aero17sep4.jpg HTTP/1.0" 404 1291 "-" "facebookexternalhit/1.1 (+http://www.facebook.com/externalhit_uatext.php)"
172.68.65.190 - - [19/Feb/2018:13:39:19 -0500] "GET /tag/dominica/page/3/ HTTP/1.0" 404 1291 "-" "Mozilla/5.0 (compatible; SemrushBot/1.2~bl; +http://www.semrush.com/bot.html)"
162.158.78.98 - - [19/Feb/2018:13:39:37 -0500] "GET /seccion/peru/?filter_by=random_posts HTTP/1.0" 404 1291 "-" "Mozilla/5.0 (compatible; SemrushBot/1.2~bl; +http://www.semrush.com/bot.html)"
162.158.78.20 - - [19/Feb/2018:13:39:51 -0500] "GET /tag/kitesurf/ HTTP/1.0" 404 1291 "-" "Mozilla/5.0 (compatible; SemrushBot/1.2~bl; +http://www.semrush.com/bot.html)"
172.69.62.74 - - [19/Feb/2018:13:40:04 -0500] "GET /2016/08/07/compras-bass-pro-shops-para-los-amantes-de-la-pesca-caza-y-backpaking/?replytocom=20995 HTTP/1.0" 404 1291 "-" "Mozilla/5.0 (compatible; SemrushBot/1.2~bl; +http://www.semrush.com/bot.html)"
172.69.62.104 - - [19/Feb/2018:13:40:28 -0500] "GET /2011/01/26/argentina-en-bolivares/ HTTP/1.0" 404 1291 "-" "Mozilla/5.0 (compatible; SemrushBot/1.2~bl; +http://www.semrush.com/bot.html)"
172.68.174.38 - - [19/Feb/2018:13:40:28 -0500] "GET /2007/06/18/cerraron-aeropuerto-de-milan-para-capturar-liebres-y-conejos?nonamp=1 HTTP/1.0" 404 1291 "-" "Mozilla/5.0 (compatible; Googlebot/2.1; +http://www.google.com/bot.html)"
162.158.146.170 - - [19/Feb/2018:13:40:30 -0500] "GET /tag/hoteles/ HTTP/1.0" 404 1291 "-" "Mozilla/5.0 (compatible; Yahoo! Slurp; http://help.yahoo.com/help/us/ysearch/slurp)"
162.158.78.140 - - [19/Feb/2018:13:40:48 -0500] "GET /2010/07/22/expo-living-2010-curazao/ HTTP/1.0" 404 1291 "-" "Mozilla/5.0 (compatible; SemrushBot/1.2~bl; +http://www.semrush.com/bot.html)"
162.158.122.70 - - [19/Feb/2018:13:40:56 -0500] "GET /wp-content/uploads/89D5C319-8AFC-4DE4-B75C-868050F4AD82-600x600.jpg HTTP/1.0" 404 1291 "https://www.google.co.ve/" "Mozilla/5.0 (Windows NT 6.1) AppleWebKit/537.36 (KHTML, like Gecko) Chrome/63.0.3239.132 Safari/537.36"
108.162.212.75 - - [19/Feb/2018:13:40:56 -0500] "GET /wp-content/uploads/ABCC1CC7-E8AD-4521-B7CA-47F7DB8E58D5-600x600.jpg HTTP/1.0" 404 1291 "https://www.google.co.ve/" "Mozilla/5.0 (Windows NT 6.1) AppleWebKit/537.36 (KHTML, like Gecko) Chrome/63.0.3239.132 Safari/537.36"
172.69.62.14 - - [19/Feb/2018:13:41:03 -0500] "GET /tag/espanol/ HTTP/1.0" 404 1291 "-" "Mozilla/5.0 (compatible; SemrushBot/1.2~bl; +http://www.semrush.com/bot.html)"
162.158.122.46 - - [19/Feb/2018:13:41:15 -0500] "GET /wp-content/uploads/A57B2FF6-ADB3-45BB-BB0A-91981866EA99-600x600.jpg HTTP/1.0" 404 1291 "https://www.google.co.ve/" "Mozilla/5.0 (Windows NT 6.1) AppleWebKit/537.36 (KHTML, like Gecko) Chrome/63.0.3239.132 Safari/537.36"
172.68.65.94 - - [19/Feb/2018:13:41:29 -0500] "GET /2015/02/04/pasajes-conferry-listado-de-tarifas-actualizadas/?replytocom=192208 HTTP/1.0" 404 1291 "-" "Mozilla/5.0 (compatible; SemrushBot/1.2~bl; +http://www.semrush.com/bot.html)"
172.68.65.82 - - [19/Feb/2018:13:41:55 -0500] "GET /2015/04/08/precios-de-pasajes-a-aruba-desde-caracas-y-valencia-en-bolivares-y-dolares/?replytocom=185669 HTTP/1.0" 404 2673 "-" "Mozilla/5.0 (compatible; SemrushBot/1.2~bl; +http://www.semrush.com/bot.html)"
172.68.174.104 - - [19/Feb/2018:13:42:06 -0500] "GET /2007/07/12/hotspots-en-caracas-y-otras-ciudades-de-venezuela?nonamp=1 HTTP/1.0" 404 1291 "-" "Mozilla/5.0 (compatible; Googlebot/2.1; +http://www.google.com/bot.html)"
172.69.62.164 - - [19/Feb/2018:13:42:10 -0500] "GET /seccion/galeria/aviones/?filter_by=review_high HTTP/1.0" 404 1291 "-" "Mozilla/5.0 (compatible; SemrushBot/1.2~bl; +http://www.semrush.com/bot.html)"
162.158.78.98 - - [19/Feb/2018:13:42:35 -0500] "GET /2010/02/10/descubre-los-mejores-hoteles-en-las-principales-capitales-de-sudamerica/ HTTP/1.0" 404 1291 "-" "Mozilla/5.0 (compatible; SemrushBot/1.2~bl; +http://www.semrush.com/bot.html)"
162.158.78.20 - - [19/Feb/2018:13:42:58 -0500] "GET /2014/04/23/la-vida-desde-uno-de-los-hoteles-mas-lujosos-del-mundo/ HTTP/1.0" 404 1291 "-" "Mozilla/5.0 (compatible; SemrushBot/1.2~bl; +http://www.semrush.com/bot.html)"
172.69.62.74 - - [19/Feb/2018:13:43:04 -0500] "GET /tag/air-france/page/12/ HTTP/1.0" 404 1291 "-" "Mozilla/5.0 (compatible; SemrushBot/1.2~bl; +http://www.semrush.com/bot.html)"
162.158.146.32 - - [19/Feb/2018:13:43:31 -0500] "GET /seccion/vuelo/ HTTP/1.0" 404 1291 "-" "Mozilla/5.0 (compatible; bingbot/2.0; +http://www.bing.com/bingbot.htm)"
172.68.174.14 - - [19/Feb/2018:13:43:45 -0500] "GET /2007/08/28/a-buenos-aires-por-soda-y-the-police/amp HTTP/1.0" 404 1291 "-" "Mozilla/5.0 (compatible; Googlebot/2.1; +http://www.google.com/bot.html)"
172.69.62.14 - - [19/Feb/2018:13:43:53 -0500] "GET /tag/fly-fishing/ HTTP/1.0" 404 1291 "-" "Mozilla/5.0 (compatible; SemrushBot/1.2~bl; +http://www.semrush.com/bot.html)"
162.158.78.140 - - [19/Feb/2018:13:44:02 -0500] "GET /2016/08/07/compras-bass-pro-shops-para-los-amantes-de-la-pesca-caza-y-backpaking/?replytocom=26267 HTTP/1.0" 404 1291 "-" "Mozilla/5.0 (compatible; SemrushBot/1.2~bl; +http://www.semrush.com/bot.html)"
172.68.65.28 - - [19/Feb/2018:13:44:04 -0500] "GET /2014/08/07/embajada-de-canada-desmiente-la-reanudacion-de-operaciones-de-air-canada/ HTTP/1.0" 404 1291 "-" "Mozilla/5.0 (compatible; SemrushBot/1.2~bl; +http://www.semrush.com/bot.html)"
172.69.62.14 - - [19/Feb/2018:13:44:20 -0500] "GET /tag/radar-del-sabor/ HTTP/1.0" 404 1291 "-" "Mozilla/5.0 (compatible; SemrushBot/1.2~bl; +http://www.semrush.com/bot.html)"
162.158.146.158 - - [19/Feb/2018:13:44:41 -0500] "GET /tag/alerta-de-bomba/ HTTP/1.0" 404 1291 "-" "Mozilla/5.0 (compatible; bingbot/2.0; +http://www.bing.com/bingbot.htm)"
172.68.65.112 - - [19/Feb/2018:13:44:54 -0500] "GET /seccion/jets-privados/?filter_by=popular7 HTTP/1.0" 404 1291 "-" "Mozilla/5.0 (compatible; SemrushBot/1.2~bl; +http://www.semrush.com/bot.html)"
172.68.65.112 - - [19/Feb/2018:13:45:18 -0500] "GET /tag/fotos-de-aviones/ HTTP/1.0" 404 1291 "-" "Mozilla/5.0 (compatible; SemrushBot/1.2~bl; +http://www.semrush.com/bot.html)"
162.158.78.20 - - [19/Feb/2018:13:45:23 -0500] "GET /tag/comida/ HTTP/1.0" 404 1291 "-" "Mozilla/5.0 (compatible; SemrushBot/1.2~bl; +http://www.semrush.com/bot.html)"
172.68.174.98 - - [19/Feb/2018:13:45:24 -0500] "GET /2005/08/31/lineas-aereas-venezolanas-reportan-aumentos-en-vuelos/amp/ HTTP/1.0" 404 1291 "-" "Mozilla/5.0 (compatible; Googlebot/2.1; +http://www.google.com/bot.html)"
172.68.65.28 - - [19/Feb/2018:13:45:34 -0500] "GET /2011/08/01/conocer-la-peninsula-de-macanao-al-lomo-de-un-caballo/ HTTP/1.0" 404 1291 "-" "Mozilla/5.0 (compatible; SemrushBot/1.2~bl; +http://www.semrush.com/bot.html)"
108.162.212.75 - - [19/Feb/2018:13:45:46 -0500] "GET /wp-content/uploads/ABCC1CC7-E8AD-4521-B7CA-47F7DB8E58D5-600x600.jpg HTTP/1.0" 404 1291 "https://www.google.co.ve/" "Mozilla/5.0 (Windows NT 10.0; Win64; x64) AppleWebKit/537.36 (KHTML, like Gecko) Chrome/63.0.3239.132 Safari/537.36"
162.158.122.70 - - [19/Feb/2018:13:45:46 -0500] "GET /wp-content/uploads/89D5C319-8AFC-4DE4-B75C-868050F4AD82-600x600.jpg HTTP/1.0" 404 1291 "https://www.google.co.ve/" "Mozilla/5.0 (Windows NT 10.0; Win64; x64) AppleWebKit/537.36 (KHTML, like Gecko) Chrome/63.0.3239.132 Safari/537.36"
172.68.65.28 - - [19/Feb/2018:13:45:48 -0500] "GET /2008/11/01/portobelo-panama/ HTTP/1.0" 404 1291 "-" "Mozilla/5.0 (compatible; SemrushBot/1.2~bl; +http://www.semrush.com/bot.html)"
162.158.122.46 - - [19/Feb/2018:13:46:08 -0500] "GET /wp-content/uploads/A57B2FF6-ADB3-45BB-BB0A-91981866EA99-600x600.jpg HTTP/1.0" 404 1291 "https://www.google.co.ve/" "Mozilla/5.0 (Windows NT 10.0; Win64; x64) AppleWebKit/537.36 (KHTML, like Gecko) Chrome/63.0.3239.132 Safari/537.36"
172.69.22.90 - - [19/Feb/2018:13:46:13 -0500] "GET /wp-content/uploads/2006/09/accidente-aereo-gol-mapa.jpg HTTP/1.0" 404 1291 "-" "Mozilla/5.0 (Macintosh; Intel Mac OS X 10_10_1) AppleWebKit/600.2.5 (KHTML, like Gecko) Version/8.0.2 Safari/600.2.5 (Applebot/0.1; +http://www.apple.com/go/applebot)"
172.68.65.94 - - [19/Feb/2018:13:46:21 -0500] "GET /seccion/galeria/?filter_by=review_high HTTP/1.0" 404 1291 "-" "Mozilla/5.0 (compatible; SemrushBot/1.2~bl; +http://www.semrush.com/bot.html)"
172.68.65.94 - - [19/Feb/2018:13:46:32 -0500] "GET /seccion/galeria/?filter_by=review_high HTTP/1.0" 404 1291 "-" "Mozilla/5.0 (compatible; SemrushBot/1.2~bl; +http://www.semrush.com/bot.html)"
172.69.62.164 - - [19/Feb/2018:13:46:41 -0500] "GET /2007/08/08/ferrys-a-margarita-otra-vez-con-retrasos/ HTTP/1.0" 404 1291 "-" "Mozilla/5.0 (compatible; SemrushBot/1.2~bl; +http://www.semrush.com/bot.html)"
172.68.174.44 - - [19/Feb/2018:13:47:03 -0500] "GET /2005/08/22/alianza-de-alamo-rent-a-car-y-lan-lineas-aereas/page/661/ HTTP/1.0" 404 2673 "-" "Mozilla/5.0 (compatible; Googlebot/2.1; +http://www.google.com/bot.html)"
162.158.78.20 - - [19/Feb/2018:13:47:08 -0500] "GET /2014/09/05/caracas-curazao-la-nueva-ruta-de-rutaca-airlines/ HTTP/1.0" 404 1291 "-" "Mozilla/5.0 (compatible; SemrushBot/1.2~bl; +http://www.semrush.com/bot.html)"
172.69.62.14 - - [19/Feb/2018:13:47:43 -0500] "GET /tag/precios-y-tarifas/ HTTP/1.0" 404 1291 "-" "Mozilla/5.0 (compatible; SemrushBot/1.2~bl; +http://www.semrush.com/bot.html)"
172.68.65.112 - - [19/Feb/2018:13:48:05 -0500] "GET /2007/07/10/politico-de-bajo-coste/ HTTP/1.0" 404 1291 "-" "Mozilla/5.0 (compatible; SemrushBot/1.2~bl; +http://www.semrush.com/bot.html)"
162.158.78.98 - - [19/Feb/2018:13:48:19 -0500] "GET /seccion/equipaje/ HTTP/1.0" 404 1291 "-" "Mozilla/5.0 (compatible; SemrushBot/1.2~bl; +http://www.semrush.com/bot.html)"
172.68.174.62 - - [19/Feb/2018:13:48:46 -0500] "GET /tag/banco-federal/ HTTP/1.0" 404 1291 "-" "Mozilla/5.0 (compatible; Googlebot/2.1; +http://www.google.com/bot.html)"
172.68.94.86 - - [19/Feb/2018:13:49:04 -0500] "GET /wp-content/uploads/aruba.jpg HTTP/1.0" 404 1291 "http://www.insuranceloansonline.com/posts/turismo/33/5-asombrosos-lugares-para-visitar-en-Aruba.html" "Mozilla/5.0 (Windows NT 10.0; Win64; x64; rv:58.0) Gecko/20100101 Firefox/58.0"
162.158.78.56 - - [19/Feb/2018:13:49:13 -0500] "GET /tag/politica/page/2/ HTTP/1.0" 404 1291 "-" "Mozilla/5.0 (compatible; SemrushBot/1.2~bl; +http://www.semrush.com/bot.html)"
172.68.65.220 - - [19/Feb/2018:13:49:28 -0500] "GET /2012/03/01/caracas-orlando-por-avianca/ HTTP/1.0" 404 1291 "-" "Mozilla/5.0 (compatible; SemrushBot/1.2~bl; +http://www.semrush.com/bot.html)"
172.68.65.190 - - [19/Feb/2018:13:49:49 -0500] "GET /2005/01/04/trafico-aereo-internacional-crece-56-en-chile/ HTTP/1.0" 404 1291 "-" "Mozilla/5.0 (compatible; SemrushBot/1.2~bl; +http://www.semrush.com/bot.html)"
172.68.174.26 - - [19/Feb/2018:13:49:57 -0500] "GET /2011/06/page/2/ HTTP/1.0" 404 1291 "-" "Mozilla/5.0 (compatible; Googlebot/2.1; +http://www.google.com/bot.html)"
172.69.62.98 - - [19/Feb/2018:13:50:00 -0500] "GET /tag/gastronomia/ HTTP/1.0" 404 1291 "-" "Mozilla/5.0 (compatible; SemrushBot/1.2~bl; +http://www.semrush.com/bot.html)"
172.68.65.220 - - [19/Feb/2018:13:50:08 -0500] "GET /2012/01/13/comerse-un-pepito-en-venezuela/ HTTP/1.0" 404 1291 "-" "Mozilla/5.0 (compatible; SemrushBot/1.2~bl; +http://www.semrush.com/bot.html)"
172.68.46.183 - - [19/Feb/2018:13:50:14 -0500] "GET / HTTP/1.0" 200 509 "-" "Mozilla/5.0 (Windows NT 6.1; WOW64; rv:2.0.1) Gecko/20100101 Firefox/4.0.1"
172.69.62.164 - - [19/Feb/2018:13:50:17 -0500] "GET /2007/05/06/spirit-airlines-llega-a-peru-con-precios-bajos/ HTTP/1.0" 404 1291 "-" "Mozilla/5.0 (compatible; SemrushBot/1.2~bl; +http://www.semrush.com/bot.html)"
172.68.174.110 - - [19/Feb/2018:13:50:20 -0500] "GET /2009/06/29/primer-avion-solar-preparado-para-dar-vuelta-al-mundo/amp/ HTTP/1.0" 404 1291 "-" "Mozilla/5.0 (compatible; Googlebot/2.1; +http://www.google.com/bot.html)"
172.69.62.98 - - [19/Feb/2018:13:50:56 -0500] "GET /2005/09/21/hoteles-en-miami-busque-la-opcion-de-hospedaje-en-miami-mas-conveniente-para-su-comodidad-y-su-bolsillo/ HTTP/1.0" 404 1291 "-" "Mozilla/5.0 (compatible; SemrushBot/1.2~bl; +http://www.semrush.com/bot.html)"
172.68.65.190 - - [19/Feb/2018:13:51:06 -0500] "GET /2014/11/17/ano-nuevo-y-reyes-en-cancun-201415/?replytocom=173101 HTTP/1.0" 404 1291 "-" "Mozilla/5.0 (compatible; SemrushBot/1.2~bl; +http://www.semrush.com/bot.html)"
172.69.62.74 - - [19/Feb/2018:13:51:18 -0500] "GET /tag/aerolineas-argentinas/page/4/ HTTP/1.0" 404 1291 "-" "Mozilla/5.0 (compatible; SemrushBot/1.2~bl; +http://www.semrush.com/bot.html)"
172.68.65.190 - - [19/Feb/2018:13:51:34 -0500] "GET /seccion/destinos/colombia/?filter_by=popular HTTP/1.0" 404 1291 "-" "Mozilla/5.0 (compatible; SemrushBot/1.2~bl; +http://www.semrush.com/bot.html)"
162.158.79.147 - - [19/Feb/2018:13:51:56 -0500] "GET /tag/oferta/ HTTP/1.0" 404 1291 "-" "Mozilla/5.0 (compatible; SemrushBot/1.2~bl; +http://www.semrush.com/bot.html)"
172.68.65.94 - - [19/Feb/2018:13:52:20 -0500] "GET /tag/venezolana/ HTTP/1.0" 404 2673 "-" "Mozilla/5.0 (compatible; SemrushBot/1.2~bl; +http://www.semrush.com/bot.html)"
162.158.78.20 - - [19/Feb/2018:13:52:53 -0500] "GET /seccion/flight-simulator/?filter_by=review_high HTTP/1.0" 404 1291 "-" "Mozilla/5.0 (compatible; SemrushBot/1.2~bl; +http://www.semrush.com/bot.html)"
172.69.62.14 - - [19/Feb/2018:13:53:15 -0500] "GET /2007/05/02/fabrica-de-boeing-cumple-40-anos/ HTTP/1.0" 404 1291 "-" "Mozilla/5.0 (compatible; SemrushBot/1.2~bl; +http://www.semrush.com/bot.html)"
172.68.65.28 - - [19/Feb/2018:13:53:26 -0500] "GET /tag/clase-ejecutiva/ HTTP/1.0" 404 1291 "-" "Mozilla/5.0 (compatible; SemrushBot/1.2~bl; +http://www.semrush.com/bot.html)"
172.68.174.68 - - [19/Feb/2018:13:53:37 -0500] "GET /2007/08/28/a-buenos-aires-por-soda-y-the-police/?nonamp=1 HTTP/1.0" 404 1291 "-" "Mozilla/5.0 (compatible; Googlebot/2.1; +http://www.google.com/bot.html)"
172.69.62.104 - - [19/Feb/2018:13:53:49 -0500] "GET /2008/11/28/fotos-el-retiro-del-queen-elizabeth-2/ HTTP/1.0" 404 1291 "-" "Mozilla/5.0 (compatible; SemrushBot/1.2~bl; +http://www.semrush.com/bot.html)"
172.69.62.98 - - [19/Feb/2018:13:53:57 -0500] "GET /2014/11/17/tower-bridge-de-londres-tiene-piso-de-cristal-para-los-aventureros/ HTTP/1.0" 404 1291 "-" "Mozilla/5.0 (compatible; SemrushBot/1.2~bl; +http://www.semrush.com/bot.html)"
172.69.62.98 - - [19/Feb/2018:13:54:18 -0500] "GET /tag/vuelos/page/3/ HTTP/1.0" 404 1291 "-" "Mozilla/5.0 (compatible; SemrushBot/1.2~bl; +http://www.semrush.com/bot.html)"
172.68.222.92 - - [19/Feb/2018:13:54:29 -0500] "GET / HTTP/1.0" 200 509 "-" "Mediatoolkitbot (complaints@mediatoolkit.com)"
172.69.62.74 - - [19/Feb/2018:13:54:37 -0500] "GET /seccion/margarita/ HTTP/1.0" 404 1291 "-" "Mozilla/5.0 (compatible; SemrushBot/1.2~bl; +http://www.semrush.com/bot.html)"
172.68.47.250 - - [19/Feb/2018:13:54:42 -0500] "GET /wp-content/uploads/aruba.jpg HTTP/1.0" 404 1291 "http://www.insuranceloansonline.com/posts/turismo/33/5-asombrosos-lugares-para-visitar-en-Aruba.html" "Mozilla/5.0 (Windows NT 6.1; Win64; x64) AppleWebKit/537.36 (KHTML, like Gecko) Chrome/64.0.3282.167 Safari/537.36"
172.68.65.190 - - [19/Feb/2018:13:54:55 -0500] "GET /2009/05/01/como-obtener-un-mejor-asiento-en-clase-economica/?replytocom=32038 HTTP/1.0" 404 1291 "-" "Mozilla/5.0 (compatible; SemrushBot/1.2~bl; +http://www.semrush.com/bot.html)"
172.68.174.86 - - [19/Feb/2018:13:55:15 -0500] "GET /2007/12/13/video-hoteles-cuidado-con-los-vasos?nonamp=1 HTTP/1.0" 404 1291 "-" "Mozilla/5.0 (compatible; Googlebot/2.1; +http://www.google.com/bot.html)"
172.68.65.112 - - [19/Feb/2018:13:55:30 -0500] "GET /seccion/honduras/ HTTP/1.0" 404 1291 "-" "Mozilla/5.0 (compatible; SemrushBot/1.2~bl; +http://www.semrush.com/bot.html)"
172.68.65.190 - - [19/Feb/2018:13:55:53 -0500] "GET /tag/panama/ HTTP/1.0" 404 1291 "-" "Mozilla/5.0 (compatible; SemrushBot/1.2~bl; +http://www.semrush.com/bot.html)"
172.69.62.98 - - [19/Feb/2018:13:56:00 -0500] "GET /author/staff/ HTTP/1.0" 404 1291 "-" "Mozilla/5.0 (compatible; SemrushBot/1.2~bl; +http://www.semrush.com/bot.html)"
172.69.62.74 - - [19/Feb/2018:13:56:28 -0500] "GET /tag/google/page/2/ HTTP/1.0" 404 1291 "-" "Mozilla/5.0 (compatible; SemrushBot/1.2~bl; +http://www.semrush.com/bot.html)"
172.68.65.190 - - [19/Feb/2018:13:56:43 -0500] "GET /tag/historias/page/2/ HTTP/1.0" 404 1291 "-" "Mozilla/5.0 (compatible; SemrushBot/1.2~bl; +http://www.semrush.com/bot.html)"
172.68.174.62 - - [19/Feb/2018:13:56:58 -0500] "GET /2005/08/31/lineas-aereas-venezolanas-reportan-aumentos-en-vuelos/?nonamp=1 HTTP/1.0" 404 1291 "-" "Mozilla/5.0 (compatible; Googlebot/2.1; +http://www.google.com/bot.html)"
162.158.78.140 - - [19/Feb/2018:13:57:00 -0500] "GET /tag/airbus/ HTTP/1.0" 404 1291 "-" "Mozilla/5.0 (compatible; SemrushBot/1.2~bl; +http://www.semrush.com/bot.html)"
172.68.65.112 - - [19/Feb/2018:13:57:20 -0500] "GET /tag/argentina/ HTTP/1.0" 404 1291 "-" "Mozilla/5.0 (compatible; SemrushBot/1.2~bl; +http://www.semrush.com/bot.html)"
108.162.212.75 - - [19/Feb/2018:13:57:33 -0500] "GET /wp-content/uploads/ABCC1CC7-E8AD-4521-B7CA-47F7DB8E58D5-600x600.jpg HTTP/1.0" 404 2673 "https://www.google.co.ve/" "Mozilla/5.0 (Windows NT 6.1) AppleWebKit/537.36 (KHTML, like Gecko) Chrome/64.0.3282.167 Safari/537.36"
162.158.122.70 - - [19/Feb/2018:13:57:33 -0500] "GET /wp-content/uploads/89D5C319-8AFC-4DE4-B75C-868050F4AD82-600x600.jpg HTTP/1.0" 404 1291 "https://www.google.co.ve/" "Mozilla/5.0 (Windows NT 6.1) AppleWebKit/537.36 (KHTML, like Gecko) Chrome/64.0.3282.167 Safari/537.36"
172.69.62.14 - - [19/Feb/2018:13:57:34 -0500] "GET /2010/06/14/aerolineas-argentinas-refresca-su-imagen/ HTTP/1.0" 404 1291 "-" "Mozilla/5.0 (compatible; SemrushBot/1.2~bl; +http://www.semrush.com/bot.html)"
162.158.122.46 - - [19/Feb/2018:13:57:56 -0500] "GET /wp-content/uploads/A57B2FF6-ADB3-45BB-BB0A-91981866EA99-600x600.jpg HTTP/1.0" 404 1291 "https://www.google.co.ve/" "Mozilla/5.0 (Windows NT 6.1) AppleWebKit/537.36 (KHTML, like Gecko) Chrome/64.0.3282.167 Safari/537.36"
172.69.62.104 - - [19/Feb/2018:13:58:01 -0500] "GET /tag/cachapas/ HTTP/1.0" 404 1291 "-" "Mozilla/5.0 (compatible; SemrushBot/1.2~bl; +http://www.semrush.com/bot.html)"
172.68.65.94 - - [19/Feb/2018:13:58:21 -0500] "GET /2008/09/17/video-como-lograr-una-cita-con-una-aeromoza/ HTTP/1.0" 404 1291 "-" "Mozilla/5.0 (compatible; SemrushBot/1.2~bl; +http://www.semrush.com/bot.html)"
162.158.78.140 - - [19/Feb/2018:13:58:30 -0500] "GET /tag/accidente-aereo/ HTTP/1.0" 404 1291 "-" "Mozilla/5.0 (compatible; SemrushBot/1.2~bl; +http://www.semrush.com/bot.html)"
172.68.174.92 - - [19/Feb/2018:13:58:33 -0500] "GET /2008/01/15/ferry-de-puerto-cabello-a-margarita-amen/comment-page-2/ HTTP/1.0" 404 1291 "-" "Mozilla/5.0 (compatible; Googlebot/2.1; +http://www.google.com/bot.html)"
172.68.65.94 - - [19/Feb/2018:13:58:35 -0500] "GET /2008/09/17/video-como-lograr-una-cita-con-una-aeromoza/ HTTP/1.0" 404 1291 "-" "Mozilla/5.0 (compatible; SemrushBot/1.2~bl; +http://www.semrush.com/bot.html)"
172.68.65.220 - - [19/Feb/2018:13:58:48 -0500] "GET /2010/01/07/peru-apunta-a-los-turistas-interesados-en-degustar-sus-delicias-gastronomicas/ HTTP/1.0" 404 1291 "-" "Mozilla/5.0 (compatible; SemrushBot/1.2~bl; +http://www.semrush.com/bot.html)"
162.158.78.56 - - [19/Feb/2018:13:59:00 -0500] "GET /2012/11/20/manned-cloud-un-hotel-volador-en-forma-de-ballena/ HTTP/1.0" 404 1291 "-" "Mozilla/5.0 (compatible; SemrushBot/1.2~bl; +http://www.semrush.com/bot.html)"
172.69.62.104 - - [19/Feb/2018:13:59:30 -0500] "GET /tag/honduras/ HTTP/1.0" 404 1291 "-" "Mozilla/5.0 (compatible; SemrushBot/1.2~bl; +http://www.semrush.com/bot.html)"
162.158.78.140 - - [19/Feb/2018:13:59:43 -0500] "GET /2007/04/10/la-broma-de-ryanair-vuelos-low-cost-a-la-luna/ HTTP/1.0" 404 1291 "-" "Mozilla/5.0 (compatible; SemrushBot/1.2~bl; +http://www.semrush.com/bot.html)"
172.68.174.68 - - [19/Feb/2018:14:00:13 -0500] "GET /2007/11/09/compras-duty-free-caracas-aeropuerto-de-maiquetia/comment-page-6/ HTTP/1.0" 404 1291 "-" "Mozilla/5.0 (compatible; Googlebot/2.1; +http://www.google.com/bot.html)"
162.158.79.147 - - [19/Feb/2018:14:00:16 -0500] "GET /tag/ravsa/ HTTP/1.0" 404 1291 "-" "Mozilla/5.0 (compatible; SemrushBot/1.2~bl; +http://www.semrush.com/bot.html)"
162.158.79.147 - - [19/Feb/2018:14:00:36 -0500] "GET /seccion/lima/?filter_by=review_high HTTP/1.0" 404 1291 "-" "Mozilla/5.0 (compatible; SemrushBot/1.2~bl; +http://www.semrush.com/bot.html)"
172.69.62.98 - - [19/Feb/2018:14:00:51 -0500] "GET /2015/02/04/pasajes-conferry-listado-de-tarifas-actualizadas/?replytocom=195349 HTTP/1.0" 404 1291 "-" "Mozilla/5.0 (compatible; SemrushBot/1.2~bl; +http://www.semrush.com/bot.html)"
172.69.62.74 - - [19/Feb/2018:14:01:08 -0500] "GET /tag/eventos/page/11/ HTTP/1.0" 404 1291 "-" "Mozilla/5.0 (compatible; SemrushBot/1.2~bl; +http://www.semrush.com/bot.html)"
162.158.78.56 - - [19/Feb/2018:14:01:24 -0500] "GET /2006/08/27/un-sobreviviente-y-49-fallecidos-tras-estrellarse-avion-en-estados-unidos/ HTTP/1.0" 404 1291 "-" "Mozilla/5.0 (compatible; SemrushBot/1.2~bl; +http://www.semrush.com/bot.html)"
172.69.62.98 - - [19/Feb/2018:14:01:43 -0500] "GET /tag/constelation/ HTTP/1.0" 404 1291 "-" "Mozilla/5.0 (compatible; SemrushBot/1.2~bl; +http://www.semrush.com/bot.html)"
172.68.174.74 - - [19/Feb/2018:14:01:50 -0500] "GET /2007/08/28/a-buenos-aires-por-soda-y-the-police?nonamp=1 HTTP/1.0" 404 1291 "-" "Mozilla/5.0 (compatible; Googlebot/2.1; +http://www.google.com/bot.html)"
162.158.78.20 - - [19/Feb/2018:14:02:05 -0500] "GET /seccion/galeria/aviones/?filter_by=featured HTTP/1.0" 404 1291 "-" "Mozilla/5.0 (compatible; SemrushBot/1.2~bl; +http://www.semrush.com/bot.html)"
162.158.79.147 - - [19/Feb/2018:14:02:21 -0500] "GET /seccion/flight-simulator/?filter_by=popular HTTP/1.0" 404 1291 "-" "Mozilla/5.0 (compatible; SemrushBot/1.2~bl; +http://www.semrush.com/bot.html)"
172.68.65.82 - - [19/Feb/2018:14:02:41 -0500] "GET /tag/facilidades/page/2/ HTTP/1.0" 404 2673 "-" "Mozilla/5.0 (compatible; SemrushBot/1.2~bl; +http://www.semrush.com/bot.html)"
162.158.78.20 - - [19/Feb/2018:14:03:05 -0500] "GET /tag/puerto-ordaz/ HTTP/1.0" 404 1291 "-" "Mozilla/5.0 (compatible; SemrushBot/1.2~bl; +http://www.semrush.com/bot.html)"
172.68.65.190 - - [19/Feb/2018:14:03:15 -0500] "GET /seccion/fiestas/ HTTP/1.0" 404 1291 "-" "Mozilla/5.0 (compatible; SemrushBot/1.2~bl; +http://www.semrush.com/bot.html)"
172.68.174.86 - - [19/Feb/2018:14:03:29 -0500] "GET /2005/08/25/fotos-aviones-conviasa/comment-page-2/ HTTP/1.0" 404 1291 "-" "Mozilla/5.0 (compatible; Googlebot/2.1; +http://www.google.com/bot.html)"
172.69.62.98 - - [19/Feb/2018:14:03:31 -0500] "GET /2013/04/29/the-walking-dead-tendra-su-parque-tematico/ HTTP/1.0" 404 1291 "-" "Mozilla/5.0 (compatible; SemrushBot/1.2~bl; +http://www.semrush.com/bot.html)"
172.69.62.164 - - [19/Feb/2018:14:03:50 -0500] "GET /tag/pasajes/page/3/ HTTP/1.0" 404 1291 "-" "Mozilla/5.0 (compatible; SemrushBot/1.2~bl; +http://www.semrush.com/bot.html)"
172.69.62.104 - - [19/Feb/2018:14:04:18 -0500] "GET /2013/10/17/venezuela-presenciara-el-ultimo-eclipse-solar-del-ano/ HTTP/1.0" 404 1291 "-" "Mozilla/5.0 (compatible; SemrushBot/1.2~bl; +http://www.semrush.com/bot.html)"
172.69.62.104 - - [19/Feb/2018:14:04:29 -0500] "GET /2016/08/07/compras-bass-pro-shops-para-los-amantes-de-la-pesca-caza-y-backpaking/?replytocom=65426 HTTP/1.0" 404 1291 "-" "Mozilla/5.0 (compatible; SemrushBot/1.2~bl; +http://www.semrush.com/bot.html)"
172.69.62.104 - - [19/Feb/2018:14:04:51 -0500] "GET /2016/08/07/compras-bass-pro-shops-para-los-amantes-de-la-pesca-caza-y-backpaking/?replytocom=21122 HTTP/1.0" 404 1291 "-" "Mozilla/5.0 (compatible; SemrushBot/1.2~bl; +http://www.semrush.com/bot.html)"
172.69.62.98 - - [19/Feb/2018:14:05:01 -0500] "GET /2017/01/11/7-razones-viajar-tel-aviv-israel-este-ano/ HTTP/1.0" 404 1291 "-" "Mozilla/5.0 (compatible; SemrushBot/1.2~bl; +http://www.semrush.com/bot.html)"
172.68.65.220 - - [19/Feb/2018:14:05:25 -0500] "GET /2014/11/06/hoteles-que-cambian-recepcionistas-por-apps/ HTTP/1.0" 404 1291 "-" "Mozilla/5.0 (compatible; SemrushBot/1.2~bl; +http://www.semrush.com/bot.html)"
172.69.62.164 - - [19/Feb/2018:14:05:37 -0500] "GET /tag/ninos/page/9/ HTTP/1.0" 404 1291 "-" "Mozilla/5.0 (compatible; SemrushBot/1.2~bl; +http://www.semrush.com/bot.html)"
172.68.65.82 - - [19/Feb/2018:14:05:55 -0500] "GET /2012/02/06/easyfly-la-aerolinea-de-bajo-costo-que-conectara-a-colombia-con-venezuela-y-aruba/?replytocom=65058 HTTP/1.0" 404 1291 "-" "Mozilla/5.0 (compatible; SemrushBot/1.2~bl; +http://www.semrush.com/bot.html)"
162.158.78.140 - - [19/Feb/2018:14:06:13 -0500] "GET /seccion/fort-lauderdale/ HTTP/1.0" 404 1291 "-" "Mozilla/5.0 (compatible; SemrushBot/1.2~bl; +http://www.semrush.com/bot.html)"
172.69.62.14 - - [19/Feb/2018:14:06:32 -0500] "GET /2016/08/07/compras-bass-pro-shops-para-los-amantes-de-la-pesca-caza-y-backpaking/?replytocom=24606 HTTP/1.0" 404 1291 "-" "Mozilla/5.0 (compatible; SemrushBot/1.2~bl; +http://www.semrush.com/bot.html)"
172.68.174.86 - - [19/Feb/2018:14:06:51 -0500] "GET /2008/01/08/pesca-en-los-roques?nonamp=1 HTTP/1.0" 404 1291 "-" "Mozilla/5.0 (compatible; Googlebot/2.1; +http://www.google.com/bot.html)"
162.158.78.20 - - [19/Feb/2018:14:07:02 -0500] "GET /2010/05/30/los-principales-destinos-turisticos-en-jamaica-no-son-afectados-por-los-problemas-en-la-capital/ HTTP/1.0" 404 1291 "-" "Mozilla/5.0 (compatible; SemrushBot/1.2~bl; +http://www.semrush.com/bot.html)"
162.158.78.20 - - [19/Feb/2018:14:07:11 -0500] "GET /2010/05/30/los-principales-destinos-turisticos-en-jamaica-no-son-afectados-por-los-problemas-en-la-capital/ HTTP/1.0" 404 1291 "-" "Mozilla/5.0 (compatible; SemrushBot/1.2~bl; +http://www.semrush.com/bot.html)"
162.158.78.98 - - [19/Feb/2018:14:07:14 -0500] "GET /tag/galeria-de-fotos/ HTTP/1.0" 404 1291 "-" "Mozilla/5.0 (compatible; SemrushBot/1.2~bl; +http://www.semrush.com/bot.html)"
162.158.78.20 - - [19/Feb/2018:14:07:28 -0500] "GET /2013/11/15/maiquetia-rompe-su-record-de-movilizacion-de-pasajeros/ HTTP/1.0" 404 1291 "-" "Mozilla/5.0 (compatible; SemrushBot/1.2~bl; +http://www.semrush.com/bot.html)"
162.158.146.20 - - [19/Feb/2018:14:07:46 -0500] "GET /2011/11/14/v-sala-de-exposiciones-de-venetur-en-el-estado-zulia/ HTTP/1.0" 404 2673 "-" "Mozilla/5.0 (compatible; bingbot/2.0; +http://www.bing.com/bingbot.htm)"
162.158.78.20 - - [19/Feb/2018:14:07:52 -0500] "GET /seccion/viajes/?filter_by=featured HTTP/1.0" 404 1291 "-" "Mozilla/5.0 (compatible; SemrushBot/1.2~bl; +http://www.semrush.com/bot.html)"
172.68.65.190 - - [19/Feb/2018:14:08:13 -0500] "GET /tag/estado-miranda/ HTTP/1.0" 404 1291 "-" "Mozilla/5.0 (compatible; SemrushBot/1.2~bl; +http://www.semrush.com/bot.html)"
172.68.94.86 - - [19/Feb/2018:14:08:22 -0500] "GET /wp-content/uploads/aruba.jpg HTTP/1.0" 404 1291 "http://www.insuranceloansonline.com/posts/turismo/33/5-asombrosos-lugares-para-visitar-en-Aruba.html" "Mozilla/5.0 (Windows NT 10.0; Win64; x64) AppleWebKit/537.36 (KHTML, like Gecko) Chrome/63.0.3239.132 Safari/537.36"
172.68.174.56 - - [19/Feb/2018:14:08:24 -0500] "GET /2008/01/14/mc-plane/amp HTTP/1.0" 404 1291 "-" "Mozilla/5.0 (compatible; Googlebot/2.1; +http://www.google.com/bot.html)"
162.158.78.20 - - [19/Feb/2018:14:08:32 -0500] "GET /2014/09/26/dolar-paralelo-supera-los-bs-100-dolara100/ HTTP/1.0" 404 1291 "-" "Mozilla/5.0 (compatible; SemrushBot/1.2~bl; +http://www.semrush.com/bot.html)"
172.68.65.94 - - [19/Feb/2018:14:08:46 -0500] "GET /2011/01/24/cachapera-dona-ines-e-hijos-en-la-union-caracas/ HTTP/1.0" 404 1291 "-" "Mozilla/5.0 (compatible; SemrushBot/1.2~bl; +http://www.semrush.com/bot.html)"
172.68.65.94 - - [19/Feb/2018:14:09:05 -0500] "GET /2012/02/06/easyfly-la-aerolinea-de-bajo-costo-que-conectara-a-colombia-con-venezuela-y-aruba/ HTTP/1.0" 404 1291 "-" "Mozilla/5.0 (compatible; SemrushBot/1.2~bl; +http://www.semrush.com/bot.html)"
172.68.65.220 - - [19/Feb/2018:14:09:23 -0500] "GET /2014/04/15/3-rutas-turisticas-para-la-isla-de-margarita/ HTTP/1.0" 404 1291 "-" "Mozilla/5.0 (compatible; SemrushBot/1.2~bl; +http://www.semrush.com/bot.html)"
162.158.78.20 - - [19/Feb/2018:14:09:37 -0500] "GET /tag/playas/page/3/ HTTP/1.0" 404 1291 "-" "Mozilla/5.0 (compatible; SemrushBot/1.2~bl; +http://www.semrush.com/bot.html)"
172.68.174.86 - - [19/Feb/2018:14:10:03 -0500] "GET /2007/11/15/dolor-de-cabeza/?nonamp=1 HTTP/1.0" 404 1291 "-" "Mozilla/5.0 (compatible; Googlebot/2.1; +http://www.google.com/bot.html)"
172.68.65.190 - - [19/Feb/2018:14:10:03 -0500] "GET /2016/08/07/compras-bass-pro-shops-para-los-amantes-de-la-pesca-caza-y-backpaking/?replytocom=42292 HTTP/1.0" 404 1291 "-" "Mozilla/5.0 (compatible; SemrushBot/1.2~bl; +http://www.semrush.com/bot.html)"
172.68.46.183 - - [19/Feb/2018:14:10:16 -0500] "GET / HTTP/1.0" 200 509 "-" "Mozilla/5.0 (Windows NT 6.1; WOW64; rv:2.0.1) Gecko/20100101 Firefox/4.0.1"
172.68.65.220 - - [19/Feb/2018:14:10:20 -0500] "GET /2008/05/30/accidente-aereo-avion-de-taca-se-sale-de-pista-en-honduras/ HTTP/1.0" 404 1291 "-" "Mozilla/5.0 (compatible; SemrushBot/1.2~bl; +http://www.semrush.com/bot.html)"
162.158.78.56 - - [19/Feb/2018:14:10:31 -0500] "GET /seccion/hoteles-en-isla-de-margarita/ HTTP/1.0" 404 1291 "-" "Mozilla/5.0 (compatible; SemrushBot/1.2~bl; +http://www.semrush.com/bot.html)"
172.68.65.94 - - [19/Feb/2018:14:11:16 -0500] "GET /tag/avion/page/3/ HTTP/1.0" 404 1291 "-" "Mozilla/5.0 (compatible; SemrushBot/1.2~bl; +http://www.semrush.com/bot.html)"
162.158.79.147 - - [19/Feb/2018:14:11:21 -0500] "GET /tag/primera/ HTTP/1.0" 404 1291 "-" "Mozilla/5.0 (compatible; SemrushBot/1.2~bl; +http://www.semrush.com/bot.html)"
172.68.174.32 - - [19/Feb/2018:14:11:42 -0500] "GET /2008/01/10/aeropostal-nelson-ramiz-deja-presidencia-y-abelardo-valino-asume/amp HTTP/1.0" 404 1291 "-" "Mozilla/5.0 (compatible; Googlebot/2.1; +http://www.google.com/bot.html)"
162.158.78.56 - - [19/Feb/2018:14:11:49 -0500] "GET /tag/cruceros/ HTTP/1.0" 404 1291 "-" "Mozilla/5.0 (compatible; SemrushBot/1.2~bl; +http://www.semrush.com/bot.html)"
162.158.78.56 - - [19/Feb/2018:14:12:05 -0500] "GET /seccion/isla-de-margarita/ HTTP/1.0" 404 1291 "-" "Mozilla/5.0 (compatible; SemrushBot/1.2~bl; +http://www.semrush.com/bot.html)"
162.158.78.140 - - [19/Feb/2018:14:12:24 -0500] "GET /tag/viajero-frecuente/ HTTP/1.0" 404 1291 "-" "Mozilla/5.0 (compatible; SemrushBot/1.2~bl; +http://www.semrush.com/bot.html)"
172.68.65.190 - - [19/Feb/2018:14:12:39 -0500] "GET /2013/04/08/el-cambio-climatico-hara-que-turbulencias-en-los-aviones-sean-mas-fuertes/ HTTP/1.0" 404 1291 "-" "Mozilla/5.0 (compatible; SemrushBot/1.2~bl; +http://www.semrush.com/bot.html)"
172.69.62.74 - - [19/Feb/2018:14:12:58 -0500] "GET /2005/09/21/hoteles-se-apresuran-a-abrir-para-reconstruccion-tras-katrina/ HTTP/1.0" 404 2673 "-" "Mozilla/5.0 (compatible; SemrushBot/1.2~bl; +http://www.semrush.com/bot.html)"
